Archive member included because of file (symbol)

c:/program files/sloeber/arduinoplugin/packages/arduino/tools/arm-none-eabi-gcc/4.8.3-2014q1/bin/../lib/gcc/arm-none-eabi/4.8.3/../../../../arm-none-eabi/lib/armv6-m\libm.a(lib_a-w_pow.o)
                              .\libraries\SparkFun_BME280\src\SparkFunBME280.cpp.o (pow)
c:/program files/sloeber/arduinoplugin/packages/arduino/tools/arm-none-eabi-gcc/4.8.3-2014q1/bin/../lib/gcc/arm-none-eabi/4.8.3/../../../../arm-none-eabi/lib/armv6-m\libm.a(lib_a-e_pow.o)
                              c:/program files/sloeber/arduinoplugin/packages/arduino/tools/arm-none-eabi-gcc/4.8.3-2014q1/bin/../lib/gcc/arm-none-eabi/4.8.3/../../../../arm-none-eabi/lib/armv6-m\libm.a(lib_a-w_pow.o) (__ieee754_pow)
c:/program files/sloeber/arduinoplugin/packages/arduino/tools/arm-none-eabi-gcc/4.8.3-2014q1/bin/../lib/gcc/arm-none-eabi/4.8.3/../../../../arm-none-eabi/lib/armv6-m\libm.a(lib_a-e_sqrt.o)
                              c:/program files/sloeber/arduinoplugin/packages/arduino/tools/arm-none-eabi-gcc/4.8.3-2014q1/bin/../lib/gcc/arm-none-eabi/4.8.3/../../../../arm-none-eabi/lib/armv6-m\libm.a(lib_a-e_pow.o) (__ieee754_sqrt)
c:/program files/sloeber/arduinoplugin/packages/arduino/tools/arm-none-eabi-gcc/4.8.3-2014q1/bin/../lib/gcc/arm-none-eabi/4.8.3/../../../../arm-none-eabi/lib/armv6-m\libm.a(lib_a-s_fabs.o)
                              c:/program files/sloeber/arduinoplugin/packages/arduino/tools/arm-none-eabi-gcc/4.8.3-2014q1/bin/../lib/gcc/arm-none-eabi/4.8.3/../../../../arm-none-eabi/lib/armv6-m\libm.a(lib_a-e_pow.o) (fabs)
c:/program files/sloeber/arduinoplugin/packages/arduino/tools/arm-none-eabi-gcc/4.8.3-2014q1/bin/../lib/gcc/arm-none-eabi/4.8.3/../../../../arm-none-eabi/lib/armv6-m\libm.a(lib_a-s_finite.o)
                              c:/program files/sloeber/arduinoplugin/packages/arduino/tools/arm-none-eabi-gcc/4.8.3-2014q1/bin/../lib/gcc/arm-none-eabi/4.8.3/../../../../arm-none-eabi/lib/armv6-m\libm.a(lib_a-w_pow.o) (finite)
c:/program files/sloeber/arduinoplugin/packages/arduino/tools/arm-none-eabi-gcc/4.8.3-2014q1/bin/../lib/gcc/arm-none-eabi/4.8.3/../../../../arm-none-eabi/lib/armv6-m\libm.a(lib_a-s_fpclassify.o)
                              c:/program files/sloeber/arduinoplugin/packages/arduino/tools/arm-none-eabi-gcc/4.8.3-2014q1/bin/../lib/gcc/arm-none-eabi/4.8.3/../../../../arm-none-eabi/lib/armv6-m\libm.a(lib_a-w_pow.o) (__fpclassifyd)
c:/program files/sloeber/arduinoplugin/packages/arduino/tools/arm-none-eabi-gcc/4.8.3-2014q1/bin/../lib/gcc/arm-none-eabi/4.8.3/../../../../arm-none-eabi/lib/armv6-m\libm.a(lib_a-s_lib_ver.o)
                              c:/program files/sloeber/arduinoplugin/packages/arduino/tools/arm-none-eabi-gcc/4.8.3-2014q1/bin/../lib/gcc/arm-none-eabi/4.8.3/../../../../arm-none-eabi/lib/armv6-m\libm.a(lib_a-w_pow.o) (__fdlib_version)
c:/program files/sloeber/arduinoplugin/packages/arduino/tools/arm-none-eabi-gcc/4.8.3-2014q1/bin/../lib/gcc/arm-none-eabi/4.8.3/../../../../arm-none-eabi/lib/armv6-m\libm.a(lib_a-s_matherr.o)
                              c:/program files/sloeber/arduinoplugin/packages/arduino/tools/arm-none-eabi-gcc/4.8.3-2014q1/bin/../lib/gcc/arm-none-eabi/4.8.3/../../../../arm-none-eabi/lib/armv6-m\libm.a(lib_a-w_pow.o) (matherr)
c:/program files/sloeber/arduinoplugin/packages/arduino/tools/arm-none-eabi-gcc/4.8.3-2014q1/bin/../lib/gcc/arm-none-eabi/4.8.3/../../../../arm-none-eabi/lib/armv6-m\libm.a(lib_a-s_nan.o)
                              c:/program files/sloeber/arduinoplugin/packages/arduino/tools/arm-none-eabi-gcc/4.8.3-2014q1/bin/../lib/gcc/arm-none-eabi/4.8.3/../../../../arm-none-eabi/lib/armv6-m\libm.a(lib_a-e_pow.o) (nan)
c:/program files/sloeber/arduinoplugin/packages/arduino/tools/arm-none-eabi-gcc/4.8.3-2014q1/bin/../lib/gcc/arm-none-eabi/4.8.3/../../../../arm-none-eabi/lib/armv6-m\libm.a(lib_a-s_rint.o)
                              c:/program files/sloeber/arduinoplugin/packages/arduino/tools/arm-none-eabi-gcc/4.8.3-2014q1/bin/../lib/gcc/arm-none-eabi/4.8.3/../../../../arm-none-eabi/lib/armv6-m\libm.a(lib_a-w_pow.o) (rint)
c:/program files/sloeber/arduinoplugin/packages/arduino/tools/arm-none-eabi-gcc/4.8.3-2014q1/bin/../lib/gcc/arm-none-eabi/4.8.3/../../../../arm-none-eabi/lib/armv6-m\libm.a(lib_a-s_scalbn.o)
                              c:/program files/sloeber/arduinoplugin/packages/arduino/tools/arm-none-eabi-gcc/4.8.3-2014q1/bin/../lib/gcc/arm-none-eabi/4.8.3/../../../../arm-none-eabi/lib/armv6-m\libm.a(lib_a-e_pow.o) (scalbn)
c:/program files/sloeber/arduinoplugin/packages/arduino/tools/arm-none-eabi-gcc/4.8.3-2014q1/bin/../lib/gcc/arm-none-eabi/4.8.3/../../../../arm-none-eabi/lib/armv6-m\libm.a(lib_a-s_copysign.o)
                              c:/program files/sloeber/arduinoplugin/packages/arduino/tools/arm-none-eabi-gcc/4.8.3-2014q1/bin/../lib/gcc/arm-none-eabi/4.8.3/../../../../arm-none-eabi/lib/armv6-m\libm.a(lib_a-s_scalbn.o) (copysign)
[...]
Memory Configuration

Name             Origin             Length             Attributes
FLASH            0x00002000         0x0003e000         xr
RAM              0x20000000         0x00008000         xrw
*default*        0x00000000         0xffffffff

Linker script and memory map

LOAD c:/program files/sloeber/arduinoplugin/packages/arduino/tools/arm-none-eabi-gcc/4.8.3-2014q1/bin/../lib/gcc/arm-none-eabi/4.8.3/armv6-m/crti.o
LOAD c:/program files/sloeber/arduinoplugin/packages/arduino/tools/arm-none-eabi-gcc/4.8.3-2014q1/bin/../lib/gcc/arm-none-eabi/4.8.3/armv6-m/crtbegin.o
LOAD c:/program files/sloeber/arduinoplugin/packages/arduino/tools/arm-none-eabi-gcc/4.8.3-2014q1/bin/../lib/gcc/arm-none-eabi/4.8.3/../../../../arm-none-eabi/lib/armv6-m/crt0.o
LOAD .\sloeber.ino.cpp.o
LOAD .\libraries\Wire\Wire.cpp.o
LOAD .\libraries\SparkFun_BME280\src\SparkFunBME280.cpp.o
LOAD .\libraries\SPI\SPI.cpp.o
LOAD .\libraries\RTCZero\src\RTCZero.cpp.o
LOAD .\libraries\OneWire\OneWire.cpp.o
LOAD .\libraries\DallasTemperature\DallasTemperature.cpp.o
LOAD .\libraries\ClosedCube_OPT3001\src\ClosedCube_OPT3001.cpp.o
LOAD .\libraries\Adafruit_SleepyDog_Library\utility\WatchdogAVR.cpp.o
LOAD .\libraries\Adafruit_SleepyDog_Library\utility\WatchdogKinetisK.cpp.o
LOAD .\libraries\Adafruit_SleepyDog_Library\utility\WatchdogKinetisL.cpp.o
LOAD .\libraries\Adafruit_SleepyDog_Library\utility\WatchdogSAMD.cpp.o
LOAD .\libraries\Adafruit_SleepyDog_Library\Adafruit_SleepyDog.cpp.o
LOAD .\libraries\Adafruit_HTU21DF_Library\Adafruit_HTU21DF.cpp.o
LOAD .\arduinoLoRaWAN\arduinoLoRaWAN.cpp.o
LOAD .\arduinoLoRaWAN\configLoRaWAN.cpp.o
LOAD .\arduino-api\arduinoUART.cpp.o
LOAD .\Adafruit_ASFcore\interrupt\interrupt_sam_nvic.c.o
LOAD .\Adafruit_ASFcore\gclk.c.o
LOAD .\Adafruit_ASFcore\i2s.c.o
LOAD .\Adafruit_ASFcore\pinmux.c.o
LOAD .\Adafruit_ASFcore\system.c.o
LOAD .\Adafruit_ASFcore\tc.c.o
LOAD .\Adafruit_ASFcore\tc_interrupt.c.o
LOAD .\Adafruit_ASFcore\wdt.c.o
START GROUP
LOAD C:\Program Files\sloeber\/arduinoPlugin/packages/arduino/tools/CMSIS/4.5.0/CMSIS/Lib/GCC/\libarm_cortexM0l_math.a
LOAD c:/program files/sloeber/arduinoplugin/packages/arduino/tools/arm-none-eabi-gcc/4.8.3-2014q1/bin/../lib/gcc/arm-none-eabi/4.8.3/../../../../arm-none-eabi/lib/armv6-m\libm.a
LOAD C:/Users/Emanuele/Documents/sloeber-workspace/Modem1/Release/arduino.ar
END GROUP
START GROUP
LOAD c:/program files/sloeber/arduinoplugin/packages/arduino/tools/arm-none-eabi-gcc/4.8.3-2014q1/bin/../lib/gcc/arm-none-eabi/4.8.3/armv6-m\libgcc.a
LOAD c:/program files/sloeber/arduinoplugin/packages/arduino/tools/arm-none-eabi-gcc/4.8.3-2014q1/bin/../lib/gcc/arm-none-eabi/4.8.3/../../../../arm-none-eabi/lib/armv6-m\libc_s.a
END GROUP
START GROUP
LOAD c:/program files/sloeber/arduinoplugin/packages/arduino/tools/arm-none-eabi-gcc/4.8.3-2014q1/bin/../lib/gcc/arm-none-eabi/4.8.3/armv6-m\libgcc.a
LOAD c:/program files/sloeber/arduinoplugin/packages/arduino/tools/arm-none-eabi-gcc/4.8.3-2014q1/bin/../lib/gcc/arm-none-eabi/4.8.3/../../../../arm-none-eabi/lib/armv6-m\libc_s.a
LOAD c:/program files/sloeber/arduinoplugin/packages/arduino/tools/arm-none-eabi-gcc/4.8.3-2014q1/bin/../lib/gcc/arm-none-eabi/4.8.3/../../../../arm-none-eabi/lib/armv6-m\libnosys.a
END GROUP
START GROUP
LOAD c:/program files/sloeber/arduinoplugin/packages/arduino/tools/arm-none-eabi-gcc/4.8.3-2014q1/bin/../lib/gcc/arm-none-eabi/4.8.3/armv6-m\libgcc.a
LOAD c:/program files/sloeber/arduinoplugin/packages/arduino/tools/arm-none-eabi-gcc/4.8.3-2014q1/bin/../lib/gcc/arm-none-eabi/4.8.3/../../../../arm-none-eabi/lib/armv6-m\libc_s.a
LOAD c:/program files/sloeber/arduinoplugin/packages/arduino/tools/arm-none-eabi-gcc/4.8.3-2014q1/bin/../lib/gcc/arm-none-eabi/4.8.3/../../../../arm-none-eabi/lib/armv6-m\libnosys.a
END GROUP
LOAD c:/program files/sloeber/arduinoplugin/packages/arduino/tools/arm-none-eabi-gcc/4.8.3-2014q1/bin/../lib/gcc/arm-none-eabi/4.8.3/armv6-m/crtend.o
LOAD c:/program files/sloeber/arduinoplugin/packages/arduino/tools/arm-none-eabi-gcc/4.8.3-2014q1/bin/../lib/gcc/arm-none-eabi/4.8.3/armv6-m/crtn.o

.text           0x00002000     0xd8d0
                0x00002000                __text_start__ = .
 *(.sketch_boot)
                0x00002000                . = ALIGN (0x2000)
 *(.isr_vector)
 .isr_vector    0x00002000       0xb4 C:/Users/Emanuele/Documents/sloeber-workspace/Modem1/Release/arduino.ar(cortex_handlers.c.o)
                0x00002000                exception_table
 *(.text*)
 .text          0x000020b4       0x60 c:/program files/sloeber/arduinoplugin/packages/arduino/tools/arm-none-eabi-gcc/4.8.3-2014q1/bin/../lib/gcc/arm-none-eabi/4.8.3/armv6-m/crtbegin.o
 .text._Z10alarmMatchv
                0x00002114        0x2 .\sloeber.ino.cpp.o
                0x00002114                alarmMatch()
 *fill*         0x00002116        0x2 
 .text._Z12printAddressPh
                0x00002118       0x30 .\sloeber.ino.cpp.o
                0x00002118                printAddress(unsigned char*)
 .text.startup._GLOBAL__sub_I_rtc
                0x00002148       0x48 .\sloeber.ino.cpp.o
 .text.setup    0x00002190      0x234 .\sloeber.ino.cpp.o
                0x00002190                setup
 *fill*         0x000023c4        0x4 
 .text.loop     0x000023c8      0x968 .\sloeber.ino.cpp.o
                0x000023c8                loop
 .text._ZN7TwoWire5writeEPKhj
                0x00002d30       0x24 .\libraries\Wire\Wire.cpp.o
                0x00002d30                TwoWire::write(unsigned char const*, unsigned int)
 .text._ZN7TwoWire5flushEv
                0x00002d54        0x2 .\libraries\Wire\Wire.cpp.o
                0x00002d54                TwoWire::flush()
 .text._ZN7TwoWire4readEv
                0x00002d56        0xa .\libraries\Wire\Wire.cpp.o
                0x00002d56                TwoWire::read()
 .text._ZN7TwoWire9availableEv
                0x00002d60        0xa .\libraries\Wire\Wire.cpp.o
                0x00002d60                TwoWire::available()
 .text._ZN7TwoWire5writeEh
                0x00002d6a       0x28 .\libraries\Wire\Wire.cpp.o
                0x00002d6a                TwoWire::write(unsigned char)
 .text._ZN7TwoWire4peekEv
                0x00002d92        0xa .\libraries\Wire\Wire.cpp.o
                0x00002d92                TwoWire::peek()
 .text._ZN7TwoWireC2EP6SERCOMhh
                0x00002d9c       0x3c .\libraries\Wire\Wire.cpp.o
                0x00002d9c                TwoWire::TwoWire(SERCOM*, unsigned char, unsigned char)
                0x00002d9c                TwoWire::TwoWire(SERCOM*, unsigned char, unsigned char)
 .text._ZN7TwoWire5beginEv
                0x00002dd8       0x40 .\libraries\Wire\Wire.cpp.o
                0x00002dd8                TwoWire::begin()
 .text._ZN7TwoWire11requestFromEhjb
                0x00002e18       0x76 .\libraries\Wire\Wire.cpp.o
                0x00002e18                TwoWire::requestFrom(unsigned char, unsigned int, bool)
 .text._ZN7TwoWire11requestFromEhj
                0x00002e8e        0xa .\libraries\Wire\Wire.cpp.o
                0x00002e8e                TwoWire::requestFrom(unsigned char, unsigned int)
 .text._ZN7TwoWire17beginTransmissionEh
                0x00002e98       0x16 .\libraries\Wire\Wire.cpp.o
                0x00002e98                TwoWire::beginTransmission(unsigned char)
 .text._ZN7TwoWire15endTransmissionEb
                0x00002eae       0x66 .\libraries\Wire\Wire.cpp.o
                0x00002eae                TwoWire::endTransmission(bool)
 .text._ZN7TwoWire15endTransmissionEv
                0x00002f14        0xa .\libraries\Wire\Wire.cpp.o
                0x00002f14                TwoWire::endTransmission()
 .text._ZN7TwoWire9onServiceEv
                0x00002f1e      0x104 .\libraries\Wire\Wire.cpp.o
                0x00002f1e                TwoWire::onService()
 *fill*         0x00003022        0x2 
 .text.SERCOM3_Handler
                0x00003024       0x10 .\libraries\Wire\Wire.cpp.o
                0x00003024                SERCOM3_Handler
 .text.startup._GLOBAL__sub_I__ZN7TwoWireC2EP6SERCOMhh
                0x00003034       0x18 .\libraries\Wire\Wire.cpp.o
 .text._ZN6BME280C2Ev
                0x0000304c       0x16 .\libraries\SparkFun_BME280\src\SparkFunBME280.cpp.o
                0x0000304c                BME280::BME280()
                0x0000304c                BME280::BME280()
 *fill*         0x00003062        0x2 
 .text._ZN6BME28013writeRegisterEhh
                0x00003064       0x60 .\libraries\SparkFun_BME280\src\SparkFunBME280.cpp.o
                0x00003064                BME280::writeRegister(unsigned char, unsigned char)
 .text._ZN6BME28012readRegisterEh
                0x000030c4       0x7c .\libraries\SparkFun_BME280\src\SparkFunBME280.cpp.o
                0x000030c4                BME280::readRegister(unsigned char)
 .text._ZN6BME2805beginEv
                0x00003140      0x23c .\libraries\SparkFun_BME280\src\SparkFunBME280.cpp.o
                0x00003140                BME280::begin()
 *fill*         0x0000337c        0x4 
 .text._ZN6BME28017readFloatPressureEv
                0x00003380      0x1c0 .\libraries\SparkFun_BME280\src\SparkFunBME280.cpp.o
                0x00003380                BME280::readFloatPressure()
 .text._ZN6BME28017readFloatHumidityEv
                0x00003540       0xa0 .\libraries\SparkFun_BME280\src\SparkFunBME280.cpp.o
                0x00003540                BME280::readFloatHumidity()
 .text._ZN6BME2809readTempCEv
                0x000035e0       0x64 .\libraries\SparkFun_BME280\src\SparkFunBME280.cpp.o
                0x000035e0                BME280::readTempC()
 .text._ZN8SPIClass4initEv
                0x00003644       0x12 .\libraries\SPI\SPI.cpp.o
                0x00003644                SPIClass::init()
 .text._ZN8SPIClass6configE11SPISettings
                0x00003656       0x36 .\libraries\SPI\SPI.cpp.o
                0x00003656                SPIClass::config(SPISettings)
 .text._ZN8SPIClass5beginEv
                0x0000368c       0x50 .\libraries\SPI\SPI.cpp.o
                0x0000368c                SPIClass::begin()
 .text._ZN8SPIClass11setBitOrderE8BitOrder
                0x000036dc       0x14 .\libraries\SPI\SPI.cpp.o
                0x000036dc                SPIClass::setBitOrder(BitOrder)
 .text._ZN8SPIClass11setDataModeEh
                0x000036f0       0x30 .\libraries\SPI\SPI.cpp.o
                0x000036f0                SPIClass::setDataMode(unsigned char)
 .text._ZN8SPIClass15setClockDividerEh
                0x00003720       0x10 .\libraries\SPI\SPI.cpp.o
                0x00003720                SPIClass::setClockDivider(unsigned char)
 .text._ZN8SPIClass8transferEh
                0x00003730        0xa .\libraries\SPI\SPI.cpp.o
                0x00003730                SPIClass::transfer(unsigned char)
 *fill*         0x0000373a        0x2 
 .text.startup._GLOBAL__sub_I__ZN8SPIClassC2EP6SERCOMhhh14SercomSpiTXPad11SercomRXPad
                0x0000373c       0x38 .\libraries\SPI\SPI.cpp.o
 .text._ZN7RTCZeroC2Ev
                0x00003774        0x6 .\libraries\RTCZero\src\RTCZero.cpp.o
                0x00003774                RTCZero::RTCZero()
                0x00003774                RTCZero::RTCZero()
 *fill*         0x0000377a        0x2 
 .text.RTC_Handler
                0x0000377c       0x1c .\libraries\RTCZero\src\RTCZero.cpp.o
                0x0000377c                RTC_Handler
 .text._ZN7RTCZero11enableAlarmENS_11Alarm_MatchE
                0x00003798       0x24 .\libraries\RTCZero\src\RTCZero.cpp.o
                0x00003798                RTCZero::enableAlarm(RTCZero::Alarm_Match)
 .text._ZN7RTCZero12disableAlarmEv
                0x000037bc       0x1c .\libraries\RTCZero\src\RTCZero.cpp.o
                0x000037bc                RTCZero::disableAlarm()
 .text._ZN7RTCZero15attachInterruptEPFvvE
                0x000037d8        0xc .\libraries\RTCZero\src\RTCZero.cpp.o
                0x000037d8                RTCZero::attachInterrupt(void (*)())
 .text._ZN7RTCZero11standbyModeEv
                0x000037e4       0x14 .\libraries\RTCZero\src\RTCZero.cpp.o
                0x000037e4                RTCZero::standbyMode()
 .text._ZN7RTCZero15getAlarmSecondsEv
                0x000037f8       0x10 .\libraries\RTCZero\src\RTCZero.cpp.o
                0x000037f8                RTCZero::getAlarmSeconds()
 .text._ZN7RTCZero15getAlarmMinutesEv
                0x00003808       0x10 .\libraries\RTCZero\src\RTCZero.cpp.o
                0x00003808                RTCZero::getAlarmMinutes()
 .text._ZN7RTCZero13getAlarmHoursEv
                0x00003818       0x10 .\libraries\RTCZero\src\RTCZero.cpp.o
                0x00003818                RTCZero::getAlarmHours()
 .text._ZN7RTCZero11getAlarmDayEv
                0x00003828       0x10 .\libraries\RTCZero\src\RTCZero.cpp.o
                0x00003828                RTCZero::getAlarmDay()
 .text._ZN7RTCZero13getAlarmMonthEv
                0x00003838       0x10 .\libraries\RTCZero\src\RTCZero.cpp.o
                0x00003838                RTCZero::getAlarmMonth()
 .text._ZN7RTCZero12getAlarmYearEv
                0x00003848        0xc .\libraries\RTCZero\src\RTCZero.cpp.o
                0x00003848                RTCZero::getAlarmYear()
 .text._ZN7RTCZero10setSecondsEh
                0x00003854       0x24 .\libraries\RTCZero\src\RTCZero.cpp.o
                0x00003854                RTCZero::setSeconds(unsigned char)
 .text._ZN7RTCZero10setMinutesEh
                0x00003878       0x28 .\libraries\RTCZero\src\RTCZero.cpp.o
                0x00003878                RTCZero::setMinutes(unsigned char)
 .text._ZN7RTCZero8setHoursEh
                0x000038a0       0x28 .\libraries\RTCZero\src\RTCZero.cpp.o
                0x000038a0                RTCZero::setHours(unsigned char)
 .text._ZN7RTCZero7setTimeEhhh
                0x000038c8       0x26 .\libraries\RTCZero\src\RTCZero.cpp.o
                0x000038c8                RTCZero::setTime(unsigned char, unsigned char, unsigned char)
 *fill*         0x000038ee        0x2 
 .text._ZN7RTCZero6setDayEh
                0x000038f0       0x28 .\libraries\RTCZero\src\RTCZero.cpp.o
                0x000038f0                RTCZero::setDay(unsigned char)
 .text._ZN7RTCZero8setMonthEh
                0x00003918       0x28 .\libraries\RTCZero\src\RTCZero.cpp.o
                0x00003918                RTCZero::setMonth(unsigned char)
 .text._ZN7RTCZero7setYearEh
                0x00003940       0x20 .\libraries\RTCZero\src\RTCZero.cpp.o
                0x00003940                RTCZero::setYear(unsigned char)
 .text._ZN7RTCZero7setDateEhhh
                0x00003960       0x24 .\libraries\RTCZero\src\RTCZero.cpp.o
                0x00003960                RTCZero::setDate(unsigned char, unsigned char, unsigned char)
 .text._ZN7RTCZero15setAlarmSecondsEh
                0x00003984       0x24 .\libraries\RTCZero\src\RTCZero.cpp.o
                0x00003984                RTCZero::setAlarmSeconds(unsigned char)
 .text._ZN7RTCZero14configureClockEv
                0x000039a8       0x3c .\libraries\RTCZero\src\RTCZero.cpp.o
                0x000039a8                RTCZero::configureClock()
 .text._ZN7RTCZero14RTCreadRequestEv
                0x000039e4       0x1c .\libraries\RTCZero\src\RTCZero.cpp.o
                0x000039e4                RTCZero::RTCreadRequest()
 .text._ZN7RTCZero10getSecondsEv
                0x00003a00       0x14 .\libraries\RTCZero\src\RTCZero.cpp.o
                0x00003a00                RTCZero::getSeconds()
 .text._ZN7RTCZero10getMinutesEv
                0x00003a14       0x14 .\libraries\RTCZero\src\RTCZero.cpp.o
                0x00003a14                RTCZero::getMinutes()
 .text._ZN7RTCZero8getHoursEv
                0x00003a28       0x14 .\libraries\RTCZero\src\RTCZero.cpp.o
                0x00003a28                RTCZero::getHours()
 .text._ZN7RTCZero6getDayEv
                0x00003a3c       0x14 .\libraries\RTCZero\src\RTCZero.cpp.o
                0x00003a3c                RTCZero::getDay()
 .text._ZN7RTCZero8getMonthEv
                0x00003a50       0x14 .\libraries\RTCZero\src\RTCZero.cpp.o
                0x00003a50                RTCZero::getMonth()
 .text._ZN7RTCZero7getYearEv
                0x00003a64       0x14 .\libraries\RTCZero\src\RTCZero.cpp.o
                0x00003a64                RTCZero::getYear()
 .text._ZN7RTCZero10RTCdisableEv
                0x00003a78       0x18 .\libraries\RTCZero\src\RTCZero.cpp.o
                0x00003a78                RTCZero::RTCdisable()
 .text._ZN7RTCZero9RTCenableEv
                0x00003a90       0x18 .\libraries\RTCZero\src\RTCZero.cpp.o
                0x00003a90                RTCZero::RTCenable()
 .text._ZN7RTCZero8RTCresetEv
                0x00003aa8       0x18 .\libraries\RTCZero\src\RTCZero.cpp.o
                0x00003aa8                RTCZero::RTCreset()
 .text._ZN7RTCZero14RTCresetRemoveEv
                0x00003ac0       0x18 .\libraries\RTCZero\src\RTCZero.cpp.o
                0x00003ac0                RTCZero::RTCresetRemove()
 .text._ZN7RTCZero5beginEb
                0x00003ad8       0xd0 .\libraries\RTCZero\src\RTCZero.cpp.o
                0x00003ad8                RTCZero::begin(bool)
 .text._ZN7OneWire5resetEv
                0x00003ba8       0x52 .\libraries\OneWire\OneWire.cpp.o
                0x00003ba8                OneWire::reset()
 .text._ZN7OneWire9write_bitEh
                0x00003bfa       0x36 .\libraries\OneWire\OneWire.cpp.o
                0x00003bfa                OneWire::write_bit(unsigned char)
 .text._ZN7OneWire8read_bitEv
                0x00003c30       0x2e .\libraries\OneWire\OneWire.cpp.o
                0x00003c30                OneWire::read_bit()
 .text._ZN7OneWire5writeEhh
                0x00003c5e       0x3c .\libraries\OneWire\OneWire.cpp.o
                0x00003c5e                OneWire::write(unsigned char, unsigned char)
 .text._ZN7OneWire4readEv
                0x00003c9a       0x24 .\libraries\OneWire\OneWire.cpp.o
                0x00003c9a                OneWire::read()
 .text._ZN7OneWire6selectEPKh
                0x00003cbe       0x22 .\libraries\OneWire\OneWire.cpp.o
                0x00003cbe                OneWire::select(unsigned char const*)
 .text._ZN7OneWire4skipEv
                0x00003ce0        0xc .\libraries\OneWire\OneWire.cpp.o
                0x00003ce0                OneWire::skip()
 .text._ZN7OneWire12reset_searchEv
                0x00003cec       0x1a .\libraries\OneWire\OneWire.cpp.o
                0x00003cec                OneWire::reset_search()
 *fill*         0x00003d06        0x2 
 .text._ZN7OneWireC2Eh
                0x00003d08       0x3c .\libraries\OneWire\OneWire.cpp.o
                0x00003d08                OneWire::OneWire(unsigned char)
                0x00003d08                OneWire::OneWire(unsigned char)
 .text._ZN7OneWire6searchEPhb
                0x00003d44       0xec .\libraries\OneWire\OneWire.cpp.o
                0x00003d44                OneWire::search(unsigned char*, bool)
 .text._ZN7OneWire4crc8EPKhh
                0x00003e30       0x20 .\libraries\OneWire\OneWire.cpp.o
                0x00003e30                OneWire::crc8(unsigned char const*, unsigned char)
 .text._ZN17DallasTemperature11validFamilyEPKh
                0x00003e50       0x22 .\libraries\DallasTemperature\DallasTemperature.cpp.o
                0x00003e50                DallasTemperature::validFamily(unsigned char const*)
 .text._ZN17DallasTemperature10setOneWireEP7OneWire
                0x00003e72       0x16 .\libraries\DallasTemperature\DallasTemperature.cpp.o
                0x00003e72                DallasTemperature::setOneWire(OneWire*)
 .text._ZN17DallasTemperatureC2EP7OneWire
                0x00003e88       0x10 .\libraries\DallasTemperature\DallasTemperature.cpp.o
                0x00003e88                DallasTemperature::DallasTemperature(OneWire*)
                0x00003e88                DallasTemperature::DallasTemperature(OneWire*)
 .text._ZN17DallasTemperature12validAddressEPKh
                0x00003e98       0x18 .\libraries\DallasTemperature\DallasTemperature.cpp.o
                0x00003e98                DallasTemperature::validAddress(unsigned char const*)
 .text._ZN17DallasTemperature10getAddressEPhh
                0x00003eb0       0x3a .\libraries\DallasTemperature\DallasTemperature.cpp.o
                0x00003eb0                DallasTemperature::getAddress(unsigned char*, unsigned char)
 .text._ZN17DallasTemperature14readScratchPadEPKhPh
                0x00003eea       0x46 .\libraries\DallasTemperature\DallasTemperature.cpp.o
                0x00003eea                DallasTemperature::readScratchPad(unsigned char const*, unsigned char*)
 .text._ZN17DallasTemperature11isConnectedEPKhPh
                0x00003f30       0x24 .\libraries\DallasTemperature\DallasTemperature.cpp.o
                0x00003f30                DallasTemperature::isConnected(unsigned char const*, unsigned char*)
 .text._ZN17DallasTemperature11isConnectedEPKh
                0x00003f54        0xc .\libraries\DallasTemperature\DallasTemperature.cpp.o
                0x00003f54                DallasTemperature::isConnected(unsigned char const*)
 .text._ZN17DallasTemperature15writeScratchPadEPKhS1_
                0x00003f60       0x76 .\libraries\DallasTemperature\DallasTemperature.cpp.o
                0x00003f60                DallasTemperature::writeScratchPad(unsigned char const*, unsigned char const*)
 .text._ZN17DallasTemperature15readPowerSupplyEPKh
                0x00003fd6       0x34 .\libraries\DallasTemperature\DallasTemperature.cpp.o
                0x00003fd6                DallasTemperature::readPowerSupply(unsigned char const*)
 .text._ZN17DallasTemperature13getResolutionEPKh
                0x0000400a       0x40 .\libraries\DallasTemperature\DallasTemperature.cpp.o
                0x0000400a                DallasTemperature::getResolution(unsigned char const*)
 .text._ZN17DallasTemperature5beginEv
                0x0000404a       0x78 .\libraries\DallasTemperature\DallasTemperature.cpp.o
                0x0000404a                DallasTemperature::begin()
 .text._ZN17DallasTemperature13setResolutionEPKhhb
                0x000040c2       0xb6 .\libraries\DallasTemperature\DallasTemperature.cpp.o
                0x000040c2                DallasTemperature::setResolution(unsigned char const*, unsigned char, bool)
 .text._ZN17DallasTemperature20isConversionCompleteEv
                0x00004178       0x12 .\libraries\DallasTemperature\DallasTemperature.cpp.o
                0x00004178                DallasTemperature::isConversionComplete()
 *fill*         0x0000418a        0x2 
 .text._ZN17DallasTemperature27blockTillConversionCompleteEh
                0x0000418c       0x50 .\libraries\DallasTemperature\DallasTemperature.cpp.o
                0x0000418c                DallasTemperature::blockTillConversionComplete(unsigned char)
 .text._ZN17DallasTemperature19requestTemperaturesEv
                0x000041dc       0x2a .\libraries\DallasTemperature\DallasTemperature.cpp.o
                0x000041dc                DallasTemperature::requestTemperatures()
 .text._ZN17DallasTemperature20calculateTemperatureEPKhPh
                0x00004206       0x30 .\libraries\DallasTemperature\DallasTemperature.cpp.o
                0x00004206                DallasTemperature::calculateTemperature(unsigned char const*, unsigned char*)
 *fill*         0x00004236        0x2 
 .text._ZN17DallasTemperature7getTempEPKh
                0x00004238       0x2c .\libraries\DallasTemperature\DallasTemperature.cpp.o
                0x00004238                DallasTemperature::getTemp(unsigned char const*)
 .text._ZN17DallasTemperature12rawToCelsiusEs
                0x00004264       0x24 .\libraries\DallasTemperature\DallasTemperature.cpp.o
                0x00004264                DallasTemperature::rawToCelsius(short)
 .text._ZN17DallasTemperature8getTempCEPKh
                0x00004288        0xc .\libraries\DallasTemperature\DallasTemperature.cpp.o
                0x00004288                DallasTemperature::getTempC(unsigned char const*)
 .text._ZN7TwoWire5writeEi
                0x00004294        0xc .\libraries\ClosedCube_OPT3001\src\ClosedCube_OPT3001.cpp.o
                0x00004294                TwoWire::write(int)
 .text._ZN18ClosedCube_OPT3001C2Ev
                0x000042a0        0x2 .\libraries\ClosedCube_OPT3001\src\ClosedCube_OPT3001.cpp.o
                0x000042a0                ClosedCube_OPT3001::ClosedCube_OPT3001()
                0x000042a0                ClosedCube_OPT3001::ClosedCube_OPT3001()
 *fill*         0x000042a2        0x2 
 .text._ZN18ClosedCube_OPT30015beginEh
                0x000042a4       0x14 .\libraries\ClosedCube_OPT3001\src\ClosedCube_OPT3001.cpp.o
                0x000042a4                ClosedCube_OPT3001::begin(unsigned char)
 .text._ZN18ClosedCube_OPT300111writeConfigE14OPT3001_Config
                0x000042b8       0x3c .\libraries\ClosedCube_OPT3001\src\ClosedCube_OPT3001.cpp.o
                0x000042b8                ClosedCube_OPT3001::writeConfig(OPT3001_Config)
 .text._ZN18ClosedCube_OPT30019writeDataE16OPT3001_Commands
                0x000042f4       0x2c .\libraries\ClosedCube_OPT3001\src\ClosedCube_OPT3001.cpp.o
                0x000042f4                ClosedCube_OPT3001::writeData(OPT3001_Commands)
 .text._ZN18ClosedCube_OPT30018readDataEPt
                0x00004320       0x4c .\libraries\ClosedCube_OPT3001\src\ClosedCube_OPT3001.cpp.o
                0x00004320                ClosedCube_OPT3001::readData(unsigned short*)
 *fill*         0x0000436c        0x4 
 .text._ZN18ClosedCube_OPT300112readRegisterE16OPT3001_Commands
                0x00004370       0xa0 .\libraries\ClosedCube_OPT3001\src\ClosedCube_OPT3001.cpp.o
                0x00004370                ClosedCube_OPT3001::readRegister(OPT3001_Commands)
 .text._ZN18ClosedCube_OPT300110readResultEv
                0x00004410        0xe .\libraries\ClosedCube_OPT3001\src\ClosedCube_OPT3001.cpp.o
                0x00004410                ClosedCube_OPT3001::readResult()
 *fill*         0x0000441e        0x2 
 .text._ZN12WatchdogSAMD5resetEv
                0x00004420       0x14 .\libraries\Adafruit_SleepyDog_Library\utility\WatchdogSAMD.cpp.o
                0x00004420                WatchdogSAMD::reset()
 .text._ZN12WatchdogSAMD7disableEv
                0x00004434       0x18 .\libraries\Adafruit_SleepyDog_Library\utility\WatchdogSAMD.cpp.o
                0x00004434                WatchdogSAMD::disable()
 .text.WDT_Handler
                0x0000444c       0x20 .\libraries\Adafruit_SleepyDog_Library\utility\WatchdogSAMD.cpp.o
                0x0000444c                WDT_Handler
 .text._ZN12WatchdogSAMD15_initialize_wdtEv
                0x0000446c       0x58 .\libraries\Adafruit_SleepyDog_Library\utility\WatchdogSAMD.cpp.o
                0x0000446c                WatchdogSAMD::_initialize_wdt()
 .text._ZN12WatchdogSAMD6enableEib
                0x000044c4      0x158 .\libraries\Adafruit_SleepyDog_Library\utility\WatchdogSAMD.cpp.o
                0x000044c4                WatchdogSAMD::enable(int, bool)
 .text.startup._GLOBAL__sub_I_Watchdog
                0x0000461c        0xc .\libraries\Adafruit_SleepyDog_Library\Adafruit_SleepyDog.cpp.o
 .text._ZN16Adafruit_HTU21DFC2Ev
                0x00004628        0x2 .\libraries\Adafruit_HTU21DF_Library\Adafruit_HTU21DF.cpp.o
                0x00004628                Adafruit_HTU21DF::Adafruit_HTU21DF()
                0x00004628                Adafruit_HTU21DF::Adafruit_HTU21DF()
 *fill*         0x0000462a        0x2 
 .text._ZN16Adafruit_HTU21DF5resetEv
                0x0000462c       0x28 .\libraries\Adafruit_HTU21DF_Library\Adafruit_HTU21DF.cpp.o
                0x0000462c                Adafruit_HTU21DF::reset()
 .text._ZN16Adafruit_HTU21DF5beginEv
                0x00004654       0x48 .\libraries\Adafruit_HTU21DF_Library\Adafruit_HTU21DF.cpp.o
                0x00004654                Adafruit_HTU21DF::begin()
 *fill*         0x0000469c        0x4 
 .text._ZN16Adafruit_HTU21DF15readTemperatureEv
                0x000046a0       0x98 .\libraries\Adafruit_HTU21DF_Library\Adafruit_HTU21DF.cpp.o
                0x000046a0                Adafruit_HTU21DF::readTemperature()
 .text._ZN16Adafruit_HTU21DF12readHumidityEv
                0x00004738       0x78 .\libraries\Adafruit_HTU21DF_Library\Adafruit_HTU21DF.cpp.o
                0x00004738                Adafruit_HTU21DF::readHumidity()
 .text._ZN14arduinoLoRaWAN11printAnswerEh
                0x000047b0       0x98 .\arduinoLoRaWAN\arduinoLoRaWAN.cpp.o
                0x000047b0                arduinoLoRaWAN::printAnswer(unsigned char)
 .text._ZN14arduinoLoRaWAN3OFFEh
                0x00004848        0xa .\arduinoLoRaWAN\arduinoLoRaWAN.cpp.o
                0x00004848                arduinoLoRaWAN::OFF(unsigned char)
 *fill*         0x00004852        0x2 
 .text._ZN14arduinoLoRaWAN5checkEv
                0x00004854       0xb0 .\arduinoLoRaWAN\arduinoLoRaWAN.cpp.o
                0x00004854                arduinoLoRaWAN::check()
 .text._ZN14arduinoLoRaWAN2ONEh
                0x00004904       0x32 .\arduinoLoRaWAN\arduinoLoRaWAN.cpp.o
                0x00004904                arduinoLoRaWAN::ON(unsigned char)
 *fill*         0x00004936        0x2 
 .text._ZN14arduinoLoRaWAN15setBatteryLevelEh
                0x00004938       0x7c .\arduinoLoRaWAN\arduinoLoRaWAN.cpp.o
                0x00004938                arduinoLoRaWAN::setBatteryLevel(unsigned char)
 .text._ZN14arduinoLoRaWAN11setDataRateEh
                0x000049b4       0xa4 .\arduinoLoRaWAN\arduinoLoRaWAN.cpp.o
                0x000049b4                arduinoLoRaWAN::setDataRate(unsigned char)
 .text._ZN14arduinoLoRaWAN8joinOTAAEv
                0x00004a58       0xd4 .\arduinoLoRaWAN\arduinoLoRaWAN.cpp.o
                0x00004a58                arduinoLoRaWAN::joinOTAA()
 .text._ZN14arduinoLoRaWAN13sendConfirmedEhPc
                0x00004b2c      0x1b0 .\arduinoLoRaWAN\arduinoLoRaWAN.cpp.o
                0x00004b2c                arduinoLoRaWAN::sendConfirmed(unsigned char, char*)
 .text._ZN14arduinoLoRaWAN6setADREPc
                0x00004cdc       0xc4 .\arduinoLoRaWAN\arduinoLoRaWAN.cpp.o
                0x00004cdc                arduinoLoRaWAN::setADR(char*)
 .text._ZN14arduinoLoRaWAN10setRetriesEh
                0x00004da0       0x80 .\arduinoLoRaWAN\arduinoLoRaWAN.cpp.o
                0x00004da0                arduinoLoRaWAN::setRetries(unsigned char)
 .text._ZN14arduinoLoRaWAN5sleepEy
                0x00004e20       0x74 .\arduinoLoRaWAN\arduinoLoRaWAN.cpp.o
                0x00004e20                arduinoLoRaWAN::sleep(unsigned long long)
 .text._ZN14arduinoLoRaWAN6wakeUPEv
                0x00004e94       0x58 .\arduinoLoRaWAN\arduinoLoRaWAN.cpp.o
                0x00004e94                arduinoLoRaWAN::wakeUP()
 .text.startup._GLOBAL__sub_I__ZN14arduinoLoRaWAN11printAnswerEh
                0x00004eec       0x30 .\arduinoLoRaWAN\arduinoLoRaWAN.cpp.o
 .text._ZN11arduinoUART4findEPhtPc
                0x00004f1c       0x3c .\arduino-api\arduinoUART.cpp.o
                0x00004f1c                arduinoUART::find(unsigned char*, unsigned short, char*)
 .text.beginSerial
                0x00004f58       0x24 .\arduino-api\arduinoUART.cpp.o
                0x00004f58                beginSerial
 .text._ZN11arduinoUART9beginUARTEv
                0x00004f7c        0xe .\arduino-api\arduinoUART.cpp.o
                0x00004f7c                arduinoUART::beginUART()
 *fill*         0x00004f8a        0x2 
 .text.closeSerial
                0x00004f8c       0x20 .\arduino-api\arduinoUART.cpp.o
                0x00004f8c                closeSerial
 .text._ZN11arduinoUART9closeUARTEv
                0x00004fac        0xa .\arduino-api\arduinoUART.cpp.o
                0x00004fac                arduinoUART::closeUART()
 *fill*         0x00004fb6        0x2 
 .text.serialWrite
                0x00004fb8       0x24 .\arduino-api\arduinoUART.cpp.o
                0x00004fb8                serialWrite
 .text.printString
                0x00004fdc       0x18 .\arduino-api\arduinoUART.cpp.o
                0x00004fdc                printString
 .text.serialAvailable
                0x00004ff4       0x20 .\arduino-api\arduinoUART.cpp.o
                0x00004ff4                serialAvailable
 .text.serialRead
                0x00005014       0x20 .\arduino-api\arduinoUART.cpp.o
                0x00005014                serialRead
 .text._ZN11arduinoUART7waitForEPcS0_S0_S0_m
                0x00005034       0xda .\arduino-api\arduinoUART.cpp.o
                0x00005034                arduinoUART::waitFor(char*, char*, char*, char*, unsigned long)
 .text._ZN11arduinoUART7waitForEPcm
                0x0000510e       0x10 .\arduino-api\arduinoUART.cpp.o
                0x0000510e                arduinoUART::waitFor(char*, unsigned long)
 .text._ZN11arduinoUART7waitForEPcS0_m
                0x0000511e       0x10 .\arduino-api\arduinoUART.cpp.o
                0x0000511e                arduinoUART::waitFor(char*, char*, unsigned long)
 *fill*         0x0000512e        0x2 
 .text.serialFlush
                0x00005130       0x48 .\arduino-api\arduinoUART.cpp.o
                0x00005130                serialFlush
 .text._ZN11arduinoUART11sendCommandEPcS0_S0_S0_S0_m
                0x00005178       0xf4 .\arduino-api\arduinoUART.cpp.o
                0x00005178                arduinoUART::sendCommand(char*, char*, char*, char*, char*, unsigned long)
 .text._ZN11arduinoUART11sendCommandEPcS0_S0_m
                0x0000526c       0x14 .\arduino-api\arduinoUART.cpp.o
                0x0000526c                arduinoUART::sendCommand(char*, char*, char*, unsigned long)
 .text._ZN11arduinoUART11sendCommandEPcS0_S0_S0_m
                0x00005280       0x16 .\arduino-api\arduinoUART.cpp.o
                0x00005280                arduinoUART::sendCommand(char*, char*, char*, char*, unsigned long)
 .text._ZN11arduinoUART11sendCommandEPht
                0x00005296       0x32 .\arduino-api\arduinoUART.cpp.o
                0x00005296                arduinoUART::sendCommand(unsigned char*, unsigned short)
 .text._tc_interrupt_handler
                0x000052c8       0x5c .\Adafruit_ASFcore\tc_interrupt.c.o
                0x000052c8                _tc_interrupt_handler
 .text.TC3_Handler
                0x00005324        0xa .\Adafruit_ASFcore\tc_interrupt.c.o
                0x00005324                TC3_Handler
 .text.TC4_Handler
                0x0000532e        0xa .\Adafruit_ASFcore\tc_interrupt.c.o
                0x0000532e                TC4_Handler
 .text.TC5_Handler
                0x00005338        0xa .\Adafruit_ASFcore\tc_interrupt.c.o
                0x00005338                TC5_Handler
 *fill*         0x00005342        0x6 
 .text.pow      0x00005348      0x370 c:/program files/sloeber/arduinoplugin/packages/arduino/tools/arm-none-eabi-gcc/4.8.3-2014q1/bin/../lib/gcc/arm-none-eabi/4.8.3/../../../../arm-none-eabi/lib/armv6-m\libm.a(lib_a-w_pow.o)
                0x00005348                pow
 .text.__ieee754_pow
                0x000056b8      0xb20 c:/program files/sloeber/arduinoplugin/packages/arduino/tools/arm-none-eabi-gcc/4.8.3-2014q1/bin/../lib/gcc/arm-none-eabi/4.8.3/../../../../arm-none-eabi/lib/armv6-m\libm.a(lib_a-e_pow.o)
                0x000056b8                __ieee754_pow
 .text.__ieee754_sqrt
                0x000061d8      0x1cc c:/program files/sloeber/arduinoplugin/packages/arduino/tools/arm-none-eabi-gcc/4.8.3-2014q1/bin/../lib/gcc/arm-none-eabi/4.8.3/../../../../arm-none-eabi/lib/armv6-m\libm.a(lib_a-e_sqrt.o)
                0x000061d8                __ieee754_sqrt
 .text.fabs     0x000063a4        0x8 c:/program files/sloeber/arduinoplugin/packages/arduino/tools/arm-none-eabi-gcc/4.8.3-2014q1/bin/../lib/gcc/arm-none-eabi/4.8.3/../../../../arm-none-eabi/lib/armv6-m\libm.a(lib_a-s_fabs.o)
                0x000063a4                fabs
 .text.finite   0x000063ac       0x10 c:/program files/sloeber/arduinoplugin/packages/arduino/tools/arm-none-eabi-gcc/4.8.3-2014q1/bin/../lib/gcc/arm-none-eabi/4.8.3/../../../../arm-none-eabi/lib/armv6-m\libm.a(lib_a-s_finite.o)
                0x000063ac                finite
 .text.__fpclassifyd
                0x000063bc       0x60 c:/program files/sloeber/arduinoplugin/packages/arduino/tools/arm-none-eabi-gcc/4.8.3-2014q1/bin/../lib/gcc/arm-none-eabi/4.8.3/../../../../arm-none-eabi/lib/armv6-m\libm.a(lib_a-s_fpclassify.o)
                0x000063bc                __fpclassifyd
 .text.matherr  0x0000641c        0x4 c:/program files/sloeber/arduinoplugin/packages/arduino/tools/arm-none-eabi-gcc/4.8.3-2014q1/bin/../lib/gcc/arm-none-eabi/4.8.3/../../../../arm-none-eabi/lib/armv6-m\libm.a(lib_a-s_matherr.o)
                0x0000641c                matherr
 .text.nan      0x00006420       0x10 c:/program files/sloeber/arduinoplugin/packages/arduino/tools/arm-none-eabi-gcc/4.8.3-2014q1/bin/../lib/gcc/arm-none-eabi/4.8.3/../../../../arm-none-eabi/lib/armv6-m\libm.a(lib_a-s_nan.o)
                0x00006420                nan
 .text.rint     0x00006430      0x154 c:/program files/sloeber/arduinoplugin/packages/arduino/tools/arm-none-eabi-gcc/4.8.3-2014q1/bin/../lib/gcc/arm-none-eabi/4.8.3/../../../../arm-none-eabi/lib/armv6-m\libm.a(lib_a-s_rint.o)
                0x00006430                rint
 *fill*         0x00006584        0x4 
 .text.scalbn   0x00006588      0x110 c:/program files/sloeber/arduinoplugin/packages/arduino/tools/arm-none-eabi-gcc/4.8.3-2014q1/bin/../lib/gcc/arm-none-eabi/4.8.3/../../../../arm-none-eabi/lib/armv6-m\libm.a(lib_a-s_scalbn.o)
                0x00006588                scalbn
 .text.copysign
                0x00006698       0x10 c:/program files/sloeber/arduinoplugin/packages/arduino/tools/arm-none-eabi-gcc/4.8.3-2014q1/bin/../lib/gcc/arm-none-eabi/4.8.3/../../../../arm-none-eabi/lib/armv6-m\libm.a(lib_a-s_copysign.o)
                0x00006698                copysign
 .text.SERCOM0_Handler
                0x000066a8       0x10 C:/Users/Emanuele/Documents/sloeber-workspace/Modem1/Release/arduino.ar(variant.cpp.o)
                0x000066a8                SERCOM0_Handler
 .text.SERCOM5_Handler
                0x000066b8       0x10 C:/Users/Emanuele/Documents/sloeber-workspace/Modem1/Release/arduino.ar(variant.cpp.o)
                0x000066b8                SERCOM5_Handler
 .text.startup._GLOBAL__sub_I_g_APinDescription
                0x000066c8       0x94 C:/Users/Emanuele/Documents/sloeber-workspace/Modem1/Release/arduino.ar(variant.cpp.o)
 .text._ZN7Serial_17availableForWriteEv
                0x0000675c        0x4 C:/Users/Emanuele/Documents/sloeber-workspace/Modem1/Release/arduino.ar(CDC.cpp.o)
                0x0000675c                Serial_::availableForWrite()
 .text._ZN7Serial_5writeEh
                0x00006760       0x14 C:/Users/Emanuele/Documents/sloeber-workspace/Modem1/Release/arduino.ar(CDC.cpp.o)
                0x00006760                Serial_::write(unsigned char)
 .text._ZN7Serial_9availableEv
                0x00006774        0xc C:/Users/Emanuele/Documents/sloeber-workspace/Modem1/Release/arduino.ar(CDC.cpp.o)
                0x00006774                Serial_::available()
 .text._ZN7Serial_5flushEv
                0x00006780        0xc C:/Users/Emanuele/Documents/sloeber-workspace/Modem1/Release/arduino.ar(CDC.cpp.o)
                0x00006780                Serial_::flush()
 .text._ZN7Serial_5writeEPKhj
                0x0000678c       0x1c C:/Users/Emanuele/Documents/sloeber-workspace/Modem1/Release/arduino.ar(CDC.cpp.o)
                0x0000678c                Serial_::write(unsigned char const*, unsigned int)
 .text._ZN7Serial_4peekEv
                0x000067a8       0x1c C:/Users/Emanuele/Documents/sloeber-workspace/Modem1/Release/arduino.ar(CDC.cpp.o)
                0x000067a8                Serial_::peek()
 .text._ZN7Serial_4readEv
                0x000067c4       0x24 C:/Users/Emanuele/Documents/sloeber-workspace/Modem1/Release/arduino.ar(CDC.cpp.o)
                0x000067c4                Serial_::read()
 .text._Z16CDC_GetInterfacePh
                0x000067e8       0x1c C:/Users/Emanuele/Documents/sloeber-workspace/Modem1/Release/arduino.ar(CDC.cpp.o)
                0x000067e8                CDC_GetInterface(unsigned char*)
 .text._Z9CDC_SetupR8USBSetup
                0x00006804       0x80 C:/Users/Emanuele/Documents/sloeber-workspace/Modem1/Release/arduino.ar(CDC.cpp.o)
                0x00006804                CDC_Setup(USBSetup&)
 .text._ZN7Serial_5beginEm
                0x00006884        0x2 C:/Users/Emanuele/Documents/sloeber-workspace/Modem1/Release/arduino.ar(CDC.cpp.o)
                0x00006884                Serial_::begin(unsigned long)
 .text._ZN7Serial_3endEv
                0x00006886        0x2 C:/Users/Emanuele/Documents/sloeber-workspace/Modem1/Release/arduino.ar(CDC.cpp.o)
                0x00006886                Serial_::end()
 .text.startup._GLOBAL__sub_I__Z17_CDC_GetInterfacev
                0x00006888       0x28 C:/Users/Emanuele/Documents/sloeber-workspace/Modem1/Release/arduino.ar(CDC.cpp.o)
 .text._ZN14USBDeviceClass6initEPEmm.part.4
                0x000068b0       0x80 C:/Users/Emanuele/Documents/sloeber-workspace/Modem1/Release/arduino.ar(USBCore.cpp.o)
 .text._ZN20USBDevice_SAMD21G18x5resetEv
                0x00006930       0x28 C:/Users/Emanuele/Documents/sloeber-workspace/Modem1/Release/arduino.ar(USBCore.cpp.o)
                0x00006930                USBDevice_SAMD21G18x::reset()
 .text._ZN20USBDevice_SAMD21G18x9calibrateEv
                0x00006958       0x5c C:/Users/Emanuele/Documents/sloeber-workspace/Modem1/Release/arduino.ar(USBCore.cpp.o)
                0x00006958                USBDevice_SAMD21G18x::calibrate()
 .text._ZN7__GuardC2Ev
                0x000069b4        0xe C:/Users/Emanuele/Documents/sloeber-workspace/Modem1/Release/arduino.ar(USBCore.cpp.o)
                0x000069b4                __Guard::__Guard()
                0x000069b4                __Guard::__Guard()
 .text._ZN7__GuardD2Ev
                0x000069c2        0xe C:/Users/Emanuele/Documents/sloeber-workspace/Modem1/Release/arduino.ar(USBCore.cpp.o)
                0x000069c2                __Guard::~__Guard()
                0x000069c2                __Guard::~__Guard()
 .text._ZNK26DoubleBufferedEPOutHandler9availableEv
                0x000069d0       0x5e C:/Users/Emanuele/Documents/sloeber-workspace/Modem1/Release/arduino.ar(USBCore.cpp.o)
                0x000069d0                DoubleBufferedEPOutHandler::available() const
 *fill*         0x00006a2e        0x2 
 .text._ZN26DoubleBufferedEPOutHandler7releaseEv
                0x00006a30       0x58 C:/Users/Emanuele/Documents/sloeber-workspace/Modem1/Release/arduino.ar(USBCore.cpp.o)
                0x00006a30                DoubleBufferedEPOutHandler::release()
 .text._ZN26DoubleBufferedEPOutHandler4recvEPvm
                0x00006a88      0x11c C:/Users/Emanuele/Documents/sloeber-workspace/Modem1/Release/arduino.ar(USBCore.cpp.o)
                0x00006a88                DoubleBufferedEPOutHandler::recv(void*, unsigned long)
 .text._ZN26DoubleBufferedEPOutHandler14handleEndpointEv
                0x00006ba4       0xc4 C:/Users/Emanuele/Documents/sloeber-workspace/Modem1/Release/arduino.ar(USBCore.cpp.o)
                0x00006ba4                DoubleBufferedEPOutHandler::handleEndpoint()
 .text._ZN14USBDeviceClass14SendInterfacesEPm
                0x00006c68       0x2c C:/Users/Emanuele/Documents/sloeber-workspace/Modem1/Release/arduino.ar(USBCore.cpp.o)
                0x00006c68                USBDeviceClass::SendInterfaces(unsigned long*)
 .text._ZN14USBDeviceClass14handleEndpointEh
                0x00006c94       0x40 C:/Users/Emanuele/Documents/sloeber-workspace/Modem1/Release/arduino.ar(USBCore.cpp.o)
                0x00006c94                USBDeviceClass::handleEndpoint(unsigned char)
 .text._ZN14USBDeviceClass4initEv
                0x00006cd4       0xf0 C:/Users/Emanuele/Documents/sloeber-workspace/Modem1/Release/arduino.ar(USBCore.cpp.o)
                0x00006cd4                USBDeviceClass::init()
 .text._ZN14USBDeviceClass6attachEv
                0x00006dc4       0x34 C:/Users/Emanuele/Documents/sloeber-workspace/Modem1/Release/arduino.ar(USBCore.cpp.o)
                0x00006dc4                USBDeviceClass::attach()
 .text._ZN14USBDeviceClass10setAddressEm
                0x00006df8       0x48 C:/Users/Emanuele/Documents/sloeber-workspace/Modem1/Release/arduino.ar(USBCore.cpp.o)
                0x00006df8                USBDeviceClass::setAddress(unsigned long)
 .text._ZN14USBDeviceClass6detachEv
                0x00006e40       0x18 C:/Users/Emanuele/Documents/sloeber-workspace/Modem1/Release/arduino.ar(USBCore.cpp.o)
                0x00006e40                USBDeviceClass::detach()
 .text._ZN14USBDeviceClass25handleClassInterfaceSetupER8USBSetup
                0x00006e58       0x40 C:/Users/Emanuele/Documents/sloeber-workspace/Modem1/Release/arduino.ar(USBCore.cpp.o)
                0x00006e58                USBDeviceClass::handleClassInterfaceSetup(USBSetup&)
 .text._ZN14USBDeviceClass6initEPEmm
                0x00006e98      0x128 C:/Users/Emanuele/Documents/sloeber-workspace/Modem1/Release/arduino.ar(USBCore.cpp.o)
                0x00006e98                USBDeviceClass::initEP(unsigned long, unsigned long)
 .text._ZN14USBDeviceClass13initEndpointsEv
                0x00006fc0       0x24 C:/Users/Emanuele/Documents/sloeber-workspace/Modem1/Release/arduino.ar(USBCore.cpp.o)
                0x00006fc0                USBDeviceClass::initEndpoints()
 .text._ZN14USBDeviceClass9availableEm
                0x00006fe4       0x2c C:/Users/Emanuele/Documents/sloeber-workspace/Modem1/Release/arduino.ar(USBCore.cpp.o)
                0x00006fe4                USBDeviceClass::available(unsigned long)
 .text._ZN14USBDeviceClass5flushEm
                0x00007010       0x2c C:/Users/Emanuele/Documents/sloeber-workspace/Modem1/Release/arduino.ar(USBCore.cpp.o)
                0x00007010                USBDeviceClass::flush(unsigned long)
 .text._ZN14USBDeviceClass14armRecvCtrlOUTEm
                0x0000703c       0x60 C:/Users/Emanuele/Documents/sloeber-workspace/Modem1/Release/arduino.ar(USBCore.cpp.o)
                0x0000703c                USBDeviceClass::armRecvCtrlOUT(unsigned long)
 .text._ZN14USBDeviceClass11recvControlEPvm
                0x0000709c       0x3c C:/Users/Emanuele/Documents/sloeber-workspace/Modem1/Release/arduino.ar(USBCore.cpp.o)
                0x0000709c                USBDeviceClass::recvControl(void*, unsigned long)
 .text._ZN14USBDeviceClass7armRecvEm
                0x000070d8       0x3c C:/Users/Emanuele/Documents/sloeber-workspace/Modem1/Release/arduino.ar(USBCore.cpp.o)
                0x000070d8                USBDeviceClass::armRecv(unsigned long)
 .text._ZN14USBDeviceClass4recvEmPvm
                0x00007114       0xd8 C:/Users/Emanuele/Documents/sloeber-workspace/Modem1/Release/arduino.ar(USBCore.cpp.o)
                0x00007114                USBDeviceClass::recv(unsigned long, void*, unsigned long)
 .text._ZN14USBDeviceClass4recvEm
                0x000071ec       0x1c C:/Users/Emanuele/Documents/sloeber-workspace/Modem1/Release/arduino.ar(USBCore.cpp.o)
                0x000071ec                USBDeviceClass::recv(unsigned long)
 .text._ZN14USBDeviceClass4sendEmPKvm
                0x00007208      0x124 C:/Users/Emanuele/Documents/sloeber-workspace/Modem1/Release/arduino.ar(USBCore.cpp.o)
                0x00007208                USBDeviceClass::send(unsigned long, void const*, unsigned long)
 .text._ZN14USBDeviceClass7armSendEmPKvm
                0x0000732c       0x48 C:/Users/Emanuele/Documents/sloeber-workspace/Modem1/Release/arduino.ar(USBCore.cpp.o)
                0x0000732c                USBDeviceClass::armSend(unsigned long, void const*, unsigned long)
 .text._ZN14USBDeviceClass11sendControlEPKvm
                0x00007374       0x58 C:/Users/Emanuele/Documents/sloeber-workspace/Modem1/Release/arduino.ar(USBCore.cpp.o)
                0x00007374                USBDeviceClass::sendControl(void const*, unsigned long)
 .text._ZN14USBDeviceClass20sendStringDescriptorEPKhh
                0x000073cc       0x68 C:/Users/Emanuele/Documents/sloeber-workspace/Modem1/Release/arduino.ar(USBCore.cpp.o)
                0x000073cc                USBDeviceClass::sendStringDescriptor(unsigned char const*, unsigned char)
 .text._ZN14USBDeviceClass12packMessagesEb.part.6
                0x00007434       0x20 C:/Users/Emanuele/Documents/sloeber-workspace/Modem1/Release/arduino.ar(USBCore.cpp.o)
 .text._ZN14USBDeviceClass17sendConfigurationEm
                0x00007454       0x90 C:/Users/Emanuele/Documents/sloeber-workspace/Modem1/Release/arduino.ar(USBCore.cpp.o)
                0x00007454                USBDeviceClass::sendConfiguration(unsigned long)
 .text._ZN14USBDeviceClass14sendDescriptorER8USBSetup
                0x000074e4       0xb4 C:/Users/Emanuele/Documents/sloeber-workspace/Modem1/Release/arduino.ar(USBCore.cpp.o)
                0x000074e4                USBDeviceClass::sendDescriptor(USBSetup&)
 .text._ZN14USBDeviceClass19handleStandardSetupER8USBSetup
                0x00007598      0x118 C:/Users/Emanuele/Documents/sloeber-workspace/Modem1/Release/arduino.ar(USBCore.cpp.o)
                0x00007598                USBDeviceClass::handleStandardSetup(USBSetup&)
 .text._ZN14USBDeviceClass10ISRHandlerEv
                0x000076b0      0x150 C:/Users/Emanuele/Documents/sloeber-workspace/Modem1/Release/arduino.ar(USBCore.cpp.o)
                0x000076b0                USBDeviceClass::ISRHandler()
 .text.UDD_Handler
                0x00007800       0x10 C:/Users/Emanuele/Documents/sloeber-workspace/Modem1/Release/arduino.ar(USBCore.cpp.o)
                0x00007800                UDD_Handler
 .text.startup._GLOBAL__sub_I__ZN20USBDevice_SAMD21G18x5resetEv
                0x00007810       0x10 C:/Users/Emanuele/Documents/sloeber-workspace/Modem1/Release/arduino.ar(USBCore.cpp.o)
 .text._ZN5Print5writeEPKhj
                0x00007820       0x28 C:/Users/Emanuele/Documents/sloeber-workspace/Modem1/Release/arduino.ar(Print.cpp.o)
                0x00007820                Print::write(unsigned char const*, unsigned int)
 .text._ZN5Print5printEmi.part.3
                0x00007848        0xc C:/Users/Emanuele/Documents/sloeber-workspace/Modem1/Release/arduino.ar(Print.cpp.o)
 .text._ZN5Print5writeEPKc
                0x00007854       0x1c C:/Users/Emanuele/Documents/sloeber-workspace/Modem1/Release/arduino.ar(Print.cpp.o)
                0x00007854                Print::write(char const*)
 .text._ZN5Print5printEPKc
                0x00007870        0x8 C:/Users/Emanuele/Documents/sloeber-workspace/Modem1/Release/arduino.ar(Print.cpp.o)
                0x00007870                Print::print(char const*)
 .text._ZN5Print5printEc
                0x00007878        0xa C:/Users/Emanuele/Documents/sloeber-workspace/Modem1/Release/arduino.ar(Print.cpp.o)
                0x00007878                Print::print(char)
 *fill*         0x00007882        0x2 
 .text._ZN5Print7printlnEv
                0x00007884       0x10 C:/Users/Emanuele/Documents/sloeber-workspace/Modem1/Release/arduino.ar(Print.cpp.o)
                0x00007884                Print::println()
 .text._ZN5Print7printlnEPKc
                0x00007894       0x14 C:/Users/Emanuele/Documents/sloeber-workspace/Modem1/Release/arduino.ar(Print.cpp.o)
                0x00007894                Print::println(char const*)
 .text._ZN5Print11printNumberEmh
                0x000078a8       0x4e C:/Users/Emanuele/Documents/sloeber-workspace/Modem1/Release/arduino.ar(Print.cpp.o)
                0x000078a8                Print::printNumber(unsigned long, unsigned char)
 .text._ZN5Print5printEli
                0x000078f6       0x3c C:/Users/Emanuele/Documents/sloeber-workspace/Modem1/Release/arduino.ar(Print.cpp.o)
                0x000078f6                Print::print(long, int)
 .text._ZN5Print7printlnEii
                0x00007932       0x14 C:/Users/Emanuele/Documents/sloeber-workspace/Modem1/Release/arduino.ar(Print.cpp.o)
                0x00007932                Print::println(int, int)
 .text._ZN5Print5printEmi
                0x00007946       0x14 C:/Users/Emanuele/Documents/sloeber-workspace/Modem1/Release/arduino.ar(Print.cpp.o)
                0x00007946                Print::print(unsigned long, int)
 .text._ZN5Print5printEhi
                0x0000795a        0x8 C:/Users/Emanuele/Documents/sloeber-workspace/Modem1/Release/arduino.ar(Print.cpp.o)
                0x0000795a                Print::print(unsigned char, int)
 .text._ZN5Print7printlnEhi
                0x00007962       0x14 C:/Users/Emanuele/Documents/sloeber-workspace/Modem1/Release/arduino.ar(Print.cpp.o)
                0x00007962                Print::println(unsigned char, int)
 .text._ZN5Print7printlnEmi
                0x00007976       0x14 C:/Users/Emanuele/Documents/sloeber-workspace/Modem1/Release/arduino.ar(Print.cpp.o)
                0x00007976                Print::println(unsigned long, int)
 *fill*         0x0000798a        0x6 
 .text._ZN5Print10printFloatEdh
                0x00007990      0x170 C:/Users/Emanuele/Documents/sloeber-workspace/Modem1/Release/arduino.ar(Print.cpp.o)
                0x00007990                Print::printFloat(double, unsigned char)
 .text._ZN5Print7printlnEdi
                0x00007b00       0x1c C:/Users/Emanuele/Documents/sloeber-workspace/Modem1/Release/arduino.ar(Print.cpp.o)
                0x00007b00                Print::println(double, int)
 .text.initiateReset
                0x00007b1c        0xc C:/Users/Emanuele/Documents/sloeber-workspace/Modem1/Release/arduino.ar(Reset.cpp.o)
                0x00007b1c                initiateReset
 .text.cancelReset
                0x00007b28       0x10 C:/Users/Emanuele/Documents/sloeber-workspace/Modem1/Release/arduino.ar(Reset.cpp.o)
                0x00007b28                cancelReset
 .text.tickReset
                0x00007b38       0x74 C:/Users/Emanuele/Documents/sloeber-workspace/Modem1/Release/arduino.ar(Reset.cpp.o)
                0x00007b38                tickReset
 .text._ZN10RingBufferC2Ev
                0x00007bac       0x1a C:/Users/Emanuele/Documents/sloeber-workspace/Modem1/Release/arduino.ar(RingBuffer.cpp.o)
                0x00007bac                RingBuffer::RingBuffer()
                0x00007bac                RingBuffer::RingBuffer()
 .text._ZN10RingBuffer10store_charEh
                0x00007bc6       0x24 C:/Users/Emanuele/Documents/sloeber-workspace/Modem1/Release/arduino.ar(RingBuffer.cpp.o)
                0x00007bc6                RingBuffer::store_char(unsigned char)
 .text._ZN10RingBuffer5clearEv
                0x00007bea        0xe C:/Users/Emanuele/Documents/sloeber-workspace/Modem1/Release/arduino.ar(RingBuffer.cpp.o)
                0x00007bea                RingBuffer::clear()
 .text._ZN10RingBuffer9read_charEv
                0x00007bf8       0x28 C:/Users/Emanuele/Documents/sloeber-workspace/Modem1/Release/arduino.ar(RingBuffer.cpp.o)
                0x00007bf8                RingBuffer::read_char()
 .text._ZN10RingBuffer9availableEv
                0x00007c20       0x12 C:/Users/Emanuele/Documents/sloeber-workspace/Modem1/Release/arduino.ar(RingBuffer.cpp.o)
                0x00007c20                RingBuffer::available()
 .text._ZN10RingBuffer4peekEv
                0x00007c32       0x1a C:/Users/Emanuele/Documents/sloeber-workspace/Modem1/Release/arduino.ar(RingBuffer.cpp.o)
                0x00007c32                RingBuffer::peek()
 .text._ZN10RingBuffer6isFullEv
                0x00007c4c       0x20 C:/Users/Emanuele/Documents/sloeber-workspace/Modem1/Release/arduino.ar(RingBuffer.cpp.o)
                0x00007c4c                RingBuffer::isFull()
 .text._ZN6SERCOMC2EP6Sercom
                0x00007c6c        0x4 C:/Users/Emanuele/Documents/sloeber-workspace/Modem1/Release/arduino.ar(SERCOM.cpp.o)
                0x00007c6c                SERCOM::SERCOM(Sercom*)
                0x00007c6c                SERCOM::SERCOM(Sercom*)
 .text._ZN6SERCOM9initFrameE18SercomUartCharSize15SercomDataOrder16SercomParityMode19SercomNumberStopBit
                0x00007c70       0x38 C:/Users/Emanuele/Documents/sloeber-workspace/Modem1/Release/arduino.ar(SERCOM.cpp.o)
                0x00007c70                SERCOM::initFrame(SercomUartCharSize, SercomDataOrder, SercomParityMode, SercomNumberStopBit)
 .text._ZN6SERCOM8initPadsE15SercomUartTXPad11SercomRXPad
                0x00007ca8       0x26 C:/Users/Emanuele/Documents/sloeber-workspace/Modem1/Release/arduino.ar(SERCOM.cpp.o)
                0x00007ca8                SERCOM::initPads(SercomUartTXPad, SercomRXPad)
 .text._ZN6SERCOM9resetUARTEv
                0x00007cce       0x1c C:/Users/Emanuele/Documents/sloeber-workspace/Modem1/Release/arduino.ar(SERCOM.cpp.o)
                0x00007cce                SERCOM::resetUART()
 .text._ZN6SERCOM10enableUARTEv
                0x00007cea       0x14 C:/Users/Emanuele/Documents/sloeber-workspace/Modem1/Release/arduino.ar(SERCOM.cpp.o)
                0x00007cea                SERCOM::enableUART()
 .text._ZN6SERCOM9flushUARTEv
                0x00007cfe       0x10 C:/Users/Emanuele/Documents/sloeber-workspace/Modem1/Release/arduino.ar(SERCOM.cpp.o)
                0x00007cfe                SERCOM::flushUART()
 .text._ZN6SERCOM15clearStatusUARTEv
                0x00007d0e        0x8 C:/Users/Emanuele/Documents/sloeber-workspace/Modem1/Release/arduino.ar(SERCOM.cpp.o)
                0x00007d0e                SERCOM::clearStatusUART()
 .text._ZN6SERCOM17availableDataUARTEv
                0x00007d16        0xa C:/Users/Emanuele/Documents/sloeber-workspace/Modem1/Release/arduino.ar(SERCOM.cpp.o)
                0x00007d16                SERCOM::availableDataUART()
 .text._ZN6SERCOM11isUARTErrorEv
                0x00007d20        0x8 C:/Users/Emanuele/Documents/sloeber-workspace/Modem1/Release/arduino.ar(SERCOM.cpp.o)
                0x00007d20                SERCOM::isUARTError()
 .text._ZN6SERCOM20acknowledgeUARTErrorEv
                0x00007d28        0xe C:/Users/Emanuele/Documents/sloeber-workspace/Modem1/Release/arduino.ar(SERCOM.cpp.o)
                0x00007d28                SERCOM::acknowledgeUARTError()
 .text._ZN6SERCOM12readDataUARTEv
                0x00007d36        0x8 C:/Users/Emanuele/Documents/sloeber-workspace/Modem1/Release/arduino.ar(SERCOM.cpp.o)
                0x00007d36                SERCOM::readDataUART()
 .text._ZN6SERCOM13writeDataUARTEh
                0x00007d3e        0xe C:/Users/Emanuele/Documents/sloeber-workspace/Modem1/Release/arduino.ar(SERCOM.cpp.o)
                0x00007d3e                SERCOM::writeDataUART(unsigned char)
 .text._ZN6SERCOM12initSPIClockE18SercomSpiClockModem
                0x00007d4c       0x30 C:/Users/Emanuele/Documents/sloeber-workspace/Modem1/Release/arduino.ar(SERCOM.cpp.o)
                0x00007d4c                SERCOM::initSPIClock(SercomSpiClockMode, unsigned long)
 .text._ZN6SERCOM8resetSPIEv
                0x00007d7c       0x1c C:/Users/Emanuele/Documents/sloeber-workspace/Modem1/Release/arduino.ar(SERCOM.cpp.o)
                0x00007d7c                SERCOM::resetSPI()
 .text._ZN6SERCOM9enableSPIEv
                0x00007d98       0x14 C:/Users/Emanuele/Documents/sloeber-workspace/Modem1/Release/arduino.ar(SERCOM.cpp.o)
                0x00007d98                SERCOM::enableSPI()
 .text._ZN6SERCOM10disableSPIEv
                0x00007dac       0x12 C:/Users/Emanuele/Documents/sloeber-workspace/Modem1/Release/arduino.ar(SERCOM.cpp.o)
                0x00007dac                SERCOM::disableSPI()
 *fill*         0x00007dbe        0x2 
 .text._ZN6SERCOM15setDataOrderSPIE15SercomDataOrder
                0x00007dc0       0x28 C:/Users/Emanuele/Documents/sloeber-workspace/Modem1/Release/arduino.ar(SERCOM.cpp.o)
                0x00007dc0                SERCOM::setDataOrderSPI(SercomDataOrder)
 .text._ZN6SERCOM14setBaudrateSPIEh
                0x00007de8       0x30 C:/Users/Emanuele/Documents/sloeber-workspace/Modem1/Release/arduino.ar(SERCOM.cpp.o)
                0x00007de8                SERCOM::setBaudrateSPI(unsigned char)
 .text._ZN6SERCOM15setClockModeSPIE18SercomSpiClockMode
                0x00007e18       0x3c C:/Users/Emanuele/Documents/sloeber-workspace/Modem1/Release/arduino.ar(SERCOM.cpp.o)
                0x00007e18                SERCOM::setClockModeSPI(SercomSpiClockMode)
 .text._ZN6SERCOM15transferDataSPIEh
                0x00007e54       0x1a C:/Users/Emanuele/Documents/sloeber-workspace/Modem1/Release/arduino.ar(SERCOM.cpp.o)
                0x00007e54                SERCOM::transferDataSPI(unsigned char)
 .text._ZN6SERCOM9resetWIREEv
                0x00007e6e       0x1c C:/Users/Emanuele/Documents/sloeber-workspace/Modem1/Release/arduino.ar(SERCOM.cpp.o)
                0x00007e6e                SERCOM::resetWIRE()
 .text._ZN6SERCOM10enableWIREEv
                0x00007e8a       0x28 C:/Users/Emanuele/Documents/sloeber-workspace/Modem1/Release/arduino.ar(SERCOM.cpp.o)
                0x00007e8a                SERCOM::enableWIRE()
 .text._ZN6SERCOM18prepareNackBitWIREEv
                0x00007eb2       0x10 C:/Users/Emanuele/Documents/sloeber-workspace/Modem1/Release/arduino.ar(SERCOM.cpp.o)
                0x00007eb2                SERCOM::prepareNackBitWIRE()
 *fill*         0x00007ec2        0x2 
 .text._ZN6SERCOM17prepareAckBitWIREEv
                0x00007ec4       0x14 C:/Users/Emanuele/Documents/sloeber-workspace/Modem1/Release/arduino.ar(SERCOM.cpp.o)
                0x00007ec4                SERCOM::prepareAckBitWIRE()
 .text._ZN6SERCOM22prepareCommandBitsWireEh
                0x00007ed8       0x2c C:/Users/Emanuele/Documents/sloeber-workspace/Modem1/Release/arduino.ar(SERCOM.cpp.o)
                0x00007ed8                SERCOM::prepareCommandBitsWire(unsigned char)
 .text._ZN6SERCOM21startTransmissionWIREEh23SercomWireReadWriteFlag
                0x00007f04       0x5e C:/Users/Emanuele/Documents/sloeber-workspace/Modem1/Release/arduino.ar(SERCOM.cpp.o)
                0x00007f04                SERCOM::startTransmissionWIRE(unsigned char, SercomWireReadWriteFlag)
 .text._ZN6SERCOM18sendDataMasterWIREEh
                0x00007f62       0x22 C:/Users/Emanuele/Documents/sloeber-workspace/Modem1/Release/arduino.ar(SERCOM.cpp.o)
                0x00007f62                SERCOM::sendDataMasterWIRE(unsigned char)
 .text._ZN6SERCOM17sendDataSlaveWIREEh
                0x00007f84       0x1a C:/Users/Emanuele/Documents/sloeber-workspace/Modem1/Release/arduino.ar(SERCOM.cpp.o)
                0x00007f84                SERCOM::sendDataSlaveWIRE(unsigned char)
 .text._ZN6SERCOM11isSlaveWIREEv
                0x00007f9e       0x12 C:/Users/Emanuele/Documents/sloeber-workspace/Modem1/Release/arduino.ar(SERCOM.cpp.o)
                0x00007f9e                SERCOM::isSlaveWIRE()
 .text._ZN6SERCOM15isDataReadyWIREEv
                0x00007fb0        0xa C:/Users/Emanuele/Documents/sloeber-workspace/Modem1/Release/arduino.ar(SERCOM.cpp.o)
                0x00007fb0                SERCOM::isDataReadyWIRE()
 .text._ZN6SERCOM18isStopDetectedWIREEv
                0x00007fba        0xa C:/Users/Emanuele/Documents/sloeber-workspace/Modem1/Release/arduino.ar(SERCOM.cpp.o)
                0x00007fba                SERCOM::isStopDetectedWIRE()
 .text._ZN6SERCOM21isRestartDetectedWIREEv
                0x00007fc4        0xa C:/Users/Emanuele/Documents/sloeber-workspace/Modem1/Release/arduino.ar(SERCOM.cpp.o)
                0x00007fc4                SERCOM::isRestartDetectedWIRE()
 .text._ZN6SERCOM14isAddressMatchEv
                0x00007fce        0xa C:/Users/Emanuele/Documents/sloeber-workspace/Modem1/Release/arduino.ar(SERCOM.cpp.o)
                0x00007fce                SERCOM::isAddressMatch()
 .text._ZN6SERCOM25isMasterReadOperationWIREEv
                0x00007fd8        0xa C:/Users/Emanuele/Documents/sloeber-workspace/Modem1/Release/arduino.ar(SERCOM.cpp.o)
                0x00007fd8                SERCOM::isMasterReadOperationWIRE()
 .text._ZN6SERCOM12readDataWIREEv
                0x00007fe2       0x1a C:/Users/Emanuele/Documents/sloeber-workspace/Modem1/Release/arduino.ar(SERCOM.cpp.o)
                0x00007fe2                SERCOM::readDataWIRE()
 .text._ZN6SERCOM13initClockNVICEv
                0x00007ffc       0xac C:/Users/Emanuele/Documents/sloeber-workspace/Modem1/Release/arduino.ar(SERCOM.cpp.o)
                0x00007ffc                SERCOM::initClockNVIC()
 .text._ZN6SERCOM8initUARTE14SercomUartMode20SercomUartSampleRatem
                0x000080a8       0x6c C:/Users/Emanuele/Documents/sloeber-workspace/Modem1/Release/arduino.ar(SERCOM.cpp.o)
                0x000080a8                SERCOM::initUART(SercomUartMode, SercomUartSampleRate, unsigned long)
 .text._ZN6SERCOM7initSPIE14SercomSpiTXPad11SercomRXPad17SercomSpiCharSize15SercomDataOrder
                0x00008114       0x48 C:/Users/Emanuele/Documents/sloeber-workspace/Modem1/Release/arduino.ar(SERCOM.cpp.o)
                0x00008114                SERCOM::initSPI(SercomSpiTXPad, SercomRXPad, SercomSpiCharSize, SercomDataOrder)
 .text._ZN6SERCOM14initMasterWIREEm
                0x0000815c       0x38 C:/Users/Emanuele/Documents/sloeber-workspace/Modem1/Release/arduino.ar(SERCOM.cpp.o)
                0x0000815c                SERCOM::initMasterWIRE(unsigned long)
 .text._ZN6Stream9timedReadEv
                0x00008194       0x2a C:/Users/Emanuele/Documents/sloeber-workspace/Modem1/Release/arduino.ar(Stream.cpp.o)
                0x00008194                Stream::timedRead()
 .text._ZN6Stream9readBytesEPcj
                0x000081be       0x28 C:/Users/Emanuele/Documents/sloeber-workspace/Modem1/Release/arduino.ar(Stream.cpp.o)
                0x000081be                Stream::readBytes(char*, unsigned int)
 .text._ZN4UartcvbEv
                0x000081e6        0x4 C:/Users/Emanuele/Documents/sloeber-workspace/Modem1/Release/arduino.ar(Uart.cpp.o)
                0x000081e6                Uart::operator bool()
 *fill*         0x000081ea        0x2 
 .text._ZN4Uart5beginEm
                0x000081ec       0x10 C:/Users/Emanuele/Documents/sloeber-workspace/Modem1/Release/arduino.ar(Uart.cpp.o)
                0x000081ec                Uart::begin(unsigned long)
 .text._ZN4Uart3endEv
                0x000081fc       0x14 C:/Users/Emanuele/Documents/sloeber-workspace/Modem1/Release/arduino.ar(Uart.cpp.o)
                0x000081fc                Uart::end()
 .text._ZN4Uart5flushEv
                0x00008210        0xa C:/Users/Emanuele/Documents/sloeber-workspace/Modem1/Release/arduino.ar(Uart.cpp.o)
                0x00008210                Uart::flush()
 .text._ZN4Uart9availableEv
                0x0000821a        0xa C:/Users/Emanuele/Documents/sloeber-workspace/Modem1/Release/arduino.ar(Uart.cpp.o)
                0x0000821a                Uart::available()
 .text._ZN4Uart4peekEv
                0x00008224        0xa C:/Users/Emanuele/Documents/sloeber-workspace/Modem1/Release/arduino.ar(Uart.cpp.o)
                0x00008224                Uart::peek()
 .text._ZN4Uart4readEv
                0x0000822e        0xa C:/Users/Emanuele/Documents/sloeber-workspace/Modem1/Release/arduino.ar(Uart.cpp.o)
                0x0000822e                Uart::read()
 .text._ZN4Uart5writeEh
                0x00008238        0xc C:/Users/Emanuele/Documents/sloeber-workspace/Modem1/Release/arduino.ar(Uart.cpp.o)
                0x00008238                Uart::write(unsigned char)
 .text._ZN4UartC2EP6SERCOMhh11SercomRXPad15SercomUartTXPad
                0x00008244       0x48 C:/Users/Emanuele/Documents/sloeber-workspace/Modem1/Release/arduino.ar(Uart.cpp.o)
                0x00008244                Uart::Uart(SERCOM*, unsigned char, unsigned char, SercomRXPad, SercomUartTXPad)
                0x00008244                Uart::Uart(SERCOM*, unsigned char, unsigned char, SercomRXPad, SercomUartTXPad)
 .text._ZN4Uart10IrqHandlerEv
                0x0000828c       0x36 C:/Users/Emanuele/Documents/sloeber-workspace/Modem1/Release/arduino.ar(Uart.cpp.o)
                0x0000828c                Uart::IrqHandler()
 .text._ZN4Uart16extractNbStopBitEt
                0x000082c2        0xe C:/Users/Emanuele/Documents/sloeber-workspace/Modem1/Release/arduino.ar(Uart.cpp.o)
                0x000082c2                Uart::extractNbStopBit(unsigned short)
 .text._ZN4Uart15extractCharSizeEt
                0x000082d0       0x2c C:/Users/Emanuele/Documents/sloeber-workspace/Modem1/Release/arduino.ar(Uart.cpp.o)
                0x000082d0                Uart::extractCharSize(unsigned short)
 .text._ZN4Uart13extractParityEt
                0x000082fc       0x18 C:/Users/Emanuele/Documents/sloeber-workspace/Modem1/Release/arduino.ar(Uart.cpp.o)
                0x000082fc                Uart::extractParity(unsigned short)
 .text._ZN4Uart5beginEmt
                0x00008314       0x88 C:/Users/Emanuele/Documents/sloeber-workspace/Modem1/Release/arduino.ar(Uart.cpp.o)
                0x00008314                Uart::begin(unsigned long, unsigned short)
 .text.Dummy_Handler
                0x0000839c        0x2 C:/Users/Emanuele/Documents/sloeber-workspace/Modem1/Release/arduino.ar(cortex_handlers.c.o)
                0x0000839c                DMAC_Handler
                0x0000839c                HardFault_Handler
                0x0000839c                AC_Handler
                0x0000839c                PendSV_Handler
                0x0000839c                NMI_Handler
                0x0000839c                TC7_Handler
                0x0000839c                SERCOM1_Handler
                0x0000839c                ADC_Handler
                0x0000839c                TCC1_Handler
                0x0000839c                SERCOM2_Handler
                0x0000839c                TCC0_Handler
                0x0000839c                EIC_Handler
                0x0000839c                TC6_Handler
                0x0000839c                Dummy_Handler
                0x0000839c                PM_Handler
                0x0000839c                SVC_Handler
                0x0000839c                TCC2_Handler
                0x0000839c                EVSYS_Handler
                0x0000839c                SERCOM4_Handler
                0x0000839c                I2S_Handler
                0x0000839c                NVMCTRL_Handler
                0x0000839c                DAC_Handler
                0x0000839c                PTC_Handler
                0x0000839c                SYSCTRL_Handler
 *fill*         0x0000839e        0x2 
 .text.USB_Handler
                0x000083a0       0x14 C:/Users/Emanuele/Documents/sloeber-workspace/Modem1/Release/arduino.ar(cortex_handlers.c.o)
                0x000083a0                USB_Handler
 .text.Reset_Handler
                0x000083b4       0x54 C:/Users/Emanuele/Documents/sloeber-workspace/Modem1/Release/arduino.ar(cortex_handlers.c.o)
                0x000083b4                Reset_Handler
 .text.SysTick_Handler
                0x00008408       0x10 C:/Users/Emanuele/Documents/sloeber-workspace/Modem1/Release/arduino.ar(cortex_handlers.c.o)
                0x00008408                SysTick_Handler
 .text.USB_SetHandler
                0x00008418        0xc C:/Users/Emanuele/Documents/sloeber-workspace/Modem1/Release/arduino.ar(cortex_handlers.c.o)
                0x00008418                USB_SetHandler
 .text.millis   0x00008424        0xc C:/Users/Emanuele/Documents/sloeber-workspace/Modem1/Release/arduino.ar(delay.c.o)
                0x00008424                millis
 .text.delay    0x00008430       0x20 C:/Users/Emanuele/Documents/sloeber-workspace/Modem1/Release/arduino.ar(delay.c.o)
                0x00008430                delay
 .text.SysTick_DefaultHandler
                0x00008450       0x14 C:/Users/Emanuele/Documents/sloeber-workspace/Modem1/Release/arduino.ar(delay.c.o)
                0x00008450                SysTick_DefaultHandler
 .text.__empty  0x00008464        0x2 C:/Users/Emanuele/Documents/sloeber-workspace/Modem1/Release/arduino.ar(hooks.c.o)
                0x00008464                yield
 .text.__false  0x00008466        0x4 C:/Users/Emanuele/Documents/sloeber-workspace/Modem1/Release/arduino.ar(hooks.c.o)
                0x00008466                sysTickHook
 .text._Z11initVariantv
                0x0000846a        0x2 C:/Users/Emanuele/Documents/sloeber-workspace/Modem1/Release/arduino.ar(main.cpp.o)
                0x0000846a                initVariant()
 .text.startup.main
                0x0000846c       0x40 C:/Users/Emanuele/Documents/sloeber-workspace/Modem1/Release/arduino.ar(main.cpp.o)
                0x0000846c                main
 .text._Znwj    0x000084ac        0x8 C:/Users/Emanuele/Documents/sloeber-workspace/Modem1/Release/arduino.ar(new.cpp.o)
                0x000084ac                operator new(unsigned int)
 .text.SystemInit
                0x000084b4      0x168 C:/Users/Emanuele/Documents/sloeber-workspace/Modem1/Release/arduino.ar(startup.c.o)
                0x000084b4                SystemInit
 .text.init     0x0000861c       0xf0 C:/Users/Emanuele/Documents/sloeber-workspace/Modem1/Release/arduino.ar(wiring.c.o)
                0x0000861c                init
 .text.mapResolution
                0x0000870c       0x12 C:/Users/Emanuele/Documents/sloeber-workspace/Modem1/Release/arduino.ar(wiring_analog.c.o)
 *fill*         0x0000871e        0x2 
 .text.analogReadResolution
                0x00008720       0x4c C:/Users/Emanuele/Documents/sloeber-workspace/Modem1/Release/arduino.ar(wiring_analog.c.o)
                0x00008720                analogReadResolution
 .text.analogReference
                0x0000876c       0x5c C:/Users/Emanuele/Documents/sloeber-workspace/Modem1/Release/arduino.ar(wiring_analog.c.o)
                0x0000876c                analogReference
 .text.analogRead
                0x000087c8       0xe4 C:/Users/Emanuele/Documents/sloeber-workspace/Modem1/Release/arduino.ar(wiring_analog.c.o)
                0x000087c8                analogRead
 .text.pinMode  0x000088ac       0xb4 C:/Users/Emanuele/Documents/sloeber-workspace/Modem1/Release/arduino.ar(wiring_digital.c.o)
                0x000088ac                pinMode
 .text.digitalWrite
                0x00008960       0x60 C:/Users/Emanuele/Documents/sloeber-workspace/Modem1/Release/arduino.ar(wiring_digital.c.o)
                0x00008960                digitalWrite
 .text.pinPeripheral
                0x000089c0       0xc4 C:/Users/Emanuele/Documents/sloeber-workspace/Modem1/Release/arduino.ar(wiring_private.c.o)
                0x000089c0                pinPeripheral
 .text._ZN13PluggableUSB_12getInterfaceEPh
                0x00008a84       0x2a C:/Users/Emanuele/Documents/sloeber-workspace/Modem1/Release/arduino.ar(PluggableUSB.cpp.o)
                0x00008a84                PluggableUSB_::getInterface(unsigned char*)
 .text._ZN13PluggableUSB_13getDescriptorER8USBSetup
                0x00008aae       0x20 C:/Users/Emanuele/Documents/sloeber-workspace/Modem1/Release/arduino.ar(PluggableUSB.cpp.o)
                0x00008aae                PluggableUSB_::getDescriptor(USBSetup&)
 .text._ZN13PluggableUSB_12getShortNameEPc
                0x00008ace       0x1e C:/Users/Emanuele/Documents/sloeber-workspace/Modem1/Release/arduino.ar(PluggableUSB.cpp.o)
                0x00008ace                PluggableUSB_::getShortName(char*)
 .text._ZN13PluggableUSB_5setupER8USBSetup
                0x00008aec       0x24 C:/Users/Emanuele/Documents/sloeber-workspace/Modem1/Release/arduino.ar(PluggableUSB.cpp.o)
                0x00008aec                PluggableUSB_::setup(USBSetup&)
 .text._Z12PluggableUSBv
                0x00008b10       0x24 C:/Users/Emanuele/Documents/sloeber-workspace/Modem1/Release/arduino.ar(PluggableUSB.cpp.o)
                0x00008b10                PluggableUSB()
 .text          0x00008b34       0x14 c:/program files/sloeber/arduinoplugin/packages/arduino/tools/arm-none-eabi-gcc/4.8.3-2014q1/bin/../lib/gcc/arm-none-eabi/4.8.3/armv6-m\libgcc.a(_thumb1_case_uqi.o)
                0x00008b34                __gnu_thumb1_case_uqi
 .text          0x00008b48       0x14 c:/program files/sloeber/arduinoplugin/packages/arduino/tools/arm-none-eabi-gcc/4.8.3-2014q1/bin/../lib/gcc/arm-none-eabi/4.8.3/armv6-m\libgcc.a(_thumb1_case_uhi.o)
                0x00008b48                __gnu_thumb1_case_uhi
 .text          0x00008b5c       0x9c c:/program files/sloeber/arduinoplugin/packages/arduino/tools/arm-none-eabi-gcc/4.8.3-2014q1/bin/../lib/gcc/arm-none-eabi/4.8.3/armv6-m\libgcc.a(_udivsi3.o)
                0x00008b5c                __aeabi_uidiv
                0x00008b5c                __udivsi3
                0x00008be4                __aeabi_uidivmod
 .text          0x00008bf8       0xc0 c:/program files/sloeber/arduinoplugin/packages/arduino/tools/arm-none-eabi-gcc/4.8.3-2014q1/bin/../lib/gcc/arm-none-eabi/4.8.3/armv6-m\libgcc.a(_divsi3.o)
                0x00008bf8                __divsi3
                0x00008bf8                __aeabi_idiv
                0x00008ca4                __aeabi_idivmod
 .text          0x00008cb8        0x4 c:/program files/sloeber/arduinoplugin/packages/arduino/tools/arm-none-eabi-gcc/4.8.3-2014q1/bin/../lib/gcc/arm-none-eabi/4.8.3/armv6-m\libgcc.a(_dvmd_tls.o)
                0x00008cb8                __aeabi_idiv0
                0x00008cb8                __aeabi_ldiv0
 .text          0x00008cbc       0x7c c:/program files/sloeber/arduinoplugin/packages/arduino/tools/arm-none-eabi-gcc/4.8.3-2014q1/bin/../lib/gcc/arm-none-eabi/4.8.3/armv6-m\libgcc.a(_arm_cmpdf2.o)
                0x00008cbc                __aeabi_cdrcmple
                0x00008ccc                __aeabi_cdcmple
                0x00008ccc                __aeabi_cdcmpeq
                0x00008cdc                __aeabi_dcmpeq
                0x00008ce8                __aeabi_dcmplt
                0x00008cfc                __aeabi_dcmple
                0x00008d10                __aeabi_dcmpgt
                0x00008d24                __aeabi_dcmpge
 .text          0x00008d38       0x74 c:/program files/sloeber/arduinoplugin/packages/arduino/tools/arm-none-eabi-gcc/4.8.3-2014q1/bin/../lib/gcc/arm-none-eabi/4.8.3/armv6-m\libgcc.a(_arm_cmpsf2.o)
                0x00008d38                __aeabi_cfrcmple
                0x00008d40                __aeabi_cfcmpeq
                0x00008d40                __aeabi_cfcmple
                0x00008d50                __aeabi_fcmpeq
                0x00008d5c                __aeabi_fcmplt
                0x00008d70                __aeabi_fcmple
                0x00008d84                __aeabi_fcmpgt
                0x00008d98                __aeabi_fcmpge
 .text          0x00008dac       0x48 c:/program files/sloeber/arduinoplugin/packages/arduino/tools/arm-none-eabi-gcc/4.8.3-2014q1/bin/../lib/gcc/arm-none-eabi/4.8.3/armv6-m\libgcc.a(_aeabi_ldivmod.o)
                0x00008dac                __aeabi_ldivmod
 .text          0x00008df4       0x44 c:/program files/sloeber/arduinoplugin/packages/arduino/tools/arm-none-eabi-gcc/4.8.3-2014q1/bin/../lib/gcc/arm-none-eabi/4.8.3/armv6-m\libgcc.a(_muldi3.o)
                0x00008df4                __muldi3
                0x00008df4                __aeabi_lmul
 .text          0x00008e38       0x30 c:/program files/sloeber/arduinoplugin/packages/arduino/tools/arm-none-eabi-gcc/4.8.3-2014q1/bin/../lib/gcc/arm-none-eabi/4.8.3/armv6-m\libgcc.a(_fixunssfsi.o)
                0x00008e38                __fixunssfsi
                0x00008e38                __aeabi_f2uiz
 .text          0x00008e68       0x40 c:/program files/sloeber/arduinoplugin/packages/arduino/tools/arm-none-eabi-gcc/4.8.3-2014q1/bin/../lib/gcc/arm-none-eabi/4.8.3/armv6-m\libgcc.a(_fixunsdfsi.o)
                0x00008e68                __aeabi_d2uiz
                0x00008e68                __fixunsdfsi
 .text          0x00008ea8       0x70 c:/program files/sloeber/arduinoplugin/packages/arduino/tools/arm-none-eabi-gcc/4.8.3-2014q1/bin/../lib/gcc/arm-none-eabi/4.8.3/armv6-m\libgcc.a(_floatdisf.o)
                0x00008ea8                __aeabi_l2f
                0x00008ea8                __floatdisf
 .text          0x00008f18       0x6c c:/program files/sloeber/arduinoplugin/packages/arduino/tools/arm-none-eabi-gcc/4.8.3-2014q1/bin/../lib/gcc/arm-none-eabi/4.8.3/armv6-m\libgcc.a(bpabi.o)
                0x00008f18                __gnu_ldivmod_helper
                0x00008f50                __gnu_uldivmod_helper
 .text          0x00008f84      0x24c c:/program files/sloeber/arduinoplugin/packages/arduino/tools/arm-none-eabi-gcc/4.8.3-2014q1/bin/../lib/gcc/arm-none-eabi/4.8.3/armv6-m\libgcc.a(divsf3.o)
                0x00008f84                __aeabi_fdiv
 .text          0x000091d0       0x54 c:/program files/sloeber/arduinoplugin/packages/arduino/tools/arm-none-eabi-gcc/4.8.3-2014q1/bin/../lib/gcc/arm-none-eabi/4.8.3/armv6-m\libgcc.a(eqsf2.o)
                0x000091d0                __eqsf2
                0x000091d0                __nesf2
 .text          0x00009224       0x90 c:/program files/sloeber/arduinoplugin/packages/arduino/tools/arm-none-eabi-gcc/4.8.3-2014q1/bin/../lib/gcc/arm-none-eabi/4.8.3/armv6-m\libgcc.a(gesf2.o)
                0x00009224                __gesf2
                0x00009224                __gtsf2
 .text          0x000092b4       0x98 c:/program files/sloeber/arduinoplugin/packages/arduino/tools/arm-none-eabi-gcc/4.8.3-2014q1/bin/../lib/gcc/arm-none-eabi/4.8.3/armv6-m\libgcc.a(lesf2.o)
                0x000092b4                __ltsf2
                0x000092b4                __lesf2
 .text          0x0000934c      0x254 c:/program files/sloeber/arduinoplugin/packages/arduino/tools/arm-none-eabi-gcc/4.8.3-2014q1/bin/../lib/gcc/arm-none-eabi/4.8.3/armv6-m\libgcc.a(mulsf3.o)
                0x0000934c                __aeabi_fmul
 .text          0x000095a0      0x2e0 c:/program files/sloeber/arduinoplugin/packages/arduino/tools/arm-none-eabi-gcc/4.8.3-2014q1/bin/../lib/gcc/arm-none-eabi/4.8.3/armv6-m\libgcc.a(subsf3.o)
                0x000095a0                __aeabi_fsub
 .text          0x00009880       0x40 c:/program files/sloeber/arduinoplugin/packages/arduino/tools/arm-none-eabi-gcc/4.8.3-2014q1/bin/../lib/gcc/arm-none-eabi/4.8.3/armv6-m\libgcc.a(fixsfsi.o)
                0x00009880                __aeabi_f2iz
 .text          0x000098c0       0xb8 c:/program files/sloeber/arduinoplugin/packages/arduino/tools/arm-none-eabi-gcc/4.8.3-2014q1/bin/../lib/gcc/arm-none-eabi/4.8.3/armv6-m\libgcc.a(floatsisf.o)
                0x000098c0                __aeabi_i2f
 .text          0x00009978       0xa0 c:/program files/sloeber/arduinoplugin/packages/arduino/tools/arm-none-eabi-gcc/4.8.3-2014q1/bin/../lib/gcc/arm-none-eabi/4.8.3/armv6-m\libgcc.a(floatunsisf.o)
                0x00009978                __aeabi_ui2f
 .text          0x00009a18      0x638 c:/program files/sloeber/arduinoplugin/packages/arduino/tools/arm-none-eabi-gcc/4.8.3-2014q1/bin/../lib/gcc/arm-none-eabi/4.8.3/armv6-m\libgcc.a(adddf3.o)
                0x00009a18                __aeabi_dadd
 .text          0x0000a050      0x648 c:/program files/sloeber/arduinoplugin/packages/arduino/tools/arm-none-eabi-gcc/4.8.3-2014q1/bin/../lib/gcc/arm-none-eabi/4.8.3/armv6-m\libgcc.a(divdf3.o)
                0x0000a050                __aeabi_ddiv
 .text          0x0000a698       0x94 c:/program files/sloeber/arduinoplugin/packages/arduino/tools/arm-none-eabi-gcc/4.8.3-2014q1/bin/../lib/gcc/arm-none-eabi/4.8.3/armv6-m\libgcc.a(eqdf2.o)
                0x0000a698                __nedf2
                0x0000a698                __eqdf2
 .text          0x0000a72c       0xfc c:/program files/sloeber/arduinoplugin/packages/arduino/tools/arm-none-eabi-gcc/4.8.3-2014q1/bin/../lib/gcc/arm-none-eabi/4.8.3/armv6-m\libgcc.a(gedf2.o)
                0x0000a72c                __gedf2
                0x0000a72c                __gtdf2
 .text          0x0000a828       0xfc c:/program files/sloeber/arduinoplugin/packages/arduino/tools/arm-none-eabi-gcc/4.8.3-2014q1/bin/../lib/gcc/arm-none-eabi/4.8.3/armv6-m\libgcc.a(ledf2.o)
                0x0000a828                __ledf2
                0x0000a828                __ltdf2
 .text          0x0000a924      0x520 c:/program files/sloeber/arduinoplugin/packages/arduino/tools/arm-none-eabi-gcc/4.8.3-2014q1/bin/../lib/gcc/arm-none-eabi/4.8.3/armv6-m\libgcc.a(muldf3.o)
                0x0000a924                __aeabi_dmul
 .text          0x0000ae44      0x654 c:/program files/sloeber/arduinoplugin/packages/arduino/tools/arm-none-eabi-gcc/4.8.3-2014q1/bin/../lib/gcc/arm-none-eabi/4.8.3/armv6-m\libgcc.a(subdf3.o)
                0x0000ae44                __aeabi_dsub
 .text          0x0000b498       0x68 c:/program files/sloeber/arduinoplugin/packages/arduino/tools/arm-none-eabi-gcc/4.8.3-2014q1/bin/../lib/gcc/arm-none-eabi/4.8.3/armv6-m\libgcc.a(fixdfsi.o)
                0x0000b498                __aeabi_d2iz
 .text          0x0000b500       0x7c c:/program files/sloeber/arduinoplugin/packages/arduino/tools/arm-none-eabi-gcc/4.8.3-2014q1/bin/../lib/gcc/arm-none-eabi/4.8.3/armv6-m\libgcc.a(floatsidf.o)
                0x0000b500                __aeabi_i2d
 .text          0x0000b57c       0x68 c:/program files/sloeber/arduinoplugin/packages/arduino/tools/arm-none-eabi-gcc/4.8.3-2014q1/bin/../lib/gcc/arm-none-eabi/4.8.3/armv6-m\libgcc.a(floatunsidf.o)
                0x0000b57c                __aeabi_ui2d
 .text          0x0000b5e4       0xa4 c:/program files/sloeber/arduinoplugin/packages/arduino/tools/arm-none-eabi-gcc/4.8.3-2014q1/bin/../lib/gcc/arm-none-eabi/4.8.3/armv6-m\libgcc.a(extendsfdf2.o)
                0x0000b5e4                __aeabi_f2d
 .text          0x0000b688      0x118 c:/program files/sloeber/arduinoplugin/packages/arduino/tools/arm-none-eabi-gcc/4.8.3-2014q1/bin/../lib/gcc/arm-none-eabi/4.8.3/armv6-m\libgcc.a(truncdfsf2.o)
                0x0000b688                __aeabi_d2f
 .text          0x0000b7a0       0x3c c:/program files/sloeber/arduinoplugin/packages/arduino/tools/arm-none-eabi-gcc/4.8.3-2014q1/bin/../lib/gcc/arm-none-eabi/4.8.3/armv6-m\libgcc.a(_clzsi2.o)
                0x0000b7a0                __clzsi2
 .text          0x0000b7dc      0x3b8 c:/program files/sloeber/arduinoplugin/packages/arduino/tools/arm-none-eabi-gcc/4.8.3-2014q1/bin/../lib/gcc/arm-none-eabi/4.8.3/armv6-m\libgcc.a(_divdi3.o)
                0x0000b7dc                __divdi3
 .text          0x0000bb94      0x384 c:/program files/sloeber/arduinoplugin/packages/arduino/tools/arm-none-eabi-gcc/4.8.3-2014q1/bin/../lib/gcc/arm-none-eabi/4.8.3/armv6-m\libgcc.a(_udivdi3.o)
                0x0000bb94                __udivdi3
 .text.atoi     0x0000bf18        0xc c:/program files/sloeber/arduinoplugin/packages/arduino/tools/arm-none-eabi-gcc/4.8.3-2014q1/bin/../lib/gcc/arm-none-eabi/4.8.3/../../../../arm-none-eabi/lib/armv6-m\libc_s.a(lib_a-atoi.o)
                0x0000bf18                atoi
 .text.__errno  0x0000bf24        0xc c:/program files/sloeber/arduinoplugin/packages/arduino/tools/arm-none-eabi-gcc/4.8.3-2014q1/bin/../lib/gcc/arm-none-eabi/4.8.3/../../../../arm-none-eabi/lib/armv6-m\libc_s.a(lib_a-errno.o)
                0x0000bf24                __errno
 .text.__libc_init_array
                0x0000bf30       0x4c c:/program files/sloeber/arduinoplugin/packages/arduino/tools/arm-none-eabi-gcc/4.8.3-2014q1/bin/../lib/gcc/arm-none-eabi/4.8.3/../../../../arm-none-eabi/lib/armv6-m\libc_s.a(lib_a-init.o)
                0x0000bf30                __libc_init_array
 .text.malloc   0x0000bf7c       0x14 c:/program files/sloeber/arduinoplugin/packages/arduino/tools/arm-none-eabi-gcc/4.8.3-2014q1/bin/../lib/gcc/arm-none-eabi/4.8.3/../../../../arm-none-eabi/lib/armv6-m\libc_s.a(lib_a-malloc.o)
                0x0000bf7c                malloc
 .text.memcmp   0x0000bf90       0x1e c:/program files/sloeber/arduinoplugin/packages/arduino/tools/arm-none-eabi-gcc/4.8.3-2014q1/bin/../lib/gcc/arm-none-eabi/4.8.3/../../../../arm-none-eabi/lib/armv6-m\libc_s.a(lib_a-memcmp.o)
                0x0000bf90                memcmp
 .text.memcpy   0x0000bfae       0x12 c:/program files/sloeber/arduinoplugin/packages/arduino/tools/arm-none-eabi-gcc/4.8.3-2014q1/bin/../lib/gcc/arm-none-eabi/4.8.3/../../../../arm-none-eabi/lib/armv6-m\libc_s.a(lib_a-memcpy-stub.o)
                0x0000bfae                memcpy
 .text.memmove  0x0000bfc0       0x32 c:/program files/sloeber/arduinoplugin/packages/arduino/tools/arm-none-eabi-gcc/4.8.3-2014q1/bin/../lib/gcc/arm-none-eabi/4.8.3/../../../../arm-none-eabi/lib/armv6-m\libc_s.a(lib_a-memmove.o)
                0x0000bfc0                memmove
 .text.memset   0x0000bff2       0x10 c:/program files/sloeber/arduinoplugin/packages/arduino/tools/arm-none-eabi-gcc/4.8.3-2014q1/bin/../lib/gcc/arm-none-eabi/4.8.3/../../../../arm-none-eabi/lib/armv6-m\libc_s.a(lib_a-memset.o)
                0x0000bff2                memset
 *fill*         0x0000c002        0x2 
 .text._free_r  0x0000c004       0x90 c:/program files/sloeber/arduinoplugin/packages/arduino/tools/arm-none-eabi-gcc/4.8.3-2014q1/bin/../lib/gcc/arm-none-eabi/4.8.3/../../../../arm-none-eabi/lib/armv6-m\libc_s.a(lib_a-nano-freer.o)
                0x0000c004                _free_r
 .text._malloc_r
                0x0000c094       0xa8 c:/program files/sloeber/arduinoplugin/packages/arduino/tools/arm-none-eabi-gcc/4.8.3-2014q1/bin/../lib/gcc/arm-none-eabi/4.8.3/../../../../arm-none-eabi/lib/armv6-m\libc_s.a(lib_a-nano-mallocr.o)
                0x0000c094                _malloc_r
 .text._sbrk_r  0x0000c13c       0x24 c:/program files/sloeber/arduinoplugin/packages/arduino/tools/arm-none-eabi-gcc/4.8.3-2014q1/bin/../lib/gcc/arm-none-eabi/4.8.3/../../../../arm-none-eabi/lib/armv6-m\libc_s.a(lib_a-sbrkr.o)
                0x0000c13c                _sbrk_r
 .text.sprintf  0x0000c160       0x44 c:/program files/sloeber/arduinoplugin/packages/arduino/tools/arm-none-eabi-gcc/4.8.3-2014q1/bin/../lib/gcc/arm-none-eabi/4.8.3/../../../../arm-none-eabi/lib/armv6-m\libc_s.a(lib_a-sprintf.o)
                0x0000c160                siprintf
                0x0000c160                sprintf
 .text.strcat   0x0000c1a4       0x1a c:/program files/sloeber/arduinoplugin/packages/arduino/tools/arm-none-eabi-gcc/4.8.3-2014q1/bin/../lib/gcc/arm-none-eabi/4.8.3/../../../../arm-none-eabi/lib/armv6-m\libc_s.a(lib_a-strcat.o)
                0x0000c1a4                strcat
 .text          0x0000c1be       0x14 c:/program files/sloeber/arduinoplugin/packages/arduino/tools/arm-none-eabi-gcc/4.8.3-2014q1/bin/../lib/gcc/arm-none-eabi/4.8.3/../../../../arm-none-eabi/lib/armv6-m\libc_s.a(lib_a-strcmp.o)
                0x0000c1be                strcmp
 .text.strcpy   0x0000c1d2       0x10 c:/program files/sloeber/arduinoplugin/packages/arduino/tools/arm-none-eabi-gcc/4.8.3-2014q1/bin/../lib/gcc/arm-none-eabi/4.8.3/../../../../arm-none-eabi/lib/armv6-m\libc_s.a(lib_a-strcpy.o)
                0x0000c1d2                strcpy
 .text.strlen   0x0000c1e2        0xe c:/program files/sloeber/arduinoplugin/packages/arduino/tools/arm-none-eabi-gcc/4.8.3-2014q1/bin/../lib/gcc/arm-none-eabi/4.8.3/../../../../arm-none-eabi/lib/armv6-m\libc_s.a(lib_a-strlen.o)
                0x0000c1e2                strlen
 .text.strncpy  0x0000c1f0       0x28 c:/program files/sloeber/arduinoplugin/packages/arduino/tools/arm-none-eabi-gcc/4.8.3-2014q1/bin/../lib/gcc/arm-none-eabi/4.8.3/../../../../arm-none-eabi/lib/armv6-m\libc_s.a(lib_a-strncpy.o)
                0x0000c1f0                strncpy
 .text.strtok   0x0000c218       0x64 c:/program files/sloeber/arduinoplugin/packages/arduino/tools/arm-none-eabi-gcc/4.8.3-2014q1/bin/../lib/gcc/arm-none-eabi/4.8.3/../../../../arm-none-eabi/lib/armv6-m\libc_s.a(lib_a-strtok.o)
                0x0000c218                strtok
 .text.__strtok_r
                0x0000c27c       0x5c c:/program files/sloeber/arduinoplugin/packages/arduino/tools/arm-none-eabi-gcc/4.8.3-2014q1/bin/../lib/gcc/arm-none-eabi/4.8.3/../../../../arm-none-eabi/lib/armv6-m\libc_s.a(lib_a-strtok_r.o)
                0x0000c27c                __strtok_r
 .text._strtol_r
                0x0000c2d8      0x114 c:/program files/sloeber/arduinoplugin/packages/arduino/tools/arm-none-eabi-gcc/4.8.3-2014q1/bin/../lib/gcc/arm-none-eabi/4.8.3/../../../../arm-none-eabi/lib/armv6-m\libc_s.a(lib_a-strtol.o)
                0x0000c2d8                _strtol_r
 .text.strtol   0x0000c3ec       0x1c c:/program files/sloeber/arduinoplugin/packages/arduino/tools/arm-none-eabi-gcc/4.8.3-2014q1/bin/../lib/gcc/arm-none-eabi/4.8.3/../../../../arm-none-eabi/lib/armv6-m\libc_s.a(lib_a-strtol.o)
                0x0000c3ec                strtol
 .text.__ssputs_r
                0x0000c408       0xc0 c:/program files/sloeber/arduinoplugin/packages/arduino/tools/arm-none-eabi-gcc/4.8.3-2014q1/bin/../lib/gcc/arm-none-eabi/4.8.3/../../../../arm-none-eabi/lib/armv6-m\libc_s.a(lib_a-svfprintf.o)
                0x0000c408                __ssputs_r
 .text._svfprintf_r