Archive member included because of file (symbol)

c:/program files/sloeber/arduinoplugin/packages/arduino/tools/arm-none-eabi-gcc/4.8.3-2014q1/bin/../lib/gcc/arm-none-eabi/4.8.3/../../../../arm-none-eabi/lib/armv6-m\libm.a(lib_a-w_pow.o)
                              .\libraries\SparkFun_BME280\src\SparkFunBME280.cpp.o (pow)
c:/program files/sloeber/arduinoplugin/packages/arduino/tools/arm-none-eabi-gcc/4.8.3-2014q1/bin/../lib/gcc/arm-none-eabi/4.8.3/../../../../arm-none-eabi/lib/armv6-m\libm.a(lib_a-e_pow.o)
                              c:/program files/sloeber/arduinoplugin/packages/arduino/tools/arm-none-eabi-gcc/4.8.3-2014q1/bin/../lib/gcc/arm-none-eabi/4.8.3/../../../../arm-none-eabi/lib/armv6-m\libm.a(lib_a-w_pow.o) (__ieee754_pow)
c:/program files/sloeber/arduinoplugin/packages/arduino/tools/arm-none-eabi-gcc/4.8.3-2014q1/bin/../lib/gcc/arm-none-eabi/4.8.3/../../../../arm-none-eabi/lib/armv6-m\libm.a(lib_a-e_sqrt.o)
                              c:/program files/sloeber/arduinoplugin/packages/arduino/tools/arm-none-eabi-gcc/4.8.3-2014q1/bin/../lib/gcc/arm-none-eabi/4.8.3/../../../../arm-none-eabi/lib/armv6-m\libm.a(lib_a-e_pow.o) (__ieee754_sqrt)
c:/program files/sloeber/arduinoplugin/packages/arduino/tools/arm-none-eabi-gcc/4.8.3-2014q1/bin/../lib/gcc/arm-none-eabi/4.8.3/../../../../arm-none-eabi/lib/armv6-m\libm.a(lib_a-s_fabs.o)
                              c:/program files/sloeber/arduinoplugin/packages/arduino/tools/arm-none-eabi-gcc/4.8.3-2014q1/bin/../lib/gcc/arm-none-eabi/4.8.3/../../../../arm-none-eabi/lib/armv6-m\libm.a(lib_a-e_pow.o) (fabs)
c:/program files/sloeber/arduinoplugin/packages/arduino/tools/arm-none-eabi-gcc/4.8.3-2014q1/bin/../lib/gcc/arm-none-eabi/4.8.3/../../../../arm-none-eabi/lib/armv6-m\libm.a(lib_a-s_finite.o)
                              c:/program files/sloeber/arduinoplugin/packages/arduino/tools/arm-none-eabi-gcc/4.8.3-2014q1/bin/../lib/gcc/arm-none-eabi/4.8.3/../../../../arm-none-eabi/lib/armv6-m\libm.a(lib_a-w_pow.o) (finite)
c:/program files/sloeber/arduinoplugin/packages/arduino/tools/arm-none-eabi-gcc/4.8.3-2014q1/bin/../lib/gcc/arm-none-eabi/4.8.3/../../../../arm-none-eabi/lib/armv6-m\libm.a(lib_a-s_fpclassify.o)
                              c:/program files/sloeber/arduinoplugin/packages/arduino/tools/arm-none-eabi-gcc/4.8.3-2014q1/bin/../lib/gcc/arm-none-eabi/4.8.3/../../../../arm-none-eabi/lib/armv6-m\libm.a(lib_a-w_pow.o) (__fpclassifyd)
c:/program files/sloeber/arduinoplugin/packages/arduino/tools/arm-none-eabi-gcc/4.8.3-2014q1/bin/../lib/gcc/arm-none-eabi/4.8.3/../../../../arm-none-eabi/lib/armv6-m\libm.a(lib_a-s_lib_ver.o)
                              c:/program files/sloeber/arduinoplugin/packages/arduino/tools/arm-none-eabi-gcc/4.8.3-2014q1/bin/../lib/gcc/arm-none-eabi/4.8.3/../../../../arm-none-eabi/lib/armv6-m\libm.a(lib_a-w_pow.o) (__fdlib_version)
c:/program files/sloeber/arduinoplugin/packages/arduino/tools/arm-none-eabi-gcc/4.8.3-2014q1/bin/../lib/gcc/arm-none-eabi/4.8.3/../../../../arm-none-eabi/lib/armv6-m\libm.a(lib_a-s_matherr.o)
                              c:/program files/sloeber/arduinoplugin/packages/arduino/tools/arm-none-eabi-gcc/4.8.3-2014q1/bin/../lib/gcc/arm-none-eabi/4.8.3/../../../../arm-none-eabi/lib/armv6-m\libm.a(lib_a-w_pow.o) (matherr)
c:/program files/sloeber/arduinoplugin/packages/arduino/tools/arm-none-eabi-gcc/4.8.3-2014q1/bin/../lib/gcc/arm-none-eabi/4.8.3/../../../../arm-none-eabi/lib/armv6-m\libm.a(lib_a-s_nan.o)
                              c:/program files/sloeber/arduinoplugin/packages/arduino/tools/arm-none-eabi-gcc/4.8.3-2014q1/bin/../lib/gcc/arm-none-eabi/4.8.3/../../../../arm-none-eabi/lib/armv6-m\libm.a(lib_a-e_pow.o) (nan)
c:/program files/sloeber/arduinoplugin/packages/arduino/tools/arm-none-eabi-gcc/4.8.3-2014q1/bin/../lib/gcc/arm-none-eabi/4.8.3/../../../../arm-none-eabi/lib/armv6-m\libm.a(lib_a-s_rint.o)
                              c:/program files/sloeber/arduinoplugin/packages/arduino/tools/arm-none-eabi-gcc/4.8.3-2014q1/bin/../lib/gcc/arm-none-eabi/4.8.3/../../../../arm-none-eabi/lib/armv6-m\libm.a(lib_a-w_pow.o) (rint)
c:/program files/sloeber/arduinoplugin/packages/arduino/tools/arm-none-eabi-gcc/4.8.3-2014q1/bin/../lib/gcc/arm-none-eabi/4.8.3/../../../../arm-none-eabi/lib/armv6-m\libm.a(lib_a-s_scalbn.o)
                              c:/program files/sloeber/arduinoplugin/packages/arduino/tools/arm-none-eabi-gcc/4.8.3-2014q1/bin/../lib/gcc/arm-none-eabi/4.8.3/../../../../arm-none-eabi/lib/armv6-m\libm.a(lib_a-e_pow.o) (scalbn)
c:/program files/sloeber/arduinoplugin/packages/arduino/tools/arm-none-eabi-gcc/4.8.3-2014q1/bin/../lib/gcc/arm-none-eabi/4.8.3/../../../../arm-none-eabi/lib/armv6-m\libm.a(lib_a-s_copysign.o)
                              c:/program files/sloeber/arduinoplugin/packages/arduino/tools/arm-none-eabi-gcc/4.8.3-2014q1/bin/../lib/gcc/arm-none-eabi/4.8.3/../../../../arm-none-eabi/lib/armv6-m\libm.a(lib_a-s_scalbn.o) (copysign)
[...]
Memory Configuration

Name             Origin             Length             Attributes
FLASH            0x00002000         0x0003e000         xr
RAM              0x20000000         0x00008000         xrw
*default*        0x00000000         0xffffffff

Linker script and memory map

LOAD c:/program files/sloeber/arduinoplugin/packages/arduino/tools/arm-none-eabi-gcc/4.8.3-2014q1/bin/../lib/gcc/arm-none-eabi/4.8.3/armv6-m/crti.o
LOAD c:/program files/sloeber/arduinoplugin/packages/arduino/tools/arm-none-eabi-gcc/4.8.3-2014q1/bin/../lib/gcc/arm-none-eabi/4.8.3/armv6-m/crtbegin.o
LOAD c:/program files/sloeber/arduinoplugin/packages/arduino/tools/arm-none-eabi-gcc/4.8.3-2014q1/bin/../lib/gcc/arm-none-eabi/4.8.3/../../../../arm-none-eabi/lib/armv6-m/crt0.o
LOAD .\sloeber.ino.cpp.o
LOAD .\libraries\Wire\Wire.cpp.o
LOAD .\libraries\SparkFun_BME280\src\SparkFunBME280.cpp.o
LOAD .\libraries\SPI\SPI.cpp.o
LOAD .\libraries\RTCZero\src\RTCZero.cpp.o
LOAD .\libraries\OneWire\OneWire.cpp.o
LOAD .\libraries\ClosedCube_OPT3001\src\ClosedCube_OPT3001.cpp.o
LOAD .\libraries\Adafruit_HTU21DF_Library\Adafruit_HTU21DF.cpp.o
LOAD .\arduinoLoRaWAN\arduinoLoRaWAN.cpp.o
LOAD .\arduinoLoRaWAN\configLoRaWAN.cpp.o
LOAD .\arduino-api\arduinoUART.cpp.o
START GROUP
LOAD C:\Program Files\sloeber\/arduinoPlugin/packages/arduino/tools/CMSIS/4.5.0/CMSIS/Lib/GCC/\libarm_cortexM0l_math.a
LOAD c:/program files/sloeber/arduinoplugin/packages/arduino/tools/arm-none-eabi-gcc/4.8.3-2014q1/bin/../lib/gcc/arm-none-eabi/4.8.3/../../../../arm-none-eabi/lib/armv6-m\libm.a
LOAD C:/Users/Emanuele/Documents/sloeber-workspace/Modem1/Release/arduino.ar
END GROUP
START GROUP
LOAD c:/program files/sloeber/arduinoplugin/packages/arduino/tools/arm-none-eabi-gcc/4.8.3-2014q1/bin/../lib/gcc/arm-none-eabi/4.8.3/armv6-m\libgcc.a
LOAD c:/program files/sloeber/arduinoplugin/packages/arduino/tools/arm-none-eabi-gcc/4.8.3-2014q1/bin/../lib/gcc/arm-none-eabi/4.8.3/../../../../arm-none-eabi/lib/armv6-m\libc_s.a
END GROUP
START GROUP
LOAD c:/program files/sloeber/arduinoplugin/packages/arduino/tools/arm-none-eabi-gcc/4.8.3-2014q1/bin/../lib/gcc/arm-none-eabi/4.8.3/armv6-m\libgcc.a
LOAD c:/program files/sloeber/arduinoplugin/packages/arduino/tools/arm-none-eabi-gcc/4.8.3-2014q1/bin/../lib/gcc/arm-none-eabi/4.8.3/../../../../arm-none-eabi/lib/armv6-m\libc_s.a
LOAD c:/program files/sloeber/arduinoplugin/packages/arduino/tools/arm-none-eabi-gcc/4.8.3-2014q1/bin/../lib/gcc/arm-none-eabi/4.8.3/../../../../arm-none-eabi/lib/armv6-m\libnosys.a
END GROUP
START GROUP
LOAD c:/program files/sloeber/arduinoplugin/packages/arduino/tools/arm-none-eabi-gcc/4.8.3-2014q1/bin/../lib/gcc/arm-none-eabi/4.8.3/armv6-m\libgcc.a
LOAD c:/program files/sloeber/arduinoplugin/packages/arduino/tools/arm-none-eabi-gcc/4.8.3-2014q1/bin/../lib/gcc/arm-none-eabi/4.8.3/../../../../arm-none-eabi/lib/armv6-m\libc_s.a
LOAD c:/program files/sloeber/arduinoplugin/packages/arduino/tools/arm-none-eabi-gcc/4.8.3-2014q1/bin/../lib/gcc/arm-none-eabi/4.8.3/../../../../arm-none-eabi/lib/armv6-m\libnosys.a
END GROUP
LOAD c:/program files/sloeber/arduinoplugin/packages/arduino/tools/arm-none-eabi-gcc/4.8.3-2014q1/bin/../lib/gcc/arm-none-eabi/4.8.3/armv6-m/crtend.o
LOAD c:/program files/sloeber/arduinoplugin/packages/arduino/tools/arm-none-eabi-gcc/4.8.3-2014q1/bin/../lib/gcc/arm-none-eabi/4.8.3/armv6-m/crtn.o

.text           0x00002000     0xc7d0
                0x00002000                __text_start__ = .
 *(.sketch_boot)
                0x00002000                . = ALIGN (0x2000)
 *(.isr_vector)
 .isr_vector    0x00002000       0xb4 C:/Users/Emanuele/Documents/sloeber-workspace/Modem1/Release/arduino.ar(cortex_handlers.c.o)
                0x00002000                exception_table
 *(.text*)
 .text          0x000020b4       0x60 c:/program files/sloeber/arduinoplugin/packages/arduino/tools/arm-none-eabi-gcc/4.8.3-2014q1/bin/../lib/gcc/arm-none-eabi/4.8.3/armv6-m/crtbegin.o
 .text._Z10alarmMatchv
                0x00002114       0x14 .\sloeber.ino.cpp.o
                0x00002114                alarmMatch()
 .text._Z11ds18b20Temp7OneWire
                0x00002128      0x11c .\sloeber.ino.cpp.o
                0x00002128                ds18b20Temp(OneWire)
 *fill*         0x00002244        0x4 
 .text.loop     0x00002248      0x4d0 .\sloeber.ino.cpp.o
                0x00002248                loop
 .text.startup._GLOBAL__sub_I_rtc
                0x00002718       0x38 .\sloeber.ino.cpp.o
 .text.setup    0x00002750      0x154 .\sloeber.ino.cpp.o
                0x00002750                setup
 .text._ZN7TwoWire5writeEPKhj
                0x000028a4       0x24 .\libraries\Wire\Wire.cpp.o
                0x000028a4                TwoWire::write(unsigned char const*, unsigned int)
 .text._ZN7TwoWire5flushEv
                0x000028c8        0x2 .\libraries\Wire\Wire.cpp.o
                0x000028c8                TwoWire::flush()
 .text._ZN7TwoWire4readEv
                0x000028ca        0xa .\libraries\Wire\Wire.cpp.o
                0x000028ca                TwoWire::read()
 .text._ZN7TwoWire9availableEv
                0x000028d4        0xa .\libraries\Wire\Wire.cpp.o
                0x000028d4                TwoWire::available()
 .text._ZN7TwoWire5writeEh
                0x000028de       0x28 .\libraries\Wire\Wire.cpp.o
                0x000028de                TwoWire::write(unsigned char)
 .text._ZN7TwoWire4peekEv
                0x00002906        0xa .\libraries\Wire\Wire.cpp.o
                0x00002906                TwoWire::peek()
 .text._ZN7TwoWireC2EP6SERCOMhh
                0x00002910       0x3c .\libraries\Wire\Wire.cpp.o
                0x00002910                TwoWire::TwoWire(SERCOM*, unsigned char, unsigned char)
                0x00002910                TwoWire::TwoWire(SERCOM*, unsigned char, unsigned char)
 .text._ZN7TwoWire5beginEv
                0x0000294c       0x40 .\libraries\Wire\Wire.cpp.o
                0x0000294c                TwoWire::begin()
 .text._ZN7TwoWire11requestFromEhjb
                0x0000298c       0x76 .\libraries\Wire\Wire.cpp.o
                0x0000298c                TwoWire::requestFrom(unsigned char, unsigned int, bool)
 .text._ZN7TwoWire11requestFromEhj
                0x00002a02        0xa .\libraries\Wire\Wire.cpp.o
                0x00002a02                TwoWire::requestFrom(unsigned char, unsigned int)
 .text._ZN7TwoWire17beginTransmissionEh
                0x00002a0c       0x16 .\libraries\Wire\Wire.cpp.o
                0x00002a0c                TwoWire::beginTransmission(unsigned char)
 .text._ZN7TwoWire15endTransmissionEb
                0x00002a22       0x66 .\libraries\Wire\Wire.cpp.o
                0x00002a22                TwoWire::endTransmission(bool)
 .text._ZN7TwoWire15endTransmissionEv
                0x00002a88        0xa .\libraries\Wire\Wire.cpp.o
                0x00002a88                TwoWire::endTransmission()
 .text._ZN7TwoWire9onServiceEv
                0x00002a92      0x104 .\libraries\Wire\Wire.cpp.o
                0x00002a92                TwoWire::onService()
 *fill*         0x00002b96        0x2 
 .text.SERCOM3_Handler
                0x00002b98       0x10 .\libraries\Wire\Wire.cpp.o
                0x00002b98                SERCOM3_Handler
 .text.startup._GLOBAL__sub_I__ZN7TwoWireC2EP6SERCOMhh
                0x00002ba8       0x18 .\libraries\Wire\Wire.cpp.o
 .text._ZN6BME280C2Ev
                0x00002bc0       0x16 .\libraries\SparkFun_BME280\src\SparkFunBME280.cpp.o
                0x00002bc0                BME280::BME280()
                0x00002bc0                BME280::BME280()
 *fill*         0x00002bd6        0x2 
 .text._ZN6BME28013writeRegisterEhh
                0x00002bd8       0x60 .\libraries\SparkFun_BME280\src\SparkFunBME280.cpp.o
                0x00002bd8                BME280::writeRegister(unsigned char, unsigned char)
 .text._ZN6BME28012readRegisterEh
                0x00002c38       0x7c .\libraries\SparkFun_BME280\src\SparkFunBME280.cpp.o
                0x00002c38                BME280::readRegister(unsigned char)
 .text._ZN6BME2805beginEv
                0x00002cb4      0x23c .\libraries\SparkFun_BME280\src\SparkFunBME280.cpp.o
                0x00002cb4                BME280::begin()
 .text._ZN6BME28017readFloatPressureEv
                0x00002ef0      0x1c0 .\libraries\SparkFun_BME280\src\SparkFunBME280.cpp.o
                0x00002ef0                BME280::readFloatPressure()
 .text._ZN6BME28017readFloatHumidityEv
                0x000030b0       0xa0 .\libraries\SparkFun_BME280\src\SparkFunBME280.cpp.o
                0x000030b0                BME280::readFloatHumidity()
 .text._ZN6BME2809readTempCEv
                0x00003150       0x64 .\libraries\SparkFun_BME280\src\SparkFunBME280.cpp.o
                0x00003150                BME280::readTempC()
 .text._ZN8SPIClass4initEv
                0x000031b4       0x12 .\libraries\SPI\SPI.cpp.o
                0x000031b4                SPIClass::init()
 .text._ZN8SPIClass6configE11SPISettings
                0x000031c6       0x36 .\libraries\SPI\SPI.cpp.o
                0x000031c6                SPIClass::config(SPISettings)
 .text._ZN8SPIClass5beginEv
                0x000031fc       0x50 .\libraries\SPI\SPI.cpp.o
                0x000031fc                SPIClass::begin()
 .text._ZN8SPIClass11setBitOrderE8BitOrder
                0x0000324c       0x14 .\libraries\SPI\SPI.cpp.o
                0x0000324c                SPIClass::setBitOrder(BitOrder)
 .text._ZN8SPIClass11setDataModeEh
                0x00003260       0x30 .\libraries\SPI\SPI.cpp.o
                0x00003260                SPIClass::setDataMode(unsigned char)
 .text._ZN8SPIClass15setClockDividerEh
                0x00003290       0x10 .\libraries\SPI\SPI.cpp.o
                0x00003290                SPIClass::setClockDivider(unsigned char)
 .text._ZN8SPIClass8transferEh
                0x000032a0        0xa .\libraries\SPI\SPI.cpp.o
                0x000032a0                SPIClass::transfer(unsigned char)
 *fill*         0x000032aa        0x2 
 .text.startup._GLOBAL__sub_I__ZN8SPIClassC2EP6SERCOMhhh14SercomSpiTXPad11SercomRXPad
                0x000032ac       0x38 .\libraries\SPI\SPI.cpp.o
 .text._ZN7RTCZeroC2Ev
                0x000032e4        0x6 .\libraries\RTCZero\src\RTCZero.cpp.o
                0x000032e4                RTCZero::RTCZero()
                0x000032e4                RTCZero::RTCZero()
 *fill*         0x000032ea        0x2 
 .text.RTC_Handler
                0x000032ec       0x1c .\libraries\RTCZero\src\RTCZero.cpp.o
                0x000032ec                RTC_Handler
 .text._ZN7RTCZero11enableAlarmENS_11Alarm_MatchE
                0x00003308       0x24 .\libraries\RTCZero\src\RTCZero.cpp.o
                0x00003308                RTCZero::enableAlarm(RTCZero::Alarm_Match)
 .text._ZN7RTCZero15attachInterruptEPFvvE
                0x0000332c        0xc .\libraries\RTCZero\src\RTCZero.cpp.o
                0x0000332c                RTCZero::attachInterrupt(void (*)())
 .text._ZN7RTCZero11standbyModeEv
                0x00003338       0x14 .\libraries\RTCZero\src\RTCZero.cpp.o
                0x00003338                RTCZero::standbyMode()
 .text._ZN7RTCZero15getAlarmSecondsEv
                0x0000334c       0x10 .\libraries\RTCZero\src\RTCZero.cpp.o
                0x0000334c                RTCZero::getAlarmSeconds()
 .text._ZN7RTCZero10setSecondsEh
                0x0000335c       0x24 .\libraries\RTCZero\src\RTCZero.cpp.o
                0x0000335c                RTCZero::setSeconds(unsigned char)
 .text._ZN7RTCZero10setMinutesEh
                0x00003380       0x28 .\libraries\RTCZero\src\RTCZero.cpp.o
                0x00003380                RTCZero::setMinutes(unsigned char)
 .text._ZN7RTCZero8setHoursEh
                0x000033a8       0x28 .\libraries\RTCZero\src\RTCZero.cpp.o
                0x000033a8                RTCZero::setHours(unsigned char)
 .text._ZN7RTCZero7setTimeEhhh
                0x000033d0       0x26 .\libraries\RTCZero\src\RTCZero.cpp.o
                0x000033d0                RTCZero::setTime(unsigned char, unsigned char, unsigned char)
 *fill*         0x000033f6        0x2 
 .text._ZN7RTCZero6setDayEh
                0x000033f8       0x28 .\libraries\RTCZero\src\RTCZero.cpp.o
                0x000033f8                RTCZero::setDay(unsigned char)
 .text._ZN7RTCZero8setMonthEh
                0x00003420       0x28 .\libraries\RTCZero\src\RTCZero.cpp.o
                0x00003420                RTCZero::setMonth(unsigned char)
 .text._ZN7RTCZero7setYearEh
                0x00003448       0x20 .\libraries\RTCZero\src\RTCZero.cpp.o
                0x00003448                RTCZero::setYear(unsigned char)
 .text._ZN7RTCZero7setDateEhhh
                0x00003468       0x24 .\libraries\RTCZero\src\RTCZero.cpp.o
                0x00003468                RTCZero::setDate(unsigned char, unsigned char, unsigned char)
 .text._ZN7RTCZero15setAlarmSecondsEh
                0x0000348c       0x24 .\libraries\RTCZero\src\RTCZero.cpp.o
                0x0000348c                RTCZero::setAlarmSeconds(unsigned char)
 .text._ZN7RTCZero14configureClockEv
                0x000034b0       0x3c .\libraries\RTCZero\src\RTCZero.cpp.o
                0x000034b0                RTCZero::configureClock()
 .text._ZN7RTCZero10RTCdisableEv
                0x000034ec       0x18 .\libraries\RTCZero\src\RTCZero.cpp.o
                0x000034ec                RTCZero::RTCdisable()
 .text._ZN7RTCZero9RTCenableEv
                0x00003504       0x18 .\libraries\RTCZero\src\RTCZero.cpp.o
                0x00003504                RTCZero::RTCenable()
 .text._ZN7RTCZero8RTCresetEv
                0x0000351c       0x18 .\libraries\RTCZero\src\RTCZero.cpp.o
                0x0000351c                RTCZero::RTCreset()
 .text._ZN7RTCZero14RTCresetRemoveEv
                0x00003534       0x18 .\libraries\RTCZero\src\RTCZero.cpp.o
                0x00003534                RTCZero::RTCresetRemove()
 .text._ZN7RTCZero5beginEb
                0x0000354c       0xd0 .\libraries\RTCZero\src\RTCZero.cpp.o
                0x0000354c                RTCZero::begin(bool)
 .text._ZN7OneWire5resetEv
                0x0000361c       0x52 .\libraries\OneWire\OneWire.cpp.o
                0x0000361c                OneWire::reset()
 .text._ZN7OneWire9write_bitEh
                0x0000366e       0x36 .\libraries\OneWire\OneWire.cpp.o
                0x0000366e                OneWire::write_bit(unsigned char)
 .text._ZN7OneWire8read_bitEv
                0x000036a4       0x2e .\libraries\OneWire\OneWire.cpp.o
                0x000036a4                OneWire::read_bit()
 .text._ZN7OneWire5writeEhh
                0x000036d2       0x3c .\libraries\OneWire\OneWire.cpp.o
                0x000036d2                OneWire::write(unsigned char, unsigned char)
 .text._ZN7OneWire4readEv
                0x0000370e       0x24 .\libraries\OneWire\OneWire.cpp.o
                0x0000370e                OneWire::read()
 .text._ZN7OneWire6selectEPKh
                0x00003732       0x22 .\libraries\OneWire\OneWire.cpp.o
                0x00003732                OneWire::select(unsigned char const*)
 .text._ZN7OneWire12reset_searchEv
                0x00003754       0x1a .\libraries\OneWire\OneWire.cpp.o
                0x00003754                OneWire::reset_search()
 *fill*         0x0000376e        0x2 
 .text._ZN7OneWireC2Eh
                0x00003770       0x3c .\libraries\OneWire\OneWire.cpp.o
                0x00003770                OneWire::OneWire(unsigned char)
                0x00003770                OneWire::OneWire(unsigned char)
 .text._ZN7OneWire6searchEPhb
                0x000037ac       0xec .\libraries\OneWire\OneWire.cpp.o
                0x000037ac                OneWire::search(unsigned char*, bool)
 .text._ZN7OneWire4crc8EPKhh
                0x00003898       0x20 .\libraries\OneWire\OneWire.cpp.o
                0x00003898                OneWire::crc8(unsigned char const*, unsigned char)
 .text._ZN7TwoWire5writeEi
                0x000038b8        0xc .\libraries\ClosedCube_OPT3001\src\ClosedCube_OPT3001.cpp.o
                0x000038b8                TwoWire::write(int)
 .text._ZN18ClosedCube_OPT3001C2Ev
                0x000038c4        0x2 .\libraries\ClosedCube_OPT3001\src\ClosedCube_OPT3001.cpp.o
                0x000038c4                ClosedCube_OPT3001::ClosedCube_OPT3001()
                0x000038c4                ClosedCube_OPT3001::ClosedCube_OPT3001()
 *fill*         0x000038c6        0x2 
 .text._ZN18ClosedCube_OPT30015beginEh
                0x000038c8       0x14 .\libraries\ClosedCube_OPT3001\src\ClosedCube_OPT3001.cpp.o
                0x000038c8                ClosedCube_OPT3001::begin(unsigned char)
 .text._ZN18ClosedCube_OPT300111writeConfigE14OPT3001_Config
                0x000038dc       0x3c .\libraries\ClosedCube_OPT3001\src\ClosedCube_OPT3001.cpp.o
                0x000038dc                ClosedCube_OPT3001::writeConfig(OPT3001_Config)
 .text._ZN18ClosedCube_OPT30019writeDataE16OPT3001_Commands
                0x00003918       0x2c .\libraries\ClosedCube_OPT3001\src\ClosedCube_OPT3001.cpp.o
                0x00003918                ClosedCube_OPT3001::writeData(OPT3001_Commands)
 .text._ZN18ClosedCube_OPT30018readDataEPt
                0x00003944       0x4c .\libraries\ClosedCube_OPT3001\src\ClosedCube_OPT3001.cpp.o
                0x00003944                ClosedCube_OPT3001::readData(unsigned short*)
 .text._ZN18ClosedCube_OPT300112readRegisterE16OPT3001_Commands
                0x00003990       0xa0 .\libraries\ClosedCube_OPT3001\src\ClosedCube_OPT3001.cpp.o
                0x00003990                ClosedCube_OPT3001::readRegister(OPT3001_Commands)
 .text._ZN18ClosedCube_OPT300110readResultEv
                0x00003a30        0xe .\libraries\ClosedCube_OPT3001\src\ClosedCube_OPT3001.cpp.o
                0x00003a30                ClosedCube_OPT3001::readResult()
 .text._ZN16Adafruit_HTU21DFC2Ev
                0x00003a3e        0x2 .\libraries\Adafruit_HTU21DF_Library\Adafruit_HTU21DF.cpp.o
                0x00003a3e                Adafruit_HTU21DF::Adafruit_HTU21DF()
                0x00003a3e                Adafruit_HTU21DF::Adafruit_HTU21DF()
 .text._ZN16Adafruit_HTU21DF5resetEv
                0x00003a40       0x28 .\libraries\Adafruit_HTU21DF_Library\Adafruit_HTU21DF.cpp.o
                0x00003a40                Adafruit_HTU21DF::reset()
 .text._ZN16Adafruit_HTU21DF5beginEv
                0x00003a68       0x48 .\libraries\Adafruit_HTU21DF_Library\Adafruit_HTU21DF.cpp.o
                0x00003a68                Adafruit_HTU21DF::begin()
 .text._ZN16Adafruit_HTU21DF15readTemperatureEv
                0x00003ab0       0x98 .\libraries\Adafruit_HTU21DF_Library\Adafruit_HTU21DF.cpp.o
                0x00003ab0                Adafruit_HTU21DF::readTemperature()
 .text._ZN16Adafruit_HTU21DF12readHumidityEv
                0x00003b48       0x78 .\libraries\Adafruit_HTU21DF_Library\Adafruit_HTU21DF.cpp.o
                0x00003b48                Adafruit_HTU21DF::readHumidity()
 .text._ZN14arduinoLoRaWAN11printAnswerEh
                0x00003bc0       0x88 .\arduinoLoRaWAN\arduinoLoRaWAN.cpp.o
                0x00003bc0                arduinoLoRaWAN::printAnswer(unsigned char)
 .text._ZN14arduinoLoRaWAN5checkEv
                0x00003c48       0xb0 .\arduinoLoRaWAN\arduinoLoRaWAN.cpp.o
                0x00003c48                arduinoLoRaWAN::check()
 .text._ZN14arduinoLoRaWAN2ONEh
                0x00003cf8       0x32 .\arduinoLoRaWAN\arduinoLoRaWAN.cpp.o
                0x00003cf8                arduinoLoRaWAN::ON(unsigned char)
 *fill*         0x00003d2a        0x2 
 .text._ZN14arduinoLoRaWAN11setDataRateEh
                0x00003d2c       0xa4 .\arduinoLoRaWAN\arduinoLoRaWAN.cpp.o
                0x00003d2c                arduinoLoRaWAN::setDataRate(unsigned char)
 .text._ZN14arduinoLoRaWAN8joinOTAAEv
                0x00003dd0       0xd4 .\arduinoLoRaWAN\arduinoLoRaWAN.cpp.o
                0x00003dd0                arduinoLoRaWAN::joinOTAA()
 .text._ZN14arduinoLoRaWAN13sendConfirmedEhPc
                0x00003ea4      0x1b0 .\arduinoLoRaWAN\arduinoLoRaWAN.cpp.o
                0x00003ea4                arduinoLoRaWAN::sendConfirmed(unsigned char, char*)
 .text._ZN14arduinoLoRaWAN10setRetriesEh
                0x00004054       0x80 .\arduinoLoRaWAN\arduinoLoRaWAN.cpp.o
                0x00004054                arduinoLoRaWAN::setRetries(unsigned char)
 .text._ZN14arduinoLoRaWAN5sleepEy
                0x000040d4       0x74 .\arduinoLoRaWAN\arduinoLoRaWAN.cpp.o
                0x000040d4                arduinoLoRaWAN::sleep(unsigned long long)
 .text._ZN14arduinoLoRaWAN6wakeUPEv
                0x00004148       0x58 .\arduinoLoRaWAN\arduinoLoRaWAN.cpp.o
                0x00004148                arduinoLoRaWAN::wakeUP()
 .text.startup._GLOBAL__sub_I__ZN14arduinoLoRaWAN11printAnswerEh
                0x000041a0       0x30 .\arduinoLoRaWAN\arduinoLoRaWAN.cpp.o
 .text._ZN11arduinoUART4findEPhtPc
                0x000041d0       0x3c .\arduino-api\arduinoUART.cpp.o
                0x000041d0                arduinoUART::find(unsigned char*, unsigned short, char*)
 .text.beginSerial
                0x0000420c       0x24 .\arduino-api\arduinoUART.cpp.o
                0x0000420c                beginSerial
 .text._ZN11arduinoUART9beginUARTEv
                0x00004230        0xe .\arduino-api\arduinoUART.cpp.o
                0x00004230                arduinoUART::beginUART()
 *fill*         0x0000423e        0x2 
 .text.serialWrite
                0x00004240       0x24 .\arduino-api\arduinoUART.cpp.o
                0x00004240                serialWrite
 .text.printString
                0x00004264       0x18 .\arduino-api\arduinoUART.cpp.o
                0x00004264                printString
 .text.serialAvailable
                0x0000427c       0x20 .\arduino-api\arduinoUART.cpp.o
                0x0000427c                serialAvailable
 .text.serialRead
                0x0000429c       0x20 .\arduino-api\arduinoUART.cpp.o
                0x0000429c                serialRead
 .text._ZN11arduinoUART7waitForEPcS0_S0_S0_m
                0x000042bc      0x158 .\arduino-api\arduinoUART.cpp.o
                0x000042bc                arduinoUART::waitFor(char*, char*, char*, char*, unsigned long)
 .text._ZN11arduinoUART7waitForEPcm
                0x00004414       0x10 .\arduino-api\arduinoUART.cpp.o
                0x00004414                arduinoUART::waitFor(char*, unsigned long)
 .text._ZN11arduinoUART7waitForEPcS0_m
                0x00004424       0x10 .\arduino-api\arduinoUART.cpp.o
                0x00004424                arduinoUART::waitFor(char*, char*, unsigned long)
 .text.serialFlush
                0x00004434       0x48 .\arduino-api\arduinoUART.cpp.o
                0x00004434                serialFlush
 .text._ZN11arduinoUART11sendCommandEPcS0_S0_S0_S0_m
                0x0000447c      0x248 .\arduino-api\arduinoUART.cpp.o
                0x0000447c                arduinoUART::sendCommand(char*, char*, char*, char*, char*, unsigned long)
 .text._ZN11arduinoUART11sendCommandEPcS0_S0_m
                0x000046c4       0x14 .\arduino-api\arduinoUART.cpp.o
                0x000046c4                arduinoUART::sendCommand(char*, char*, char*, unsigned long)
 .text._ZN11arduinoUART11sendCommandEPcS0_S0_S0_m
                0x000046d8       0x16 .\arduino-api\arduinoUART.cpp.o
                0x000046d8                arduinoUART::sendCommand(char*, char*, char*, char*, unsigned long)
 .text._ZN11arduinoUART11sendCommandEPht
                0x000046ee       0x32 .\arduino-api\arduinoUART.cpp.o
                0x000046ee                arduinoUART::sendCommand(unsigned char*, unsigned short)
 .text.pow      0x00004720      0x370 c:/program files/sloeber/arduinoplugin/packages/arduino/tools/arm-none-eabi-gcc/4.8.3-2014q1/bin/../lib/gcc/arm-none-eabi/4.8.3/../../../../arm-none-eabi/lib/armv6-m\libm.a(lib_a-w_pow.o)
                0x00004720                pow
 .text.__ieee754_pow
                0x00004a90      0xb20 c:/program files/sloeber/arduinoplugin/packages/arduino/tools/arm-none-eabi-gcc/4.8.3-2014q1/bin/../lib/gcc/arm-none-eabi/4.8.3/../../../../arm-none-eabi/lib/armv6-m\libm.a(lib_a-e_pow.o)
                0x00004a90                __ieee754_pow
 .text.__ieee754_sqrt
                0x000055b0      0x1cc c:/program files/sloeber/arduinoplugin/packages/arduino/tools/arm-none-eabi-gcc/4.8.3-2014q1/bin/../lib/gcc/arm-none-eabi/4.8.3/../../../../arm-none-eabi/lib/armv6-m\libm.a(lib_a-e_sqrt.o)
                0x000055b0                __ieee754_sqrt
 .text.fabs     0x0000577c        0x8 c:/program files/sloeber/arduinoplugin/packages/arduino/tools/arm-none-eabi-gcc/4.8.3-2014q1/bin/../lib/gcc/arm-none-eabi/4.8.3/../../../../arm-none-eabi/lib/armv6-m\libm.a(lib_a-s_fabs.o)
                0x0000577c                fabs
 .text.finite   0x00005784       0x10 c:/program files/sloeber/arduinoplugin/packages/arduino/tools/arm-none-eabi-gcc/4.8.3-2014q1/bin/../lib/gcc/arm-none-eabi/4.8.3/../../../../arm-none-eabi/lib/armv6-m\libm.a(lib_a-s_finite.o)
                0x00005784                finite
 .text.__fpclassifyd
                0x00005794       0x60 c:/program files/sloeber/arduinoplugin/packages/arduino/tools/arm-none-eabi-gcc/4.8.3-2014q1/bin/../lib/gcc/arm-none-eabi/4.8.3/../../../../arm-none-eabi/lib/armv6-m\libm.a(lib_a-s_fpclassify.o)
                0x00005794                __fpclassifyd
 .text.matherr  0x000057f4        0x4 c:/program files/sloeber/arduinoplugin/packages/arduino/tools/arm-none-eabi-gcc/4.8.3-2014q1/bin/../lib/gcc/arm-none-eabi/4.8.3/../../../../arm-none-eabi/lib/armv6-m\libm.a(lib_a-s_matherr.o)
                0x000057f4                matherr
 .text.nan      0x000057f8       0x10 c:/program files/sloeber/arduinoplugin/packages/arduino/tools/arm-none-eabi-gcc/4.8.3-2014q1/bin/../lib/gcc/arm-none-eabi/4.8.3/../../../../arm-none-eabi/lib/armv6-m\libm.a(lib_a-s_nan.o)
                0x000057f8                nan
 .text.rint     0x00005808      0x154 c:/program files/sloeber/arduinoplugin/packages/arduino/tools/arm-none-eabi-gcc/4.8.3-2014q1/bin/../lib/gcc/arm-none-eabi/4.8.3/../../../../arm-none-eabi/lib/armv6-m\libm.a(lib_a-s_rint.o)
                0x00005808                rint
 *fill*         0x0000595c        0x4 
 .text.scalbn   0x00005960      0x110 c:/program files/sloeber/arduinoplugin/packages/arduino/tools/arm-none-eabi-gcc/4.8.3-2014q1/bin/../lib/gcc/arm-none-eabi/4.8.3/../../../../arm-none-eabi/lib/armv6-m\libm.a(lib_a-s_scalbn.o)
                0x00005960                scalbn
 .text.copysign
                0x00005a70       0x10 c:/program files/sloeber/arduinoplugin/packages/arduino/tools/arm-none-eabi-gcc/4.8.3-2014q1/bin/../lib/gcc/arm-none-eabi/4.8.3/../../../../arm-none-eabi/lib/armv6-m\libm.a(lib_a-s_copysign.o)
                0x00005a70                copysign
 .text.SERCOM0_Handler
                0x00005a80       0x10 C:/Users/Emanuele/Documents/sloeber-workspace/Modem1/Release/arduino.ar(variant.cpp.o)
                0x00005a80                SERCOM0_Handler
 .text.SERCOM5_Handler
                0x00005a90       0x10 C:/Users/Emanuele/Documents/sloeber-workspace/Modem1/Release/arduino.ar(variant.cpp.o)
                0x00005a90                SERCOM5_Handler
 .text.startup._GLOBAL__sub_I_g_APinDescription
                0x00005aa0       0xa8 C:/Users/Emanuele/Documents/sloeber-workspace/Modem1/Release/arduino.ar(variant.cpp.o)
 .text._ZN7Serial_17availableForWriteEv
                0x00005b48        0x4 C:/Users/Emanuele/Documents/sloeber-workspace/Modem1/Release/arduino.ar(CDC.cpp.o)
                0x00005b48                Serial_::availableForWrite()
 .text._ZN7Serial_5writeEh
                0x00005b4c       0x14 C:/Users/Emanuele/Documents/sloeber-workspace/Modem1/Release/arduino.ar(CDC.cpp.o)
                0x00005b4c                Serial_::write(unsigned char)
 .text._ZN7Serial_9availableEv
                0x00005b60        0xc C:/Users/Emanuele/Documents/sloeber-workspace/Modem1/Release/arduino.ar(CDC.cpp.o)
                0x00005b60                Serial_::available()
 .text._ZN7Serial_5flushEv
                0x00005b6c        0xc C:/Users/Emanuele/Documents/sloeber-workspace/Modem1/Release/arduino.ar(CDC.cpp.o)
                0x00005b6c                Serial_::flush()
 .text._ZN7Serial_5writeEPKhj
                0x00005b78       0x1c C:/Users/Emanuele/Documents/sloeber-workspace/Modem1/Release/arduino.ar(CDC.cpp.o)
                0x00005b78                Serial_::write(unsigned char const*, unsigned int)
 .text._ZN7Serial_4peekEv
                0x00005b94       0x1c C:/Users/Emanuele/Documents/sloeber-workspace/Modem1/Release/arduino.ar(CDC.cpp.o)
                0x00005b94                Serial_::peek()
 .text._ZN7Serial_4readEv
                0x00005bb0       0x24 C:/Users/Emanuele/Documents/sloeber-workspace/Modem1/Release/arduino.ar(CDC.cpp.o)
                0x00005bb0                Serial_::read()
 .text._Z16CDC_GetInterfacePh
                0x00005bd4       0x1c C:/Users/Emanuele/Documents/sloeber-workspace/Modem1/Release/arduino.ar(CDC.cpp.o)
                0x00005bd4                CDC_GetInterface(unsigned char*)
 .text._Z9CDC_SetupR8USBSetup
                0x00005bf0       0x80 C:/Users/Emanuele/Documents/sloeber-workspace/Modem1/Release/arduino.ar(CDC.cpp.o)
                0x00005bf0                CDC_Setup(USBSetup&)
 .text._ZN7Serial_5beginEm
                0x00005c70        0x2 C:/Users/Emanuele/Documents/sloeber-workspace/Modem1/Release/arduino.ar(CDC.cpp.o)
                0x00005c70                Serial_::begin(unsigned long)
 *fill*         0x00005c72        0x2 
 .text.startup._GLOBAL__sub_I__Z17_CDC_GetInterfacev
                0x00005c74       0x28 C:/Users/Emanuele/Documents/sloeber-workspace/Modem1/Release/arduino.ar(CDC.cpp.o)
 .text._ZN14USBDeviceClass6initEPEmm.part.4
                0x00005c9c       0x80 C:/Users/Emanuele/Documents/sloeber-workspace/Modem1/Release/arduino.ar(USBCore.cpp.o)
 .text._ZN20USBDevice_SAMD21G18x5resetEv
                0x00005d1c       0x28 C:/Users/Emanuele/Documents/sloeber-workspace/Modem1/Release/arduino.ar(USBCore.cpp.o)
                0x00005d1c                USBDevice_SAMD21G18x::reset()
 .text._ZN20USBDevice_SAMD21G18x9calibrateEv
                0x00005d44       0x5c C:/Users/Emanuele/Documents/sloeber-workspace/Modem1/Release/arduino.ar(USBCore.cpp.o)
                0x00005d44                USBDevice_SAMD21G18x::calibrate()
 .text._ZN7__GuardC2Ev
                0x00005da0        0xe C:/Users/Emanuele/Documents/sloeber-workspace/Modem1/Release/arduino.ar(USBCore.cpp.o)
                0x00005da0                __Guard::__Guard()
                0x00005da0                __Guard::__Guard()
 .text._ZN7__GuardD2Ev
                0x00005dae        0xe C:/Users/Emanuele/Documents/sloeber-workspace/Modem1/Release/arduino.ar(USBCore.cpp.o)
                0x00005dae                __Guard::~__Guard()
                0x00005dae                __Guard::~__Guard()
 .text._ZNK26DoubleBufferedEPOutHandler9availableEv
                0x00005dbc       0x5e C:/Users/Emanuele/Documents/sloeber-workspace/Modem1/Release/arduino.ar(USBCore.cpp.o)
                0x00005dbc                DoubleBufferedEPOutHandler::available() const
 *fill*         0x00005e1a        0x2 
 .text._ZN26DoubleBufferedEPOutHandler7releaseEv
                0x00005e1c       0x58 C:/Users/Emanuele/Documents/sloeber-workspace/Modem1/Release/arduino.ar(USBCore.cpp.o)
                0x00005e1c                DoubleBufferedEPOutHandler::release()
 .text._ZN26DoubleBufferedEPOutHandler4recvEPvm
                0x00005e74      0x11c C:/Users/Emanuele/Documents/sloeber-workspace/Modem1/Release/arduino.ar(USBCore.cpp.o)
                0x00005e74                DoubleBufferedEPOutHandler::recv(void*, unsigned long)
 .text._ZN26DoubleBufferedEPOutHandler14handleEndpointEv
                0x00005f90       0xc4 C:/Users/Emanuele/Documents/sloeber-workspace/Modem1/Release/arduino.ar(USBCore.cpp.o)
                0x00005f90                DoubleBufferedEPOutHandler::handleEndpoint()
 .text._ZN14USBDeviceClass14SendInterfacesEPm
                0x00006054       0x2c C:/Users/Emanuele/Documents/sloeber-workspace/Modem1/Release/arduino.ar(USBCore.cpp.o)
                0x00006054                USBDeviceClass::SendInterfaces(unsigned long*)
 .text._ZN14USBDeviceClass14handleEndpointEh
                0x00006080       0x40 C:/Users/Emanuele/Documents/sloeber-workspace/Modem1/Release/arduino.ar(USBCore.cpp.o)
                0x00006080                USBDeviceClass::handleEndpoint(unsigned char)
 .text._ZN14USBDeviceClass4initEv
                0x000060c0       0xf0 C:/Users/Emanuele/Documents/sloeber-workspace/Modem1/Release/arduino.ar(USBCore.cpp.o)
                0x000060c0                USBDeviceClass::init()
 .text._ZN14USBDeviceClass6attachEv
                0x000061b0       0x34 C:/Users/Emanuele/Documents/sloeber-workspace/Modem1/Release/arduino.ar(USBCore.cpp.o)
                0x000061b0                USBDeviceClass::attach()
 .text._ZN14USBDeviceClass10setAddressEm
                0x000061e4       0x48 C:/Users/Emanuele/Documents/sloeber-workspace/Modem1/Release/arduino.ar(USBCore.cpp.o)
                0x000061e4                USBDeviceClass::setAddress(unsigned long)
 .text._ZN14USBDeviceClass25handleClassInterfaceSetupER8USBSetup
                0x0000622c       0x40 C:/Users/Emanuele/Documents/sloeber-workspace/Modem1/Release/arduino.ar(USBCore.cpp.o)
                0x0000622c                USBDeviceClass::handleClassInterfaceSetup(USBSetup&)
 .text._ZN14USBDeviceClass6initEPEmm
                0x0000626c      0x128 C:/Users/Emanuele/Documents/sloeber-workspace/Modem1/Release/arduino.ar(USBCore.cpp.o)
                0x0000626c                USBDeviceClass::initEP(unsigned long, unsigned long)
 .text._ZN14USBDeviceClass13initEndpointsEv
                0x00006394       0x24 C:/Users/Emanuele/Documents/sloeber-workspace/Modem1/Release/arduino.ar(USBCore.cpp.o)
                0x00006394                USBDeviceClass::initEndpoints()
 .text._ZN14USBDeviceClass9availableEm
                0x000063b8       0x2c C:/Users/Emanuele/Documents/sloeber-workspace/Modem1/Release/arduino.ar(USBCore.cpp.o)
                0x000063b8                USBDeviceClass::available(unsigned long)
 .text._ZN14USBDeviceClass5flushEm
                0x000063e4       0x2c C:/Users/Emanuele/Documents/sloeber-workspace/Modem1/Release/arduino.ar(USBCore.cpp.o)
                0x000063e4                USBDeviceClass::flush(unsigned long)
 .text._ZN14USBDeviceClass14armRecvCtrlOUTEm
                0x00006410       0x60 C:/Users/Emanuele/Documents/sloeber-workspace/Modem1/Release/arduino.ar(USBCore.cpp.o)
                0x00006410                USBDeviceClass::armRecvCtrlOUT(unsigned long)
 .text._ZN14USBDeviceClass11recvControlEPvm
                0x00006470       0x3c C:/Users/Emanuele/Documents/sloeber-workspace/Modem1/Release/arduino.ar(USBCore.cpp.o)
                0x00006470                USBDeviceClass::recvControl(void*, unsigned long)
 .text._ZN14USBDeviceClass7armRecvEm
                0x000064ac       0x3c C:/Users/Emanuele/Documents/sloeber-workspace/Modem1/Release/arduino.ar(USBCore.cpp.o)
                0x000064ac                USBDeviceClass::armRecv(unsigned long)
 .text._ZN14USBDeviceClass4recvEmPvm
                0x000064e8       0xd8 C:/Users/Emanuele/Documents/sloeber-workspace/Modem1/Release/arduino.ar(USBCore.cpp.o)
                0x000064e8                USBDeviceClass::recv(unsigned long, void*, unsigned long)
 .text._ZN14USBDeviceClass4recvEm
                0x000065c0       0x1c C:/Users/Emanuele/Documents/sloeber-workspace/Modem1/Release/arduino.ar(USBCore.cpp.o)
                0x000065c0                USBDeviceClass::recv(unsigned long)
 .text._ZN14USBDeviceClass4sendEmPKvm
                0x000065dc      0x124 C:/Users/Emanuele/Documents/sloeber-workspace/Modem1/Release/arduino.ar(USBCore.cpp.o)
                0x000065dc                USBDeviceClass::send(unsigned long, void const*, unsigned long)
 .text._ZN14USBDeviceClass7armSendEmPKvm
                0x00006700       0x48 C:/Users/Emanuele/Documents/sloeber-workspace/Modem1/Release/arduino.ar(USBCore.cpp.o)
                0x00006700                USBDeviceClass::armSend(unsigned long, void const*, unsigned long)
 .text._ZN14USBDeviceClass11sendControlEPKvm
                0x00006748       0x58 C:/Users/Emanuele/Documents/sloeber-workspace/Modem1/Release/arduino.ar(USBCore.cpp.o)
                0x00006748                USBDeviceClass::sendControl(void const*, unsigned long)
 .text._ZN14USBDeviceClass20sendStringDescriptorEPKhh
                0x000067a0       0x68 C:/Users/Emanuele/Documents/sloeber-workspace/Modem1/Release/arduino.ar(USBCore.cpp.o)
                0x000067a0                USBDeviceClass::sendStringDescriptor(unsigned char const*, unsigned char)
 .text._ZN14USBDeviceClass12packMessagesEb.part.6
                0x00006808       0x20 C:/Users/Emanuele/Documents/sloeber-workspace/Modem1/Release/arduino.ar(USBCore.cpp.o)
 .text._ZN14USBDeviceClass17sendConfigurationEm
                0x00006828       0x90 C:/Users/Emanuele/Documents/sloeber-workspace/Modem1/Release/arduino.ar(USBCore.cpp.o)
                0x00006828                USBDeviceClass::sendConfiguration(unsigned long)
 .text._ZN14USBDeviceClass14sendDescriptorER8USBSetup
                0x000068b8       0xb4 C:/Users/Emanuele/Documents/sloeber-workspace/Modem1/Release/arduino.ar(USBCore.cpp.o)
                0x000068b8                USBDeviceClass::sendDescriptor(USBSetup&)
 .text._ZN14USBDeviceClass19handleStandardSetupER8USBSetup
                0x0000696c      0x118 C:/Users/Emanuele/Documents/sloeber-workspace/Modem1/Release/arduino.ar(USBCore.cpp.o)
                0x0000696c                USBDeviceClass::handleStandardSetup(USBSetup&)
 .text._ZN14USBDeviceClass10ISRHandlerEv
                0x00006a84      0x150 C:/Users/Emanuele/Documents/sloeber-workspace/Modem1/Release/arduino.ar(USBCore.cpp.o)
                0x00006a84                USBDeviceClass::ISRHandler()
 .text.UDD_Handler
                0x00006bd4       0x10 C:/Users/Emanuele/Documents/sloeber-workspace/Modem1/Release/arduino.ar(USBCore.cpp.o)
                0x00006bd4                UDD_Handler
 .text.startup._GLOBAL__sub_I__ZN20USBDevice_SAMD21G18x5resetEv
                0x00006be4       0x10 C:/Users/Emanuele/Documents/sloeber-workspace/Modem1/Release/arduino.ar(USBCore.cpp.o)
 .text._ZN5Print5writeEPKhj
                0x00006bf4       0x28 C:/Users/Emanuele/Documents/sloeber-workspace/Modem1/Release/arduino.ar(Print.cpp.o)
                0x00006bf4                Print::write(unsigned char const*, unsigned int)
 .text._ZN5Print5printEmi.part.3
                0x00006c1c        0xc C:/Users/Emanuele/Documents/sloeber-workspace/Modem1/Release/arduino.ar(Print.cpp.o)
 .text._ZN5Print5writeEPKc
                0x00006c28       0x1c C:/Users/Emanuele/Documents/sloeber-workspace/Modem1/Release/arduino.ar(Print.cpp.o)
                0x00006c28                Print::write(char const*)
 .text._ZN5Print5printEPK19__FlashStringHelper
                0x00006c44        0x8 C:/Users/Emanuele/Documents/sloeber-workspace/Modem1/Release/arduino.ar(Print.cpp.o)
                0x00006c44                Print::print(__FlashStringHelper const*)
 .text._ZN5Print5printEPKc
                0x00006c4c        0x8 C:/Users/Emanuele/Documents/sloeber-workspace/Modem1/Release/arduino.ar(Print.cpp.o)
                0x00006c4c                Print::print(char const*)
 .text._ZN5Print5printEc
                0x00006c54        0xa C:/Users/Emanuele/Documents/sloeber-workspace/Modem1/Release/arduino.ar(Print.cpp.o)
                0x00006c54                Print::print(char)
 *fill*         0x00006c5e        0x2 
 .text._ZN5Print7printlnEv
                0x00006c60       0x10 C:/Users/Emanuele/Documents/sloeber-workspace/Modem1/Release/arduino.ar(Print.cpp.o)
                0x00006c60                Print::println()
 .text._ZN5Print7printlnEPKc
                0x00006c70       0x14 C:/Users/Emanuele/Documents/sloeber-workspace/Modem1/Release/arduino.ar(Print.cpp.o)
                0x00006c70                Print::println(char const*)
 .text._ZN5Print11printNumberEmh
                0x00006c84       0x4e C:/Users/Emanuele/Documents/sloeber-workspace/Modem1/Release/arduino.ar(Print.cpp.o)
                0x00006c84                Print::printNumber(unsigned long, unsigned char)
 .text._ZN5Print5printEmi
                0x00006cd2       0x14 C:/Users/Emanuele/Documents/sloeber-workspace/Modem1/Release/arduino.ar(Print.cpp.o)
                0x00006cd2                Print::print(unsigned long, int)
 .text._ZN5Print7printlnEhi
                0x00006ce6       0x14 C:/Users/Emanuele/Documents/sloeber-workspace/Modem1/Release/arduino.ar(Print.cpp.o)
                0x00006ce6                Print::println(unsigned char, int)
 .text._ZN5Print7printlnEmi
                0x00006cfa       0x14 C:/Users/Emanuele/Documents/sloeber-workspace/Modem1/Release/arduino.ar(Print.cpp.o)
                0x00006cfa                Print::println(unsigned long, int)
 *fill*         0x00006d0e        0x2 
 .text._ZN5Print10printFloatEdh
                0x00006d10      0x170 C:/Users/Emanuele/Documents/sloeber-workspace/Modem1/Release/arduino.ar(Print.cpp.o)
                0x00006d10                Print::printFloat(double, unsigned char)
 .text._ZN5Print7printlnEdi
                0x00006e80       0x1c C:/Users/Emanuele/Documents/sloeber-workspace/Modem1/Release/arduino.ar(Print.cpp.o)
                0x00006e80                Print::println(double, int)
 .text.initiateReset
                0x00006e9c        0xc C:/Users/Emanuele/Documents/sloeber-workspace/Modem1/Release/arduino.ar(Reset.cpp.o)
                0x00006e9c                initiateReset
 .text.cancelReset
                0x00006ea8       0x10 C:/Users/Emanuele/Documents/sloeber-workspace/Modem1/Release/arduino.ar(Reset.cpp.o)
                0x00006ea8                cancelReset
 .text.tickReset
                0x00006eb8       0x74 C:/Users/Emanuele/Documents/sloeber-workspace/Modem1/Release/arduino.ar(Reset.cpp.o)
                0x00006eb8                tickReset
 .text._ZN10RingBufferC2Ev
                0x00006f2c       0x1a C:/Users/Emanuele/Documents/sloeber-workspace/Modem1/Release/arduino.ar(RingBuffer.cpp.o)
                0x00006f2c                RingBuffer::RingBuffer()
                0x00006f2c                RingBuffer::RingBuffer()
 .text._ZN10RingBuffer10store_charEh
                0x00006f46       0x24 C:/Users/Emanuele/Documents/sloeber-workspace/Modem1/Release/arduino.ar(RingBuffer.cpp.o)
                0x00006f46                RingBuffer::store_char(unsigned char)
 .text._ZN10RingBuffer5clearEv
                0x00006f6a        0xe C:/Users/Emanuele/Documents/sloeber-workspace/Modem1/Release/arduino.ar(RingBuffer.cpp.o)
                0x00006f6a                RingBuffer::clear()
 .text._ZN10RingBuffer9read_charEv
                0x00006f78       0x28 C:/Users/Emanuele/Documents/sloeber-workspace/Modem1/Release/arduino.ar(RingBuffer.cpp.o)
                0x00006f78                RingBuffer::read_char()
 .text._ZN10RingBuffer9availableEv
                0x00006fa0       0x12 C:/Users/Emanuele/Documents/sloeber-workspace/Modem1/Release/arduino.ar(RingBuffer.cpp.o)
                0x00006fa0                RingBuffer::available()
 .text._ZN10RingBuffer4peekEv
                0x00006fb2       0x1a C:/Users/Emanuele/Documents/sloeber-workspace/Modem1/Release/arduino.ar(RingBuffer.cpp.o)
                0x00006fb2                RingBuffer::peek()
 .text._ZN10RingBuffer6isFullEv
                0x00006fcc       0x20 C:/Users/Emanuele/Documents/sloeber-workspace/Modem1/Release/arduino.ar(RingBuffer.cpp.o)
                0x00006fcc                RingBuffer::isFull()
 .text._ZN6SERCOMC2EP6Sercom
                0x00006fec        0x4 C:/Users/Emanuele/Documents/sloeber-workspace/Modem1/Release/arduino.ar(SERCOM.cpp.o)
                0x00006fec                SERCOM::SERCOM(Sercom*)
                0x00006fec                SERCOM::SERCOM(Sercom*)
 .text._ZN6SERCOM9initFrameE18SercomUartCharSize15SercomDataOrder16SercomParityMode19SercomNumberStopBit
                0x00006ff0       0x38 C:/Users/Emanuele/Documents/sloeber-workspace/Modem1/Release/arduino.ar(SERCOM.cpp.o)
                0x00006ff0                SERCOM::initFrame(SercomUartCharSize, SercomDataOrder, SercomParityMode, SercomNumberStopBit)
 .text._ZN6SERCOM8initPadsE15SercomUartTXPad11SercomRXPad
                0x00007028       0x26 C:/Users/Emanuele/Documents/sloeber-workspace/Modem1/Release/arduino.ar(SERCOM.cpp.o)
                0x00007028                SERCOM::initPads(SercomUartTXPad, SercomRXPad)
 .text._ZN6SERCOM9resetUARTEv
                0x0000704e       0x1c C:/Users/Emanuele/Documents/sloeber-workspace/Modem1/Release/arduino.ar(SERCOM.cpp.o)
                0x0000704e                SERCOM::resetUART()
 .text._ZN6SERCOM10enableUARTEv
                0x0000706a       0x14 C:/Users/Emanuele/Documents/sloeber-workspace/Modem1/Release/arduino.ar(SERCOM.cpp.o)
                0x0000706a                SERCOM::enableUART()
 .text._ZN6SERCOM9flushUARTEv
                0x0000707e       0x10 C:/Users/Emanuele/Documents/sloeber-workspace/Modem1/Release/arduino.ar(SERCOM.cpp.o)
                0x0000707e                SERCOM::flushUART()
 .text._ZN6SERCOM15clearStatusUARTEv
                0x0000708e        0x8 C:/Users/Emanuele/Documents/sloeber-workspace/Modem1/Release/arduino.ar(SERCOM.cpp.o)
                0x0000708e                SERCOM::clearStatusUART()
 .text._ZN6SERCOM17availableDataUARTEv
                0x00007096        0xa C:/Users/Emanuele/Documents/sloeber-workspace/Modem1/Release/arduino.ar(SERCOM.cpp.o)
                0x00007096                SERCOM::availableDataUART()
 .text._ZN6SERCOM11isUARTErrorEv
                0x000070a0        0x8 C:/Users/Emanuele/Documents/sloeber-workspace/Modem1/Release/arduino.ar(SERCOM.cpp.o)
                0x000070a0                SERCOM::isUARTError()
 .text._ZN6SERCOM20acknowledgeUARTErrorEv
                0x000070a8        0xe C:/Users/Emanuele/Documents/sloeber-workspace/Modem1/Release/arduino.ar(SERCOM.cpp.o)
                0x000070a8                SERCOM::acknowledgeUARTError()
 .text._ZN6SERCOM12readDataUARTEv
                0x000070b6        0x8 C:/Users/Emanuele/Documents/sloeber-workspace/Modem1/Release/arduino.ar(SERCOM.cpp.o)
                0x000070b6                SERCOM::readDataUART()
 .text._ZN6SERCOM13writeDataUARTEh
                0x000070be        0xe C:/Users/Emanuele/Documents/sloeber-workspace/Modem1/Release/arduino.ar(SERCOM.cpp.o)
                0x000070be                SERCOM::writeDataUART(unsigned char)
 .text._ZN6SERCOM12initSPIClockE18SercomSpiClockModem
                0x000070cc       0x30 C:/Users/Emanuele/Documents/sloeber-workspace/Modem1/Release/arduino.ar(SERCOM.cpp.o)
                0x000070cc                SERCOM::initSPIClock(SercomSpiClockMode, unsigned long)
 .text._ZN6SERCOM8resetSPIEv
                0x000070fc       0x1c C:/Users/Emanuele/Documents/sloeber-workspace/Modem1/Release/arduino.ar(SERCOM.cpp.o)
                0x000070fc                SERCOM::resetSPI()
 .text._ZN6SERCOM9enableSPIEv
                0x00007118       0x14 C:/Users/Emanuele/Documents/sloeber-workspace/Modem1/Release/arduino.ar(SERCOM.cpp.o)
                0x00007118                SERCOM::enableSPI()
 .text._ZN6SERCOM10disableSPIEv
                0x0000712c       0x12 C:/Users/Emanuele/Documents/sloeber-workspace/Modem1/Release/arduino.ar(SERCOM.cpp.o)
                0x0000712c                SERCOM::disableSPI()
 *fill*         0x0000713e        0x2 
 .text._ZN6SERCOM15setDataOrderSPIE15SercomDataOrder
                0x00007140       0x28 C:/Users/Emanuele/Documents/sloeber-workspace/Modem1/Release/arduino.ar(SERCOM.cpp.o)
                0x00007140                SERCOM::setDataOrderSPI(SercomDataOrder)
 .text._ZN6SERCOM14setBaudrateSPIEh
                0x00007168       0x30 C:/Users/Emanuele/Documents/sloeber-workspace/Modem1/Release/arduino.ar(SERCOM.cpp.o)
                0x00007168                SERCOM::setBaudrateSPI(unsigned char)
 .text._ZN6SERCOM15setClockModeSPIE18SercomSpiClockMode
                0x00007198       0x3c C:/Users/Emanuele/Documents/sloeber-workspace/Modem1/Release/arduino.ar(SERCOM.cpp.o)
                0x00007198                SERCOM::setClockModeSPI(SercomSpiClockMode)
 .text._ZN6SERCOM15transferDataSPIEh
                0x000071d4       0x1a C:/Users/Emanuele/Documents/sloeber-workspace/Modem1/Release/arduino.ar(SERCOM.cpp.o)
                0x000071d4                SERCOM::transferDataSPI(unsigned char)
 .text._ZN6SERCOM9resetWIREEv
                0x000071ee       0x1c C:/Users/Emanuele/Documents/sloeber-workspace/Modem1/Release/arduino.ar(SERCOM.cpp.o)
                0x000071ee                SERCOM::resetWIRE()
 .text._ZN6SERCOM10enableWIREEv
                0x0000720a       0x28 C:/Users/Emanuele/Documents/sloeber-workspace/Modem1/Release/arduino.ar(SERCOM.cpp.o)
                0x0000720a                SERCOM::enableWIRE()
 .text._ZN6SERCOM18prepareNackBitWIREEv
                0x00007232       0x10 C:/Users/Emanuele/Documents/sloeber-workspace/Modem1/Release/arduino.ar(SERCOM.cpp.o)
                0x00007232                SERCOM::prepareNackBitWIRE()
 *fill*         0x00007242        0x2 
 .text._ZN6SERCOM17prepareAckBitWIREEv
                0x00007244       0x14 C:/Users/Emanuele/Documents/sloeber-workspace/Modem1/Release/arduino.ar(SERCOM.cpp.o)
                0x00007244                SERCOM::prepareAckBitWIRE()
 .text._ZN6SERCOM22prepareCommandBitsWireEh
                0x00007258       0x2c C:/Users/Emanuele/Documents/sloeber-workspace/Modem1/Release/arduino.ar(SERCOM.cpp.o)
                0x00007258                SERCOM::prepareCommandBitsWire(unsigned char)
 .text._ZN6SERCOM21startTransmissionWIREEh23SercomWireReadWriteFlag
                0x00007284       0x5e C:/Users/Emanuele/Documents/sloeber-workspace/Modem1/Release/arduino.ar(SERCOM.cpp.o)
                0x00007284                SERCOM::startTransmissionWIRE(unsigned char, SercomWireReadWriteFlag)
 .text._ZN6SERCOM18sendDataMasterWIREEh
                0x000072e2       0x22 C:/Users/Emanuele/Documents/sloeber-workspace/Modem1/Release/arduino.ar(SERCOM.cpp.o)
                0x000072e2                SERCOM::sendDataMasterWIRE(unsigned char)
 .text._ZN6SERCOM17sendDataSlaveWIREEh
                0x00007304       0x1a C:/Users/Emanuele/Documents/sloeber-workspace/Modem1/Release/arduino.ar(SERCOM.cpp.o)
                0x00007304                SERCOM::sendDataSlaveWIRE(unsigned char)
 .text._ZN6SERCOM11isSlaveWIREEv
                0x0000731e       0x12 C:/Users/Emanuele/Documents/sloeber-workspace/Modem1/Release/arduino.ar(SERCOM.cpp.o)
                0x0000731e                SERCOM::isSlaveWIRE()
 .text._ZN6SERCOM15isDataReadyWIREEv
                0x00007330        0xa C:/Users/Emanuele/Documents/sloeber-workspace/Modem1/Release/arduino.ar(SERCOM.cpp.o)
                0x00007330                SERCOM::isDataReadyWIRE()
 .text._ZN6SERCOM18isStopDetectedWIREEv
                0x0000733a        0xa C:/Users/Emanuele/Documents/sloeber-workspace/Modem1/Release/arduino.ar(SERCOM.cpp.o)
                0x0000733a                SERCOM::isStopDetectedWIRE()
 .text._ZN6SERCOM21isRestartDetectedWIREEv
                0x00007344        0xa C:/Users/Emanuele/Documents/sloeber-workspace/Modem1/Release/arduino.ar(SERCOM.cpp.o)
                0x00007344                SERCOM::isRestartDetectedWIRE()
 .text._ZN6SERCOM14isAddressMatchEv
                0x0000734e        0xa C:/Users/Emanuele/Documents/sloeber-workspace/Modem1/Release/arduino.ar(SERCOM.cpp.o)
                0x0000734e                SERCOM::isAddressMatch()
 .text._ZN6SERCOM25isMasterReadOperationWIREEv
                0x00007358        0xa C:/Users/Emanuele/Documents/sloeber-workspace/Modem1/Release/arduino.ar(SERCOM.cpp.o)
                0x00007358                SERCOM::isMasterReadOperationWIRE()
 .text._ZN6SERCOM12readDataWIREEv
                0x00007362       0x1a C:/Users/Emanuele/Documents/sloeber-workspace/Modem1/Release/arduino.ar(SERCOM.cpp.o)
                0x00007362                SERCOM::readDataWIRE()
 .text._ZN6SERCOM13initClockNVICEv
                0x0000737c       0xac C:/Users/Emanuele/Documents/sloeber-workspace/Modem1/Release/arduino.ar(SERCOM.cpp.o)
                0x0000737c                SERCOM::initClockNVIC()
 .text._ZN6SERCOM8initUARTE14SercomUartMode20SercomUartSampleRatem
                0x00007428       0x6c C:/Users/Emanuele/Documents/sloeber-workspace/Modem1/Release/arduino.ar(SERCOM.cpp.o)
                0x00007428                SERCOM::initUART(SercomUartMode, SercomUartSampleRate, unsigned long)
 .text._ZN6SERCOM7initSPIE14SercomSpiTXPad11SercomRXPad17SercomSpiCharSize15SercomDataOrder
                0x00007494       0x48 C:/Users/Emanuele/Documents/sloeber-workspace/Modem1/Release/arduino.ar(SERCOM.cpp.o)
                0x00007494                SERCOM::initSPI(SercomSpiTXPad, SercomRXPad, SercomSpiCharSize, SercomDataOrder)
 .text._ZN6SERCOM14initMasterWIREEm
                0x000074dc       0x38 C:/Users/Emanuele/Documents/sloeber-workspace/Modem1/Release/arduino.ar(SERCOM.cpp.o)
                0x000074dc                SERCOM::initMasterWIRE(unsigned long)
 .text._ZN6Stream9timedReadEv
                0x00007514       0x2a C:/Users/Emanuele/Documents/sloeber-workspace/Modem1/Release/arduino.ar(Stream.cpp.o)
                0x00007514                Stream::timedRead()
 .text._ZN6Stream9readBytesEPcj
                0x0000753e       0x28 C:/Users/Emanuele/Documents/sloeber-workspace/Modem1/Release/arduino.ar(Stream.cpp.o)
                0x0000753e                Stream::readBytes(char*, unsigned int)
 .text._ZN4UartcvbEv
                0x00007566        0x4 C:/Users/Emanuele/Documents/sloeber-workspace/Modem1/Release/arduino.ar(Uart.cpp.o)
                0x00007566                Uart::operator bool()
 *fill*         0x0000756a        0x2 
 .text._ZN4Uart5beginEm
                0x0000756c       0x10 C:/Users/Emanuele/Documents/sloeber-workspace/Modem1/Release/arduino.ar(Uart.cpp.o)
                0x0000756c                Uart::begin(unsigned long)
 .text._ZN4Uart3endEv
                0x0000757c       0x14 C:/Users/Emanuele/Documents/sloeber-workspace/Modem1/Release/arduino.ar(Uart.cpp.o)
                0x0000757c                Uart::end()
 .text._ZN4Uart5flushEv
                0x00007590        0xa C:/Users/Emanuele/Documents/sloeber-workspace/Modem1/Release/arduino.ar(Uart.cpp.o)
                0x00007590                Uart::flush()
 .text._ZN4Uart9availableEv
                0x0000759a        0xa C:/Users/Emanuele/Documents/sloeber-workspace/Modem1/Release/arduino.ar(Uart.cpp.o)
                0x0000759a                Uart::available()
 .text._ZN4Uart4peekEv
                0x000075a4        0xa C:/Users/Emanuele/Documents/sloeber-workspace/Modem1/Release/arduino.ar(Uart.cpp.o)
                0x000075a4                Uart::peek()
 .text._ZN4Uart4readEv
                0x000075ae        0xa C:/Users/Emanuele/Documents/sloeber-workspace/Modem1/Release/arduino.ar(Uart.cpp.o)
                0x000075ae                Uart::read()
 .text._ZN4Uart5writeEh
                0x000075b8        0xc C:/Users/Emanuele/Documents/sloeber-workspace/Modem1/Release/arduino.ar(Uart.cpp.o)
                0x000075b8                Uart::write(unsigned char)
 .text._ZN4UartC2EP6SERCOMhh11SercomRXPad15SercomUartTXPad
                0x000075c4       0x48 C:/Users/Emanuele/Documents/sloeber-workspace/Modem1/Release/arduino.ar(Uart.cpp.o)
                0x000075c4                Uart::Uart(SERCOM*, unsigned char, unsigned char, SercomRXPad, SercomUartTXPad)
                0x000075c4                Uart::Uart(SERCOM*, unsigned char, unsigned char, SercomRXPad, SercomUartTXPad)
 .text._ZN4Uart10IrqHandlerEv
                0x0000760c       0x36 C:/Users/Emanuele/Documents/sloeber-workspace/Modem1/Release/arduino.ar(Uart.cpp.o)
                0x0000760c                Uart::IrqHandler()
 .text._ZN4Uart16extractNbStopBitEt
                0x00007642        0xe C:/Users/Emanuele/Documents/sloeber-workspace/Modem1/Release/arduino.ar(Uart.cpp.o)
                0x00007642                Uart::extractNbStopBit(unsigned short)
 .text._ZN4Uart15extractCharSizeEt
                0x00007650       0x2c C:/Users/Emanuele/Documents/sloeber-workspace/Modem1/Release/arduino.ar(Uart.cpp.o)
                0x00007650                Uart::extractCharSize(unsigned short)
 .text._ZN4Uart13extractParityEt
                0x0000767c       0x18 C:/Users/Emanuele/Documents/sloeber-workspace/Modem1/Release/arduino.ar(Uart.cpp.o)
                0x0000767c                Uart::extractParity(unsigned short)
 .text._ZN4Uart5beginEmt
                0x00007694       0x88 C:/Users/Emanuele/Documents/sloeber-workspace/Modem1/Release/arduino.ar(Uart.cpp.o)
                0x00007694                Uart::begin(unsigned long, unsigned short)
 .text.Dummy_Handler
                0x0000771c        0x2 C:/Users/Emanuele/Documents/sloeber-workspace/Modem1/Release/arduino.ar(cortex_handlers.c.o)
                0x0000771c                DMAC_Handler
                0x0000771c                HardFault_Handler
                0x0000771c                AC_Handler
                0x0000771c                PendSV_Handler
                0x0000771c                NMI_Handler
                0x0000771c                TC7_Handler
                0x0000771c                SERCOM1_Handler
                0x0000771c                ADC_Handler
                0x0000771c                TCC1_Handler
                0x0000771c                SERCOM2_Handler
                0x0000771c                TCC0_Handler
                0x0000771c                EIC_Handler
                0x0000771c                TC6_Handler
                0x0000771c                WDT_Handler
                0x0000771c                TC4_Handler
                0x0000771c                TC3_Handler
                0x0000771c                Dummy_Handler
                0x0000771c                PM_Handler
                0x0000771c                SVC_Handler
                0x0000771c                TCC2_Handler
                0x0000771c                EVSYS_Handler
                0x0000771c                SERCOM4_Handler
                0x0000771c                I2S_Handler
                0x0000771c                NVMCTRL_Handler
                0x0000771c                DAC_Handler
                0x0000771c                PTC_Handler
                0x0000771c                SYSCTRL_Handler
 *fill*         0x0000771e        0x2 
 .text.USB_Handler
                0x00007720       0x14 C:/Users/Emanuele/Documents/sloeber-workspace/Modem1/Release/arduino.ar(cortex_handlers.c.o)
                0x00007720                USB_Handler
 .text.Reset_Handler
                0x00007734       0x54 C:/Users/Emanuele/Documents/sloeber-workspace/Modem1/Release/arduino.ar(cortex_handlers.c.o)
                0x00007734                Reset_Handler
 .text.SysTick_Handler
                0x00007788       0x10 C:/Users/Emanuele/Documents/sloeber-workspace/Modem1/Release/arduino.ar(cortex_handlers.c.o)
                0x00007788                SysTick_Handler
 .text.USB_SetHandler
                0x00007798        0xc C:/Users/Emanuele/Documents/sloeber-workspace/Modem1/Release/arduino.ar(cortex_handlers.c.o)
                0x00007798                USB_SetHandler
 .text.millis   0x000077a4        0xc C:/Users/Emanuele/Documents/sloeber-workspace/Modem1/Release/arduino.ar(delay.c.o)
                0x000077a4                millis
 .text.delay    0x000077b0       0x20 C:/Users/Emanuele/Documents/sloeber-workspace/Modem1/Release/arduino.ar(delay.c.o)
                0x000077b0                delay
 .text.SysTick_DefaultHandler
                0x000077d0       0x14 C:/Users/Emanuele/Documents/sloeber-workspace/Modem1/Release/arduino.ar(delay.c.o)
                0x000077d0                SysTick_DefaultHandler
 .text.__empty  0x000077e4        0x2 C:/Users/Emanuele/Documents/sloeber-workspace/Modem1/Release/arduino.ar(hooks.c.o)
                0x000077e4                yield
 .text.__false  0x000077e6        0x4 C:/Users/Emanuele/Documents/sloeber-workspace/Modem1/Release/arduino.ar(hooks.c.o)
                0x000077e6                sysTickHook
 .text._Z11initVariantv
                0x000077ea        0x2 C:/Users/Emanuele/Documents/sloeber-workspace/Modem1/Release/arduino.ar(main.cpp.o)
                0x000077ea                initVariant()
 .text.startup.main
                0x000077ec       0x40 C:/Users/Emanuele/Documents/sloeber-workspace/Modem1/Release/arduino.ar(main.cpp.o)
                0x000077ec                main
 .text._Znwj    0x0000782c        0x8 C:/Users/Emanuele/Documents/sloeber-workspace/Modem1/Release/arduino.ar(new.cpp.o)
                0x0000782c                operator new(unsigned int)
 .text.SystemInit
                0x00007834      0x168 C:/Users/Emanuele/Documents/sloeber-workspace/Modem1/Release/arduino.ar(startup.c.o)
                0x00007834                SystemInit
 .text.init     0x0000799c       0xf0 C:/Users/Emanuele/Documents/sloeber-workspace/Modem1/Release/arduino.ar(wiring.c.o)
                0x0000799c                init
 .text.analogReference
                0x00007a8c       0x5c C:/Users/Emanuele/Documents/sloeber-workspace/Modem1/Release/arduino.ar(wiring_analog.c.o)
                0x00007a8c                analogReference
 .text.pinMode  0x00007ae8       0xb4 C:/Users/Emanuele/Documents/sloeber-workspace/Modem1/Release/arduino.ar(wiring_digital.c.o)
                0x00007ae8                pinMode
 .text.digitalWrite
                0x00007b9c       0x60 C:/Users/Emanuele/Documents/sloeber-workspace/Modem1/Release/arduino.ar(wiring_digital.c.o)
                0x00007b9c                digitalWrite
 .text.pinPeripheral
                0x00007bfc       0xc4 C:/Users/Emanuele/Documents/sloeber-workspace/Modem1/Release/arduino.ar(wiring_private.c.o)
                0x00007bfc                pinPeripheral
 .text._ZN13PluggableUSB_12getInterfaceEPh
                0x00007cc0       0x2a C:/Users/Emanuele/Documents/sloeber-workspace/Modem1/Release/arduino.ar(PluggableUSB.cpp.o)
                0x00007cc0                PluggableUSB_::getInterface(unsigned char*)
 .text._ZN13PluggableUSB_13getDescriptorER8USBSetup
                0x00007cea       0x20 C:/Users/Emanuele/Documents/sloeber-workspace/Modem1/Release/arduino.ar(PluggableUSB.cpp.o)
                0x00007cea                PluggableUSB_::getDescriptor(USBSetup&)
 .text._ZN13PluggableUSB_12getShortNameEPc
                0x00007d0a       0x1e C:/Users/Emanuele/Documents/sloeber-workspace/Modem1/Release/arduino.ar(PluggableUSB.cpp.o)
                0x00007d0a                PluggableUSB_::getShortName(char*)
 .text._ZN13PluggableUSB_5setupER8USBSetup
                0x00007d28       0x24 C:/Users/Emanuele/Documents/sloeber-workspace/Modem1/Release/arduino.ar(PluggableUSB.cpp.o)
                0x00007d28                PluggableUSB_::setup(USBSetup&)
 .text._Z12PluggableUSBv
                0x00007d4c       0x24 C:/Users/Emanuele/Documents/sloeber-workspace/Modem1/Release/arduino.ar(PluggableUSB.cpp.o)
                0x00007d4c                PluggableUSB()
 .text          0x00007d70       0x14 c:/program files/sloeber/arduinoplugin/packages/arduino/tools/arm-none-eabi-gcc/4.8.3-2014q1/bin/../lib/gcc/arm-none-eabi/4.8.3/armv6-m\libgcc.a(_thumb1_case_uqi.o)
                0x00007d70                __gnu_thumb1_case_uqi
 .text          0x00007d84       0x9c c:/program files/sloeber/arduinoplugin/packages/arduino/tools/arm-none-eabi-gcc/4.8.3-2014q1/bin/../lib/gcc/arm-none-eabi/4.8.3/armv6-m\libgcc.a(_udivsi3.o)
                0x00007d84                __aeabi_uidiv
                0x00007d84                __udivsi3
                0x00007e0c                __aeabi_uidivmod
 .text          0x00007e20       0xc0 c:/program files/sloeber/arduinoplugin/packages/arduino/tools/arm-none-eabi-gcc/4.8.3-2014q1/bin/../lib/gcc/arm-none-eabi/4.8.3/armv6-m\libgcc.a(_divsi3.o)
                0x00007e20                __divsi3
                0x00007e20                __aeabi_idiv
                0x00007ecc                __aeabi_idivmod
 .text          0x00007ee0        0x4 c:/program files/sloeber/arduinoplugin/packages/arduino/tools/arm-none-eabi-gcc/4.8.3-2014q1/bin/../lib/gcc/arm-none-eabi/4.8.3/armv6-m\libgcc.a(_dvmd_tls.o)
                0x00007ee0                __aeabi_idiv0
                0x00007ee0                __aeabi_ldiv0
 .text          0x00007ee4       0x7c c:/program files/sloeber/arduinoplugin/packages/arduino/tools/arm-none-eabi-gcc/4.8.3-2014q1/bin/../lib/gcc/arm-none-eabi/4.8.3/armv6-m\libgcc.a(_arm_cmpdf2.o)
                0x00007ee4                __aeabi_cdrcmple
                0x00007ef4                __aeabi_cdcmple
                0x00007ef4                __aeabi_cdcmpeq
                0x00007f04                __aeabi_dcmpeq
                0x00007f10                __aeabi_dcmplt
                0x00007f24                __aeabi_dcmple
                0x00007f38                __aeabi_dcmpgt
                0x00007f4c                __aeabi_dcmpge
 .text          0x00007f60       0x48 c:/program files/sloeber/arduinoplugin/packages/arduino/tools/arm-none-eabi-gcc/4.8.3-2014q1/bin/../lib/gcc/arm-none-eabi/4.8.3/armv6-m\libgcc.a(_aeabi_ldivmod.o)
                0x00007f60                __aeabi_ldivmod
 .text          0x00007fa8       0x44 c:/program files/sloeber/arduinoplugin/packages/arduino/tools/arm-none-eabi-gcc/4.8.3-2014q1/bin/../lib/gcc/arm-none-eabi/4.8.3/armv6-m\libgcc.a(_muldi3.o)
                0x00007fa8                __muldi3
                0x00007fa8                __aeabi_lmul
 *fill*         0x00007fec        0x4 
 .text          0x00007ff0       0x40 c:/program files/sloeber/arduinoplugin/packages/arduino/tools/arm-none-eabi-gcc/4.8.3-2014q1/bin/../lib/gcc/arm-none-eabi/4.8.3/armv6-m\libgcc.a(_fixunsdfsi.o)
                0x00007ff0                __aeabi_d2uiz
                0x00007ff0                __fixunsdfsi
 .text          0x00008030       0x70 c:/program files/sloeber/arduinoplugin/packages/arduino/tools/arm-none-eabi-gcc/4.8.3-2014q1/bin/../lib/gcc/arm-none-eabi/4.8.3/armv6-m\libgcc.a(_floatdisf.o)
                0x00008030                __aeabi_l2f
                0x00008030                __floatdisf
 .text          0x000080a0       0x6c c:/program files/sloeber/arduinoplugin/packages/arduino/tools/arm-none-eabi-gcc/4.8.3-2014q1/bin/../lib/gcc/arm-none-eabi/4.8.3/armv6-m\libgcc.a(bpabi.o)
                0x000080a0                __gnu_ldivmod_helper
                0x000080d8                __gnu_uldivmod_helper
 .text          0x0000810c      0x24c c:/program files/sloeber/arduinoplugin/packages/arduino/tools/arm-none-eabi-gcc/4.8.3-2014q1/bin/../lib/gcc/arm-none-eabi/4.8.3/armv6-m\libgcc.a(divsf3.o)
                0x0000810c                __aeabi_fdiv
 .text          0x00008358      0x254 c:/program files/sloeber/arduinoplugin/packages/arduino/tools/arm-none-eabi-gcc/4.8.3-2014q1/bin/../lib/gcc/arm-none-eabi/4.8.3/armv6-m\libgcc.a(mulsf3.o)
                0x00008358                __aeabi_fmul
 .text          0x000085ac      0x2e0 c:/program files/sloeber/arduinoplugin/packages/arduino/tools/arm-none-eabi-gcc/4.8.3-2014q1/bin/../lib/gcc/arm-none-eabi/4.8.3/armv6-m\libgcc.a(subsf3.o)
                0x000085ac                __aeabi_fsub
 .text          0x0000888c       0xb8 c:/program files/sloeber/arduinoplugin/packages/arduino/tools/arm-none-eabi-gcc/4.8.3-2014q1/bin/../lib/gcc/arm-none-eabi/4.8.3/armv6-m\libgcc.a(floatsisf.o)
                0x0000888c                __aeabi_i2f
 .text          0x00008944       0xa0 c:/program files/sloeber/arduinoplugin/packages/arduino/tools/arm-none-eabi-gcc/4.8.3-2014q1/bin/../lib/gcc/arm-none-eabi/4.8.3/armv6-m\libgcc.a(floatunsisf.o)
                0x00008944                __aeabi_ui2f
 .text          0x000089e4      0x638 c:/program files/sloeber/arduinoplugin/packages/arduino/tools/arm-none-eabi-gcc/4.8.3-2014q1/bin/../lib/gcc/arm-none-eabi/4.8.3/armv6-m\libgcc.a(adddf3.o)
                0x000089e4                __aeabi_dadd
 .text          0x0000901c      0x648 c:/program files/sloeber/arduinoplugin/packages/arduino/tools/arm-none-eabi-gcc/4.8.3-2014q1/bin/../lib/gcc/arm-none-eabi/4.8.3/armv6-m\libgcc.a(divdf3.o)
                0x0000901c                __aeabi_ddiv
 .text          0x00009664       0x94 c:/program files/sloeber/arduinoplugin/packages/arduino/tools/arm-none-eabi-gcc/4.8.3-2014q1/bin/../lib/gcc/arm-none-eabi/4.8.3/armv6-m\libgcc.a(eqdf2.o)
                0x00009664                __nedf2
                0x00009664                __eqdf2
 .text          0x000096f8       0xfc c:/program files/sloeber/arduinoplugin/packages/arduino/tools/arm-none-eabi-gcc/4.8.3-2014q1/bin/../lib/gcc/arm-none-eabi/4.8.3/armv6-m\libgcc.a(gedf2.o)
                0x000096f8                __gedf2
                0x000096f8                __gtdf2
 .text          0x000097f4       0xfc c:/program files/sloeber/arduinoplugin/packages/arduino/tools/arm-none-eabi-gcc/4.8.3-2014q1/bin/../lib/gcc/arm-none-eabi/4.8.3/armv6-m\libgcc.a(ledf2.o)
                0x000097f4                __ledf2
                0x000097f4                __ltdf2
 .text          0x000098f0      0x520 c:/program files/sloeber/arduinoplugin/packages/arduino/tools/arm-none-eabi-gcc/4.8.3-2014q1/bin/../lib/gcc/arm-none-eabi/4.8.3/armv6-m\libgcc.a(muldf3.o)
                0x000098f0                __aeabi_dmul
 .text          0x00009e10      0x654 c:/program files/sloeber/arduinoplugin/packages/arduino/tools/arm-none-eabi-gcc/4.8.3-2014q1/bin/../lib/gcc/arm-none-eabi/4.8.3/armv6-m\libgcc.a(subdf3.o)
                0x00009e10                __aeabi_dsub
 .text          0x0000a464       0x68 c:/program files/sloeber/arduinoplugin/packages/arduino/tools/arm-none-eabi-gcc/4.8.3-2014q1/bin/../lib/gcc/arm-none-eabi/4.8.3/armv6-m\libgcc.a(fixdfsi.o)
                0x0000a464                __aeabi_d2iz
 .text          0x0000a4cc       0x7c c:/program files/sloeber/arduinoplugin/packages/arduino/tools/arm-none-eabi-gcc/4.8.3-2014q1/bin/../lib/gcc/arm-none-eabi/4.8.3/armv6-m\libgcc.a(floatsidf.o)
                0x0000a4cc                __aeabi_i2d
 .text          0x0000a548       0x68 c:/program files/sloeber/arduinoplugin/packages/arduino/tools/arm-none-eabi-gcc/4.8.3-2014q1/bin/../lib/gcc/arm-none-eabi/4.8.3/armv6-m\libgcc.a(floatunsidf.o)
                0x0000a548                __aeabi_ui2d
 .text          0x0000a5b0       0xa4 c:/program files/sloeber/arduinoplugin/packages/arduino/tools/arm-none-eabi-gcc/4.8.3-2014q1/bin/../lib/gcc/arm-none-eabi/4.8.3/armv6-m\libgcc.a(extendsfdf2.o)
                0x0000a5b0                __aeabi_f2d
 .text          0x0000a654      0x118 c:/program files/sloeber/arduinoplugin/packages/arduino/tools/arm-none-eabi-gcc/4.8.3-2014q1/bin/../lib/gcc/arm-none-eabi/4.8.3/armv6-m\libgcc.a(truncdfsf2.o)
                0x0000a654                __aeabi_d2f
 .text          0x0000a76c       0x3c c:/program files/sloeber/arduinoplugin/packages/arduino/tools/arm-none-eabi-gcc/4.8.3-2014q1/bin/../lib/gcc/arm-none-eabi/4.8.3/armv6-m\libgcc.a(_clzsi2.o)
                0x0000a76c                __clzsi2
 .text          0x0000a7a8      0x3b8 c:/program files/sloeber/arduinoplugin/packages/arduino/tools/arm-none-eabi-gcc/4.8.3-2014q1/bin/../lib/gcc/arm-none-eabi/4.8.3/armv6-m\libgcc.a(_divdi3.o)
                0x0000a7a8                __divdi3
 .text          0x0000ab60      0x384 c:/program files/sloeber/arduinoplugin/packages/arduino/tools/arm-none-eabi-gcc/4.8.3-2014q1/bin/../lib/gcc/arm-none-eabi/4.8.3/armv6-m\libgcc.a(_udivdi3.o)
                0x0000ab60                __udivdi3
 .text.atoi     0x0000aee4        0xc c:/program files/sloeber/arduinoplugin/packages/arduino/tools/arm-none-eabi-gcc/4.8.3-2014q1/bin/../lib/gcc/arm-none-eabi/4.8.3/../../../../arm-none-eabi/lib/armv6-m\libc_s.a(lib_a-atoi.o)
                0x0000aee4                atoi
 .text.__errno  0x0000aef0        0xc c:/program files/sloeber/arduinoplugin/packages/arduino/tools/arm-none-eabi-gcc/4.8.3-2014q1/bin/../lib/gcc/arm-none-eabi/4.8.3/../../../../arm-none-eabi/lib/armv6-m\libc_s.a(lib_a-errno.o)
                0x0000aef0                __errno
 .text.__libc_init_array
                0x0000aefc       0x4c c:/program files/sloeber/arduinoplugin/packages/arduino/tools/arm-none-eabi-gcc/4.8.3-2014q1/bin/../lib/gcc/arm-none-eabi/4.8.3/../../../../arm-none-eabi/lib/armv6-m\libc_s.a(lib_a-init.o)
                0x0000aefc                __libc_init_array
 .text.malloc   0x0000af48       0x14 c:/program files/sloeber/arduinoplugin/packages/arduino/tools/arm-none-eabi-gcc/4.8.3-2014q1/bin/../lib/gcc/arm-none-eabi/4.8.3/../../../../arm-none-eabi/lib/armv6-m\libc_s.a(lib_a-malloc.o)
                0x0000af48                malloc
 .text.memcmp   0x0000af5c       0x1e c:/program files/sloeber/arduinoplugin/packages/arduino/tools/arm-none-eabi-gcc/4.8.3-2014q1/bin/../lib/gcc/arm-none-eabi/4.8.3/../../../../arm-none-eabi/lib/armv6-m\libc_s.a(lib_a-memcmp.o)
                0x0000af5c                memcmp
 .text.memcpy   0x0000af7a       0x12 c:/program files/sloeber/arduinoplugin/packages/arduino/tools/arm-none-eabi-gcc/4.8.3-2014q1/bin/../lib/gcc/arm-none-eabi/4.8.3/../../../../arm-none-eabi/lib/armv6-m\libc_s.a(lib_a-memcpy-stub.o)
                0x0000af7a                memcpy
 .text.memmove  0x0000af8c       0x32 c:/program files/sloeber/arduinoplugin/packages/arduino/tools/arm-none-eabi-gcc/4.8.3-2014q1/bin/../lib/gcc/arm-none-eabi/4.8.3/../../../../arm-none-eabi/lib/armv6-m\libc_s.a(lib_a-memmove.o)
                0x0000af8c                memmove
 .text.memset   0x0000afbe       0x10 c:/program files/sloeber/arduinoplugin/packages/arduino/tools/arm-none-eabi-gcc/4.8.3-2014q1/bin/../lib/gcc/arm-none-eabi/4.8.3/../../../../arm-none-eabi/lib/armv6-m\libc_s.a(lib_a-memset.o)
                0x0000afbe                memset
 *fill*         0x0000afce        0x2 
 .text._free_r  0x0000afd0       0x90 c:/program files/sloeber/arduinoplugin/packages/arduino/tools/arm-none-eabi-gcc/4.8.3-2014q1/bin/../lib/gcc/arm-none-eabi/4.8.3/../../../../arm-none-eabi/lib/armv6-m\libc_s.a(lib_a-nano-freer.o)
                0x0000afd0                _free_r
 .text._malloc_r
                0x0000b060       0xa8 c:/program files/sloeber/arduinoplugin/packages/arduino/tools/arm-none-eabi-gcc/4.8.3-2014q1/bin/../lib/gcc/arm-none-eabi/4.8.3/../../../../arm-none-eabi/lib/armv6-m\libc_s.a(lib_a-nano-mallocr.o)
                0x0000b060                _malloc_r
 .text._sbrk_r  0x0000b108       0x24 c:/program files/sloeber/arduinoplugin/packages/arduino/tools/arm-none-eabi-gcc/4.8.3-2014q1/bin/../lib/gcc/arm-none-eabi/4.8.3/../../../../arm-none-eabi/lib/armv6-m\libc_s.a(lib_a-sbrkr.o)
                0x0000b108                _sbrk_r
 .text.sprintf  0x0000b12c       0x44 c:/program files/sloeber/arduinoplugin/packages/arduino/tools/arm-none-eabi-gcc/4.8.3-2014q1/bin/../lib/gcc/arm-none-eabi/4.8.3/../../../../arm-none-eabi/lib/armv6-m\libc_s.a(lib_a-sprintf.o)
                0x0000b12c                siprintf
                0x0000b12c                sprintf
 .text.strcat   0x0000b170       0x1a c:/program files/sloeber/arduinoplugin/packages/arduino/tools/arm-none-eabi-gcc/4.8.3-2014q1/bin/../lib/gcc/arm-none-eabi/4.8.3/../../../../arm-none-eabi/lib/armv6-m\libc_s.a(lib_a-strcat.o)
                0x0000b170                strcat
 .text.strcpy   0x0000b18a       0x10 c:/program files/sloeber/arduinoplugin/packages/arduino/tools/arm-none-eabi-gcc/4.8.3-2014q1/bin/../lib/gcc/arm-none-eabi/4.8.3/../../../../arm-none-eabi/lib/armv6-m\libc_s.a(lib_a-strcpy.o)
                0x0000b18a                strcpy
 .text.strlen   0x0000b19a        0xe c:/program files/sloeber/arduinoplugin/packages/arduino/tools/arm-none-eabi-gcc/4.8.3-2014q1/bin/../lib/gcc/arm-none-eabi/4.8.3/../../../../arm-none-eabi/lib/armv6-m\libc_s.a(lib_a-strlen.o)
                0x0000b19a                strlen
 .text.strncpy  0x0000b1a8       0x28 c:/program files/sloeber/arduinoplugin/packages/arduino/tools/arm-none-eabi-gcc/4.8.3-2014q1/bin/../lib/gcc/arm-none-eabi/4.8.3/../../../../arm-none-eabi/lib/armv6-m\libc_s.a(lib_a-strncpy.o)
                0x0000b1a8                strncpy
 .text.strtok   0x0000b1d0       0x64 c:/program files/sloeber/arduinoplugin/packages/arduino/tools/arm-none-eabi-gcc/4.8.3-2014q1/bin/../lib/gcc/arm-none-eabi/4.8.3/../../../../arm-none-eabi/lib/armv6-m\libc_s.a(lib_a-strtok.o)
                0x0000b1d0                strtok
 .text.__strtok_r
                0x0000b234       0x5c c:/program files/sloeber/arduinoplugin/packages/arduino/tools/arm-none-eabi-gcc/4.8.3-2014q1/bin/../lib/gcc/arm-none-eabi/4.8.3/../../../../arm-none-eabi/lib/armv6-m\libc_s.a(lib_a-strtok_r.o)
                0x0000b234                __strtok_r
 .text._strtol_r
                0x0000b290      0x114 c:/program files/sloeber/arduinoplugin/packages/arduino/tools/arm-none-eabi-gcc/4.8.3-2014q1/bin/../lib/gcc/arm-none-eabi/4.8.3/../../../../arm-none-eabi/lib/armv6-m\libc_s.a(lib_a-strtol.o)
                0x0000b290                _strtol_r
 .text.strtol   0x0000b3a4       0x1c c:/program files/sloeber/arduinoplugin/packages/arduino/tools/arm-none-eabi-gcc/4.8.3-2014q1/bin/../lib/gcc/arm-none-eabi/4.8.3/../../../../arm-none-eabi/lib/armv6-m\libc_s.a(lib_a-strtol.o)
                0x0000b3a4                strtol
 .text.__ssputs_r
                0x0000b3c0       0xc0 c:/program files/sloeber/arduinoplugin/packages/arduino/tools/arm-none-eabi-gcc/4.8.3-2014q1/bin/../lib/gcc/arm-none-eabi/4.8.3/../../../../arm-none-eabi/lib/armv6-m\libc_s.a(lib_a-svfprintf.o)
                0x0000b3c0                __ssputs_r
 .text._svfprintf_r
                0x0000b480      0x1e0 c:/program files/sloeber/arduinoplugin/packages/arduino/tools/arm-none-eabi-gcc/4.8.3-2014q1/bin/../lib/gcc/arm-none-eabi/4.8.3/../../../../arm-none-eabi/lib/armv6-m\libc_s.a(lib_a-svfprintf.o)
                0x0000b480                _svfiprintf_r
                0x0000b480                _svfprintf_r
 .text.__cvt    0x0000b660       0xd0 c:/program files/sloeber/arduinoplugin/packages/arduino/tools/arm-none-eabi-gcc/4.8.3-2014q1/bin/../lib/gcc/arm-none-eabi/4.8.3/../../../../arm-none-eabi/lib/armv6-m\libc_s.a(lib_a-vfprintf_float.o)
                0x0000b660                __cvt
 .text.__exponent
                0x0000b730       0x6a c:/program files/sloeber/arduinoplugin/packages/arduino/tools/arm-none-eabi-gcc/4.8.3-2014q1/bin/../lib/gcc/arm-none-eabi/4.8.3/../../../../arm-none-eabi/lib/armv6-m\libc_s.a(lib_a-vfprintf_float.o)
                0x0000b730                __exponent
 *fill*         0x0000b79a        0x6 
 .text._printf_float
                0x0000b7a0      0x458 c:/program files/sloeber/arduinoplugin/packages/arduino/tools/arm-none-eabi-gcc/4.8.3-2014q1/bin/../lib/gcc/arm-none-eabi/4.8.3/../../../../arm-none-eabi/lib/armv6-m\libc_s.a(lib_a-vfprintf_float.o)
                0x0000b7a0                _printf_float
 .text._printf_common
                0x0000bbf8       0xe8 c:/program files/sloeber/arduinoplugin/packages/arduino/tools/arm-none-eabi-gcc/4.8.3-2014q1/bin/../lib/gcc/arm-none-eabi/4.8.3/../../../../arm-none-eabi/lib/armv6-m\libc_s.a(lib_a-vfprintf_i.o)
                0x0000bbf8                _printf_common
 .text._printf_i
                0x0000bce0      0x22c c:/program files/sloeber/arduinoplugin/packages/arduino/tools/arm-none-eabi-gcc/4.8.3-2014q1/bin/../lib/gcc/arm-none-eabi/4.8.3/../../../../arm-none-eabi/lib/armv6-m\libc_s.a(lib_a-vfprintf_i.o)
                0x0000bce0                _printf_i
 .text.quorem   0x0000bf0c      0x118 c:/program files/sloeber/arduinoplugin/packages/arduino/tools/arm-none-eabi-gcc/4.8.3-2014q1/bin/../lib/gcc/arm-none-eabi/4.8.3/../../../../arm-none-eabi/lib/armv6-m\libc_s.a(lib_a-dtoa.o)
 *fill*         0x0000c024        0x4 
 .text._dtoa_r  0x0000c028      0xbb8 c:/program files/sloeber/arduinoplugin/packages/arduino/tools/arm-none-eabi-gcc/4.8.3-2014q1/bin/../lib/gcc/arm-none-eabi/4.8.3/../../../../arm-none-eabi/lib/armv6-m\libc_s.a(lib_a-dtoa.o)
                0x0000c028                _dtoa_r
 .text._localeconv_r
                0x0000cbe0        0x8 c:/program files/sloeber/arduinoplugin/packages/arduino/tools/arm-none-eabi-gcc/4.8.3-2014q1/bin/../lib/gcc/arm-none-eabi/4.8.3/../../../../arm-none-eabi/lib/armv6-m\libc_s.a(lib_a-locale.o)
                0x0000cbe0                _localeconv_r
 .text.memchr   0x0000cbe8       0x16 c:/program files/sloeber/arduinoplugin/packages/arduino/tools/arm-none-eabi-gcc/4.8.3-2014q1/bin/../lib/gcc/arm-none-eabi/4.8.3/../../../../arm-none-eabi/lib/armv6-m\libc_s.a(lib_a-memchr-stub.o)
                0x0000cbe8                memchr
 .text._Balloc  0x0000cbfe       0x70 c:/program files/sloeber/arduinoplugin/packages/arduino/tools/arm-none-eabi-gcc/4.8.3-2014q1/bin/../lib/gcc/arm-none-eabi/4.8.3/../../../../arm-none-eabi/lib/armv6-m\libc_s.a(lib_a-mprec.o)
                0x0000cbfe                _Balloc
 .text._Bfree   0x0000cc6e       0x32 c:/program files/sloeber/arduinoplugin/packages/arduino/tools/arm-none-eabi-gcc/4.8.3-2014q1/bin/../lib/gcc/arm-none-eabi/4.8.3/../../../../arm-none-eabi/lib/armv6-m\libc_s.a(lib_a-mprec.o)
                0x0000cc6e                _Bfree
 .text.__multadd
                0x0000cca0       0x7c c:/program files/sloeber/arduinoplugin/packages/arduino/tools/arm-none-eabi-gcc/4.8.3-2014q1/bin/../lib/gcc/arm-none-eabi/4.8.3/../../../../arm-none-eabi/lib/armv6-m\libc_s.a(lib_a-mprec.o)
                0x0000cca0                __multadd
 .text.__hi0bits
                0x0000cd1c       0x38 c:/program files/sloeber/arduinoplugin/packages/arduino/tools/arm-none-eabi-gcc/4.8.3-2014q1/bin/../lib/gcc/arm-none-eabi/4.8.3/../../../../arm-none-eabi/lib/armv6-m\libc_s.a(lib_a-mprec.o)
                0x0000cd1c                __hi0bits
 .text.__lo0bits
                0x0000cd54       0x5a c:/program files/sloeber/arduinoplugin/packages/arduino/tools/arm-none-eabi-gcc/4.8.3-2014q1/bin/../lib/gcc/arm-none-eabi/4.8.3/../../../../arm-none-eabi/lib/armv6-m\libc_s.a(lib_a-mprec.o)
                0x0000cd54                __lo0bits
 .text.__i2b    0x0000cdae       0x12 c:/program files/sloeber/arduinoplugin/packages/arduino/tools/arm-none-eabi-gcc/4.8.3-2014q1/bin/../lib/gcc/arm-none-eabi/4.8.3/../../../../arm-none-eabi/lib/armv6-m\libc_s.a(lib_a-mprec.o)
                0x0000cdae                __i2b
 .text.__multiply
                0x0000cdc0      0x11e c:/program files/sloeber/arduinoplugin/packages/arduino/tools/arm-none-eabi-gcc/4.8.3-2014q1/bin/../lib/gcc/arm-none-eabi/4.8.3/../../../../arm-none-eabi/lib/armv6-m\libc_s.a(lib_a-mprec.o)
                0x0000cdc0                __multiply
 *fill*         0x0000cede        0x2 
 .text.__pow5mult
                0x0000cee0       0xa4 c:/program files/sloeber/arduinoplugin/packages/arduino/tools/arm-none-eabi-gcc/4.8.3-2014q1/bin/../lib/gcc/arm-none-eabi/4.8.3/../../../../arm-none-eabi/lib/armv6-m\libc_s.a(lib_a-mprec.o)
                0x0000cee0                __pow5mult
 .text.__lshift
                0x0000cf84       0xa4 c:/program files/sloeber/arduinoplugin/packages/arduino/tools/arm-none-eabi-gcc/4.8.3-2014q1/bin/../lib/gcc/arm-none-eabi/4.8.3/../../../../arm-none-eabi/lib/armv6-m\libc_s.a(lib_a-mprec.o)
                0x0000cf84                __lshift
 .text.__mcmp   0x0000d028       0x36 c:/program files/sloeber/arduinoplugin/packages/arduino/tools/arm-none-eabi-gcc/4.8.3-2014q1/bin/../lib/gcc/arm-none-eabi/4.8.3/../../../../arm-none-eabi/lib/armv6-m\libc_s.a(lib_a-mprec.o)
                0x0000d028                __mcmp
 .text.__mdiff  0x0000d05e       0xcc c:/program files/sloeber/arduinoplugin/packages/arduino/tools/arm-none-eabi-gcc/4.8.3-2014q1/bin/../lib/gcc/arm-none-eabi/4.8.3/../../../../arm-none-eabi/lib/armv6-m\libc_s.a(lib_a-mprec.o)
                0x0000d05e                __mdiff
 *fill*         0x0000d12a        0x2 
 .text.__d2b    0x0000d12c       0xb0 c:/program files/sloeber/arduinoplugin/packages/arduino/tools/arm-none-eabi-gcc/4.8.3-2014q1/bin/../lib/gcc/arm-none-eabi/4.8.3/../../../../arm-none-eabi/lib/armv6-m\libc_s.a(lib_a-mprec.o)
                0x0000d12c                __d2b
 .text._calloc_r
                0x0000d1dc       0x1c c:/program files/sloeber/arduinoplugin/packages/arduino/tools/arm-none-eabi-gcc/4.8.3-2014q1/bin/../lib/gcc/arm-none-eabi/4.8.3/../../../../arm-none-eabi/lib/armv6-m\libc_s.a(lib_a-nano-callocr.o)
                0x0000d1dc                _calloc_r
 .text._realloc_r
                0x0000d1f8       0x4c c:/program files/sloeber/arduinoplugin/packages/arduino/tools/arm-none-eabi-gcc/4.8.3-2014q1/bin/../lib/gcc/arm-none-eabi/4.8.3/../../../../arm-none-eabi/lib/armv6-m\libc_s.a(lib_a-nano-reallocr.o)
                0x0000d1f8                _realloc_r
 .text._malloc_usable_size_r
                0x0000d244       0x12 c:/program files/sloeber/arduinoplugin/packages/arduino/tools/arm-none-eabi-gcc/4.8.3-2014q1/bin/../lib/gcc/arm-none-eabi/4.8.3/../../../../arm-none-eabi/lib/armv6-m\libc_s.a(lib_a-nano-msizer.o)
                0x0000d244                _malloc_usable_size_r
 *fill*         0x0000d256        0x2 
 .text._sbrk    0x0000d258       0x34 c:/program files/sloeber/arduinoplugin/packages/arduino/tools/arm-none-eabi-gcc/4.8.3-2014q1/bin/../lib/gcc/arm-none-eabi/4.8.3/../../../../arm-none-eabi/lib/armv6-m\libnosys.a(sbrk.o)
                0x0000d258                _sbrk
 *(.init)
 .init          0x0000d28c        0x4 c:/program files/sloeber/arduinoplugin/packages/arduino/tools/arm-none-eabi-gcc/4.8.3-2014q1/bin/../lib/gcc/arm-none-eabi/4.8.3/armv6-m/crti.o
                0x0000d28c                _init
 .init          0x0000d290        0x8 c:/program files/sloeber/arduinoplugin/packages/arduino/tools/arm-none-eabi-gcc/4.8.3-2014q1/bin/../lib/gcc/arm-none-eabi/4.8.3/armv6-m/crtn.o
 *(.fini)
 .fini          0x0000d298        0x4 c:/program files/sloeber/arduinoplugin/packages/arduino/tools/arm-none-eabi-gcc/4.8.3-2014q1/bin/../lib/gcc/arm-none-eabi/4.8.3/armv6-m/crti.o
                0x0000d298                _fini
 .fini          0x0000d29c        0x8 c:/program files/sloeber/arduinoplugin/packages/arduino/tools/arm-none-eabi-gcc/4.8.3-2014q1/bin/../lib/gcc/arm-none-eabi/4.8.3/armv6-m/crtn.o
 *crtbegin.o(.ctors)
 *crtbegin?.o(.ctors)
 *(EXCLUDE_FILE(*crtend.o *crtend?.o) .ctors)
 *(SORT(.ctors.*))
 *(.ctors)
 *crtbegin.o(.dtors)
 *crtbegin?.o(.dtors)
 *(EXCLUDE_FILE(*crtend.o *crtend?.o) .dtors)
 *(SORT(.dtors.*))
 *(.dtors)
 *(.rodata*)
 .rodata.str1.1
                0x0000d2a4      0x1aa .\sloeber.ino.cpp.o
 *fill*         0x0000d44e        0x2 
 .rodata._ZTV7TwoWire
                0x0000d450       0x20 .\libraries\Wire\Wire.cpp.o
                0x0000d450                vtable for TwoWire
 .rodata._ZL11dscrc_table
                0x0000d470      0x100 .\libraries\OneWire\OneWire.cpp.o
 .rodata._ZL10command_10
                0x0000d570        0xd .\arduinoLoRaWAN\arduinoLoRaWAN.cpp.o
 .rodata._ZL10command_11
                0x0000d57d       0x15 .\arduinoLoRaWAN\arduinoLoRaWAN.cpp.o
 .rodata._ZL10command_12
                0x0000d592       0x14 .\arduinoLoRaWAN\arduinoLoRaWAN.cpp.o
 .rodata._ZL10command_13
                0x0000d5a6       0x14 .\arduinoLoRaWAN\arduinoLoRaWAN.cpp.o
 .rodata._ZL10command_14
                0x0000d5ba       0x15 .\arduinoLoRaWAN\arduinoLoRaWAN.cpp.o
 .rodata._ZL10command_15
                0x0000d5cf       0x15 .\arduinoLoRaWAN\arduinoLoRaWAN.cpp.o
 .rodata._ZL10command_16
                0x0000d5e4       0x14 .\arduinoLoRaWAN\arduinoLoRaWAN.cpp.o
 .rodata._ZL10command_17
                0x0000d5f8       0x14 .\arduinoLoRaWAN\arduinoLoRaWAN.cpp.o
 .rodata._ZL10command_18
                0x0000d60c       0x10 .\arduinoLoRaWAN\arduinoLoRaWAN.cpp.o
 .rodata._ZL10command_19
                0x0000d61c       0x11 .\arduinoLoRaWAN\arduinoLoRaWAN.cpp.o
 .rodata._ZL10command_50
                0x0000d62d       0x14 .\arduinoLoRaWAN\arduinoLoRaWAN.cpp.o
 .rodata._ZL10command_51
                0x0000d641       0x15 .\arduinoLoRaWAN\arduinoLoRaWAN.cpp.o
 .rodata._ZL10command_52
                0x0000d656       0x13 .\arduinoLoRaWAN\arduinoLoRaWAN.cpp.o
 .rodata._ZL10command_53
                0x0000d669       0x12 .\arduinoLoRaWAN\arduinoLoRaWAN.cpp.o
 .rodata._ZL10command_54
                0x0000d67b       0x14 .\arduinoLoRaWAN\arduinoLoRaWAN.cpp.o
 .rodata._ZL10command_55
                0x0000d68f       0x12 .\arduinoLoRaWAN\arduinoLoRaWAN.cpp.o
 .rodata._ZL10command_56
                0x0000d6a1       0x10 .\arduinoLoRaWAN\arduinoLoRaWAN.cpp.o
 .rodata._ZL10command_57
                0x0000d6b1       0x11 .\arduinoLoRaWAN\arduinoLoRaWAN.cpp.o
 .rodata._ZL10command_58
                0x0000d6c2       0x10 .\arduinoLoRaWAN\arduinoLoRaWAN.cpp.o
 .rodata._ZL10command_59
                0x0000d6d2        0xf .\arduinoLoRaWAN\arduinoLoRaWAN.cpp.o
 .rodata._ZL9answer_10
                0x0000d6e1        0x4 .\arduinoLoRaWAN\arduinoLoRaWAN.cpp.o
 .rodata._ZL9answer_11
                0x0000d6e5        0xb .\arduinoLoRaWAN\arduinoLoRaWAN.cpp.o
 .rodata._ZL9answer_12
                0x0000d6f0        0xa .\arduinoLoRaWAN\arduinoLoRaWAN.cpp.o
 .rodata._ZL9answer_13
                0x0000d6fa        0x3 .\arduinoLoRaWAN\arduinoLoRaWAN.cpp.o
 .rodata._ZL9answer_14
                0x0000d6fd        0xb .\arduinoLoRaWAN\arduinoLoRaWAN.cpp.o
 .rodata._ZL9answer_15
                0x0000d708        0x8 .\arduinoLoRaWAN\arduinoLoRaWAN.cpp.o
 .rodata._ZL9answer_16
                0x0000d710       0x11 .\arduinoLoRaWAN\arduinoLoRaWAN.cpp.o
 .rodata._ZL9answer_17
                0x0000d721        0xe .\arduinoLoRaWAN\arduinoLoRaWAN.cpp.o
 .rodata._ZL9answer_18
                0x0000d72f        0xb .\arduinoLoRaWAN\arduinoLoRaWAN.cpp.o
 .rodata._ZL9answer_19
                0x0000d73a        0x7 .\arduinoLoRaWAN\arduinoLoRaWAN.cpp.o
 .rodata._ZL10command_20
                0x0000d741       0x19 .\arduinoLoRaWAN\arduinoLoRaWAN.cpp.o
 .rodata._ZL10command_21
                0x0000d75a       0x1a .\arduinoLoRaWAN\arduinoLoRaWAN.cpp.o
 .rodata._ZL10command_22
                0x0000d774       0x1e .\arduinoLoRaWAN\arduinoLoRaWAN.cpp.o
 .rodata._ZL10command_23
                0x0000d792       0x1a .\arduinoLoRaWAN\arduinoLoRaWAN.cpp.o
 .rodata._ZL10command_24
                0x0000d7ac       0x12 .\arduinoLoRaWAN\arduinoLoRaWAN.cpp.o
 .rodata._ZL10command_25
                0x0000d7be       0x11 .\arduinoLoRaWAN\arduinoLoRaWAN.cpp.o
 .rodata._ZL10command_26
                0x0000d7cf       0x11 .\arduinoLoRaWAN\arduinoLoRaWAN.cpp.o
 .rodata._ZL10command_27
                0x0000d7e0        0xd .\arduinoLoRaWAN\arduinoLoRaWAN.cpp.o
 .rodata._ZL10command_28
                0x0000d7ed        0xf .\arduinoLoRaWAN\arduinoLoRaWAN.cpp.o
 .rodata._ZL10command_29
                0x0000d7fc       0x11 .\arduinoLoRaWAN\arduinoLoRaWAN.cpp.o
 .rodata._ZL9answer_22
                0x0000d80d        0x3 .\arduinoLoRaWAN\arduinoLoRaWAN.cpp.o
 .rodata._ZL10command_60
                0x0000d810       0x11 .\arduinoLoRaWAN\arduinoLoRaWAN.cpp.o
 .rodata._ZL10command_61
                0x0000d821       0x14 .\arduinoLoRaWAN\arduinoLoRaWAN.cpp.o
 .rodata._ZL10command_62
                0x0000d835        0xf .\arduinoLoRaWAN\arduinoLoRaWAN.cpp.o
 .rodata._ZL10command_63
                0x0000d844       0x10 .\arduinoLoRaWAN\arduinoLoRaWAN.cpp.o
 .rodata._ZL10command_64
                0x0000d854        0xf .\arduinoLoRaWAN\arduinoLoRaWAN.cpp.o
 .rodata._ZL10command_65
                0x0000d863       0x10 .\arduinoLoRaWAN\arduinoLoRaWAN.cpp.o
 .rodata._ZL10command_66
                0x0000d873       0x10 .\arduinoLoRaWAN\arduinoLoRaWAN.cpp.o
 .rodata._ZL10command_67
                0x0000d883       0x12 .\arduinoLoRaWAN\arduinoLoRaWAN.cpp.o
 .rodata._ZL10command_68
                0x0000d895        0xe .\arduinoLoRaWAN\arduinoLoRaWAN.cpp.o
 .rodata._ZL10command_69
                0x0000d8a3       0x12 .\arduinoLoRaWAN\arduinoLoRaWAN.cpp.o
 .rodata._ZL9answer_20
                0x0000d8b5        0x7 .\arduinoLoRaWAN\arduinoLoRaWAN.cpp.o
 .rodata._ZL9answer_21
                0x0000d8bc        0xe .\arduinoLoRaWAN\arduinoLoRaWAN.cpp.o
 .rodata._ZL10command_30
                0x0000d8ca        0xe .\arduinoLoRaWAN\arduinoLoRaWAN.cpp.o
 .rodata._ZL10command_31
                0x0000d8d8       0x13 .\arduinoLoRaWAN\arduinoLoRaWAN.cpp.o
 .rodata._ZL10command_32
                0x0000d8eb        0xf .\arduinoLoRaWAN\arduinoLoRaWAN.cpp.o
 .rodata._ZL10command_33
                0x0000d8fa        0xf .\arduinoLoRaWAN\arduinoLoRaWAN.cpp.o
 .rodata._ZL10command_34
                0x0000d909       0x11 .\arduinoLoRaWAN\arduinoLoRaWAN.cpp.o
 .rodata._ZL10command_35